192.168.2.2 - - [12/Oct/2010:16:36:03 -0700] "GET http://www.craigslist.org/js/toChecklist.js HTTP/1.1" - - "http://vancouver.en.craigslist.ca/muc/" "Mozilla/5.0 (Windows; U; Windows NT 5.1; en-US; rv:1.9.2.10) Gecko/20100914 Firefox/3.6.10"
192.168.2.2 - - [12/Oct/2010:16:36:03 -0700] "GET http://www.craigslist.org/js/jquery.form-defaults.js HTTP/1.1" - - "http://vancouver.en.craigslist.ca/muc/" "Mozilla/5.0 (Windows; U; Windows NT 5.1; en-US; rv:1.9.2.10) Gecko/20100914 Firefox/3.6.10"
192.168.2.3 - - [12/Oct/2010:16:36:03 -0700] "GET http://ad.bodybuilding.com/www/delivery/avw.php?zoneid=6&n=ad63cc81&ct0={clickurl} HTTP/1.1" - - "http://forum.bodybuilding.com/forumdisplay.php?f=19" "Mozilla/5.0 (Windows; U; Windows NT 5.1; en-US; rv:1.9.2.10) Gecko/20100914 Firefox/3.6.10 ( .NET CLR 3.5.30729)"
192.168.2.3 - - [12/Oct/2010:16:36:03 -0700] "GET http://ad.bodybuilding.com/www/delivery/avw.php?zoneid=5&cb={random}&n=a5579ff4&ct0={clickurl} HTTP/1.1" - - "http://forum.bodybuilding.com/forumdisplay.php?f=19" "Mozilla/5.0 (Windows; U; Windows NT 5.1; en-US; rv:1.9.2.10) Gecko/20100914 Firefox/3.6.10 ( .NET CLR 3.5.30729)"
192.168.2.3 - - [12/Oct/2010:16:36:03 -0700] "GET http://ad.bodybuilding.com/www/images/220_60_shotgun.jpg?e2a7d8f038 HTTP/1.1" - - "http://forum.bodybuilding.com/forumdisplay.php?f=19" "Mozilla/5.0 (Windows; U; Windows NT 5.1; en-US; rv:1.9.2.10) Gecko/20100914 Firefox/3.6.10 ( .NET CLR 3.5.30729)"
192.168.2.3 - - [12/Oct/2010:16:36:03 -0700] "GET http://ad.bodybuilding.com/www/images/video_trainer220_60.jpg?261af947b7 HTTP/1.1" - - "http://forum.bodybuilding.com/forumdisplay.php?f=19" "Mozilla/5.0 (Windows; U; Windows NT 5.1; en-US; rv:1.9.2.10) Gecko/20100914 Firefox/3.6.10 ( .NET CLR 3.5.30729)"
192.168.2.3 - - [12/Oct/2010:16:36:05 -0700] "GET http://forum.bodybuilding.com/showthread.php?t=128256461 HTTP/1.1" - - "http://forum.bodybuilding.com/forumdisplay.php?f=19" "Mozilla/5.0 (Windows; U; Windows NT 5.1; en-US; rv:1.9.2.10) Gecko/20100914 Firefox/3.6.10 ( .NET CLR 3.5.30729)"
192.168.2.3 - - [12/Oct/2010:16:36:06 -0700] "GET http://forum.bodybuilding.com/clientscript/vbulletin_important.css?v=382 HTTP/1.1" - - "http://forum.bodybuilding.com/showthread.php?t=128256461" "Mozilla/5.0 (Windows; U; Windows NT 5.1; en-US; rv:1.9.2.10) Gecko/20100914 Firefox/3.6.10 ( .NET CLR 3.5.30729)"
192.168.2.3 - - [12/Oct/2010:16:36:06 -0700] "GET http://forum.bodybuilding.com/clientscript/yui/yahoo-dom-event/yahoo-dom-event.js?v=382 HTTP/1.1" - - "http://forum.bodybuilding.com/showthread.php?t=128256461" "Mozilla/5.0 (Windows; U; Windows NT 5.1; en-US; rv:1.9.2.10) Gecko/20100914 Firefox/3.6.10 ( .NET CLR 3.5.30729)"
192.168.2.3 - - [12/Oct/2010:16:36:06 -0700] "GET http://forum.bodybuilding.com/clientscript/yui/connection/connection-min.js?v=382 HTTP/1.1" - - "http://forum.bodybuilding.com/showthread.php?t=128256461" "Mozilla/5.0 (Windows; U; Windows NT 5.1; en-US; rv:1.9.2.10) Gecko/20100914 Firefox/3.6.10 ( .NET CLR 3.5.30729)"
192.168.2.3 - - [12/Oct/2010:16:36:06 -0700] "GET http://forum.bodybuilding.com/clientscript/vbulletin_global.js?v=382 HTTP/1.1" - - "http://forum.bodybuilding.com/showthread.php?t=128256461" "Mozilla/5.0 (Windows; U; Windows NT 5.1; en-US; rv:1.9.2.10) Gecko/20100914 Firefox/3.6.10 ( .NET CLR 3.5.30729)"
192.168.2.3 - - [12/Oct/2010:16:36:06 -0700] "GET http://forum.bodybuilding.com/clientscript/vbulletin_menu.js?v=382 HTTP/1.1" - - "http://forum.bodybuilding.com/showthread.php?t=128256461" "Mozilla/5.0 (Windows; U; Windows NT 5.1; en-US; rv:1.9.2.10) Gecko/20100914 Firefox/3.6.10 ( .NET CLR 3.5.30729)"
192.168.2.3 - - [12/Oct/2010:16:36:06 -0700] "GET http://forum.bodybuilding.com/clientscript/vbulletin_post_loader.js?v=382 HTTP/1.1" - - "http://forum.bodybuilding.com/showthread.php?t=128256461" "Mozilla/5.0 (Windows; U; Windows NT 5.1; en-US; rv:1.9.2.10) Gecko/20100914 Firefox/3.6.10 ( .NET CLR 3.5.30729)"
192.168.2.3 - - [12/Oct/2010:16:36:06 -0700] "GET http://forum.bodybuilding.com/clientscript/vbulletin_editor.css?v=382 HTTP/1.1" - - "http://forum.bodybuilding.com/showthread.php?t=128256461" "Mozilla/5.0 (Windows; U; Windows NT 5.1; en-US; rv:1.9.2.10) Gecko/20100914 Firefox/3.6.10 ( .NET CLR 3.5.30729)"
192.168.2.3 - - [12/Oct/2010:16:36:06 -0700] "GET http://ad.bodybuilding.com/www/delivery/avw.php?zoneid=5&cb={random}&n=a5579ff4&ct0={clickurl} HTTP/1.1" - - "http://forum.bodybuilding.com/showthread.php?t=128256461" "Mozilla/5.0 (Windows; U; Windows NT 5.1; en-US; rv:1.9.2.10) Gecko/20100914 Firefox/3.6.10 ( .NET CLR 3.5.30729)"
192.168.2.3 - - [12/Oct/2010:16:36:06 -0700] "GET http://ad.bodybuilding.com/www/delivery/avw.php?zoneid=6&n=ad63cc81&ct0={clickurl} HTTP/1.1" - - "http://forum.bodybuilding.com/showthread.php?t=128256461" "Mozilla/5.0 (Windows; U; Windows NT 5.1; en-US; rv:1.9.2.10) Gecko/20100914 Firefox/3.6.10 ( .NET CLR 3.5.30729)"
192.168.2.3 - - [12/Oct/2010:16:36:06 -0700] "GET http://forum.bodybuilding.com/clientscript/vbulletin_ajax_reputation.js?v=382 HTTP/1.1" - - "http://forum.bodybuilding.com/showthread.php?t=128256461" "Mozilla/5.0 (Windows; U; Windows NT 5.1; en-US; rv:1.9.2.10) Gecko/20100914 Firefox/3.6.10 ( .NET CLR 3.5.30729)"
192.168.2.3 - - [12/Oct/2010:16:36:06 -0700] "GET http://bodyspace.bodybuilding.com/img/user_images/growable/2010/08/06/27143571/profilepic/1WqjDkMfaZhXJsryR3bEdbx2PQEXa794a.jpeg HTTP/1.1" - - "http://forum.bodybuilding.com/showthread.php?t=128256461" "Mozilla/5.0 (Windows; U; Windows NT 5.1; en-US; rv:1.9.2.10) Gecko/20100914 Firefox/3.6.10 ( .NET CLR 3.5.30729)"
192.168.2.3 - - [12/Oct/2010:16:36:06 -0700] "GET http://bodyspace.bodybuilding.com/img/user_images/growable/2008/07/18/13404272/profilepic/2057132a.jpg HTTP/1.1" - - "http://forum.bodybuilding.com/showthread.php?t=128256461" "Mozilla/5.0 (Windows; U; Windows NT 5.1; en-US; rv:1.9.2.10) Gecko/20100914 Firefox/3.6.10 ( .NET CLR 3.5.30729)"
192.168.2.3 - - [12/Oct/2010:16:36:06 -0700] "GET http://bodyspace.bodybuilding.com/img/user_images/growable/2009/12/24/24337981/profilepic/1J4UWD65545YjnwXeFmhKreCZkOSt00660a.jpeg HTTP/1.1" - - "http://forum.bodybuilding.com/showthread.php?t=128256461" "Mozilla/5.0 (Windows; U; Windows NT 5.1; en-US; rv:1.9.2.10) Gecko/20100914 Firefox/3.6.10 ( .NET CLR 3.5.30729)"
192.168.2.3 - - [12/Oct/2010:16:36:06 -0700] "GET http://bodyspace.bodybuilding.com/img/user_images/growable/2010/09/29/29571702/profilepic/1IiOmfhS9SeYcL18FYOBNXORQi9oj1140a.jpeg HTTP/1.1" - - "http://forum.bodybuilding.com/showthread.php?t=128256461" "Mozilla/5.0 (Windows; U; Windows NT 5.1; en-US; rv:1.9.2.10) Gecko/20100914 Firefox/3.6.10 ( .NET CLR 3.5.30729)"
192.168.2.3 - - [12/Oct/2010:16:36:06 -0700] "GET http://bodyspace.bodybuilding.com/img/user_images/growable/2010/08/25/25436031/profilepic/1t2vQ2kOIUp94qT2OEVDKc0viwiH81020a.jpeg HTTP/1.1" - - "http://forum.bodybuilding.com/showthread.php?t=128256461" "Mozilla/5.0 (Windows; U; Windows NT 5.1; en-US; rv:1.9.2.10) Gecko/20100914 Firefox/3.6.10 ( .NET CLR 3.5.30729)"
192.168.2.3 - - [12/Oct/2010:16:36:06 -0700] "GET http://bodyspace.bodybuilding.com/img/user_images/growable/2010/01/01/21318692/profilepic/1Qa2pCiRSaEGl0k2lbLFN54J8F7naP1532a.jpeg HTTP/1.1" - - "http://forum.bodybuilding.com/showthread.php?t=128256461" "Mozilla/5.0 (Windows; U; Windows NT 5.1; en-US; rv:1.9.2.10) Gecko/20100914 Firefox/3.6.10 ( .NET CLR 3.5.30729)"
192.168.2.3 - - [12/Oct/2010:16:36:06 -0700] "GET http://ad.bodybuilding.com/www/images/220x60_nont.jpg?93b7674261 HTTP/1.1" - - "http://forum.bodybuilding.com/showthread.php?t=128256461" "Mozilla/5.0 (Windows; U; Windows NT 5.1; en-US; rv:1.9.2.10) Gecko/20100914 Firefox/3.6.10 ( .NET CLR 3.5.30729)"
192.168.2.3 - - [12/Oct/2010:16:36:06 -0700] "GET http://bodyspace.bodybuilding.com/img/user_images/growable/2008/04/20/11026524/profilepic/1534312a.jpg HTTP/1.1" - - "http://forum.bodybuilding.com/showthread.php?t=128256461" "Mozilla/5.0 (Windows; U; Windows NT 5.1; en-US; rv:1.9.2.10) Gecko/20100914 Firefox/3.6.10 ( .NET CLR 3.5.30729)"
192.168.2.3 - - [12/Oct/2010:16:36:06 -0700] "GET http://bodyspace.bodybuilding.com/img/user_images/growable/2010/10/04/19857252/profilepic/1IEJasb4IuTSf6GnCyn9opjivMiK613a.jpeg HTTP/1.1" - - "http://forum.bodybuilding.com/showthread.php?t=128256461" "Mozilla/5.0 (Windows; U; Windows NT 5.1; en-US; rv:1.9.2.10) Gecko/20100914 Firefox/3.6.10 ( .NET CLR 3.5.30729)"
192.168.2.3 - - [12/Oct/2010:16:36:06 -0700] "GET http://bodyspace.bodybuilding.com/img/user_images/growable/2010/10/12/26668811/profilepic/1R51JtPySvXJBNBrP2D8IMtP28a30R1485a.jpeg HTTP/1.1" - - "http://forum.bodybuilding.com/showthread.php?t=128256461" "Mozilla/5.0 (Windows; U; Windows NT 5.1; en-US; rv:1.9.2.10) Gecko/20100914 Firefox/3.6.10 ( .NET CLR 3.5.30729)"
192.168.2.2 - - [12/Oct/2010:16:36:06 -0700] "GET http://feeds.penny-arcade.com/~r/pa-mainsite/~3/xVJr2ycTq04/ HTTP/1.1" - - "-" "Mozilla/5.0 (Windows; U; Windows NT 5.1; en-US; rv:1.9.2.10) Gecko/20100914 Firefox/3.6.10"
192.168.2.3 - - [12/Oct/2010:16:36:06 -0700] "GET http://bodyspace.bodybuilding.com/img/user_images/growable/2009/12/08/14148062/profilepic/19IV6zebrKqH6M3u9okcMPYGWtu1rj941a.jpeg HTTP/1.1" - - "http://forum.bodybuilding.com/showthread.php?t=128256461" "Mozilla/5.0 (Windows; U; Windows NT 5.1; en-US; rv:1.9.2.10) Gecko/20100914 Firefox/3.6.10 ( .NET CLR 3.5.30729)"
192.168.2.3 - - [12/Oct/2010:16:36:06 -0700] "GET http://forum.bodybuilding.com/clientscript/vbulletin_lightbox.js?v=382 HTTP/1.1" - - "http://forum.bodybuilding.com/showthread.php?t=128256461" "Mozilla/5.0 (Windows; U; Windows NT 5.1; en-US; rv:1.9.2.10) Gecko/20100914 Firefox/3.6.10 ( .NET CLR 3.5.30729)"
192.168.2.2 - - [12/Oct/2010:16:36:06 -0700] "GET http://www.penny-arcade.com/comic/2010/10/11/whats-not/?utm_source=feedburner&utm_medium=feed&utm_campaign=Feed%3A+pa-mainsite+%28Penny+Arcade%29 HTTP/1.1" - - "-" "Mozilla/5.0 (Windows; U; Windows NT 5.1; en-US; rv:1.9.2.10) Gecko/20100914 Firefox/3.6.10"
192.168.2.3 - - [12/Oct/2010:16:36:06 -0700] "GET http://ad.bodybuilding.com/www/images/specials_forum.jpg?32cc9ac499 HTTP/1.1" - - "http://forum.bodybuilding.com/showthread.php?t=128256461" "Mozilla/5.0 (Windows; U; Windows NT 5.1; en-US; rv:1.9.2.10) Gecko/20100914 Firefox/3.6.10 ( .NET CLR 3.5.30729)"
192.168.2.3 - - [12/Oct/2010:16:36:07 -0700] "GET http://forum.bodybuilding.com/clientscript/vbulletin_multi_quote.js?v=382 HTTP/1.1" - - "http://forum.bodybuilding.com/showthread.php?t=128256461" "Mozilla/5.0 (Windows; U; Windows NT 5.1; en-US; rv:1.9.2.10) Gecko/20100914 Firefox/3.6.10 ( .NET CLR 3.5.30729)"
192.168.2.3 - - [12/Oct/2010:16:36:07 -0700] "GET http://forum.bodybuilding.com/clientscript/vbulletin_textedit.js?v=382 HTTP/1.1" - - "http://forum.bodybuilding.com/showthread.php?t=128256461" "Mozilla/5.0 (Windows; U; Windows NT 5.1; en-US; rv:1.9.2.10) Gecko/20100914 Firefox/3.6.10 ( .NET CLR 3.5.30729)"
192.168.2.2 - - [12/Oct/2010:16:36:07 -0700] "GET http://www.penny-arcade.com/stylesheets/compressed/pa-57cfe9e1c18defc57bc28f3d8d97a241.css HTTP/1.1" - - "http://www.penny-arcade.com/comic/2010/10/11/whats-not/?utm_source=feedburner&utm_medium=feed&utm_campaign=Feed%3A+pa-mainsite+%28Penny+Arcade%29" "Mozilla/5.0 (Windows; U; Windows NT 5.1; en-US; rv:1.9.2.10) Gecko/20100914 Firefox/3.6.10"
192.168.2.2 - - [12/Oct/2010:16:36:07 -0700] "GET http://www.penny-arcade.com/scripts/compressed/pa-c539ca4d4821dcd2bb073738957589c7.js HTTP/1.1" - - "http://www.penny-arcade.com/comic/2010/10/11/whats-not/?utm_source=feedburner&utm_medium=feed&utm_campaign=Feed%3A+pa-mainsite+%28Penny+Arcade%29" "Mozilla/5.0 (Windows; U; Windows NT 5.1; en-US; rv:1.9.2.10) Gecko/20100914 Firefox/3.6.10"
192.168.2.2 - - [12/Oct/2010:16:36:07 -0700] "GET http://www.penny-arcade.com/images/tpl/logo.png HTTP/1.1" - - "http://www.penny-arcade.com/comic/2010/10/11/whats-not/?utm_source=feedburner&utm_medium=feed&utm_campaign=Feed%3A+pa-mainsite+%28Penny+Arcade%29" "Mozilla/5.0 (Windows; U; Windows NT 5.1; en-US; rv:1.9.2.10) Gecko/20100914 Firefox/3.6.10"
192.168.2.2 - - [12/Oct/2010:16:36:07 -0700] "GET http://art.penny-arcade.com/photos/1043242901_D8qj7-L.jpg HTTP/1.1" - - "http://www.penny-arcade.com/comic/2010/10/11/whats-not/?utm_source=feedburner&utm_medium=feed&utm_campaign=Feed%3A+pa-mainsite+%28Penny+Arcade%29" "Mozilla/5.0 (Windows; U; Windows NT 5.1; en-US; rv:1.9.2.10) Gecko/20100914 Firefox/3.6.10"
192.168.2.3 - - [12/Oct/2010:16:36:07 -0700] "GET http://forum.bodybuilding.com/clientscript/vbulletin_quick_edit.js?v=382 HTTP/1.1" - - "http://forum.bodybuilding.com/showthread.php?t=128256461" "Mozilla/5.0 (Windows; U; Windows NT 5.1; en-US; rv:1.9.2.10) Gecko/20100914 Firefox/3.6.10 ( .NET CLR 3.5.30729)"
192.168.2.3 - - [12/Oct/2010:16:36:07 -0700] "GET http://forum.bodybuilding.com/clientscript/vbulletin_quick_reply.js?v=382 HTTP/1.1" - - "http://forum.bodybuilding.com/showthread.php?t=128256461" "Mozilla/5.0 (Windows; U; Windows NT 5.1; en-US; rv:1.9.2.10) Gecko/20100914 Firefox/3.6.10 ( .NET CLR 3.5.30729)"
192.168.2.3 - - [12/Oct/2010:16:36:07 -0700] "GET http://forum.bodybuilding.com/clientscript/vbulletin_ajax_threadrate.js?v=382 HTTP/1.1" - - "http://forum.bodybuilding.com/showthread.php?t=128256461" "Mozilla/5.0 (Windows; U; Windows NT 5.1; en-US; rv:1.9.2.10) Gecko/20100914 Firefox/3.6.10 ( .NET CLR 3.5.30729)"
192.168.2.2 - - [12/Oct/2010:16:36:07 -0700] "GET http://www.penny-arcade.com/images/tpl/nav_bg.png?248.1 HTTP/1.1" - - "http://www.penny-arcade.com/stylesheets/compressed/pa-57cfe9e1c18defc57bc28f3d8d97a241.css" "Mozilla/5.0 (Windows; U; Windows NT 5.1; en-US; rv:1.9.2.10) Gecko/20100914 Firefox/3.6.10"
192.168.2.2 - - [12/Oct/2010:16:36:07 -0700] "GET http://www.penny-arcade.com/images/tpl/nav_active.png HTTP/1.1" - - "http://www.penny-arcade.com/stylesheets/compressed/pa-57cfe9e1c18defc57bc28f3d8d97a241.css" "Mozilla/5.0 (Windows; U; Windows NT 5.1; en-US; rv:1.9.2.10) Gecko/20100914 Firefox/3.6.10"
192.168.2.2 - - [12/Oct/2010:16:36:07 -0700] "GET http://www.penny-arcade.com/images/tpl/nav_other.png HTTP/1.1" - - "http://www.penny-arcade.com/stylesheets/compressed/pa-57cfe9e1c18defc57bc28f3d8d97a241.css" "Mozilla/5.0 (Windows; U; Windows NT 5.1; en-US; rv:1.9.2.10) Gecko/20100914 Firefox/3.6.10"
192.168.2.2 - - [12/Oct/2010:16:36:07 -0700] "GET http://c.compete.com/bootstrap/3274ab96945014ae7a3e2c3b30911955/bootstrap.js HTTP/1.1" - - "http://www.penny-arcade.com/comic/2010/10/11/whats-not/?utm_source=feedburner&utm_medium=feed&utm_campaign=Feed%3A+pa-mainsite+%28Penny+Arcade%29" "Mozilla/5.0 (Windows; U; Windows NT 5.1; en-US; rv:1.9.2.10) Gecko/20100914 Firefox/3.6.10"
192.168.2.2 - - [12/Oct/2010:16:36:07 -0700] "GET http://pubads.g.doubleclick.net/gampad/ads?correlator=1286926570097&output=json_html&callback=GA_googleSetAdContentsBySlotForSync&impl=s&client=ca-pub-3222936370827379&slotname=Comic_Horizontal&page_slots=Comic_Horizontal&cookie=ID%3Dfb85971f9dc3fbfb%3AT%3D1286910710%3AS%3DALNI_MadSkEQzJnrc4yJXuTNuPaRASIufQ&ga_vid=479983323.1286910713&ga_sid=1286926570&ga_hid=799306955&ga_fc=true&url=http%3A%2F%2Fwww.penny-arcade.com%2Fcomic%2F2010%2F10%2F11%2Fwhats-not%2F%3Futm_source%3Dfeedburner%26utm_medium%3Dfeed%26utm_campaign%3DFeed%253A%2Bpa-mainsite%2B%2528Penny%2BArcade%2529&lmt=1286926569&dt=1286926570110&cc=100&biw=1280&bih=583&ifi=1&adk=2168621180&u_tz=-420&u_his=7&u_h=800&u_w=1280&u_ah=770&u_aw=1280&u_cd=24&u_nplug=4&u_nmime=12&flash=10.1.82 HTTP/1.1" - - "http://www.penny-arcade.com/comic/2010/10/11/whats-not/?utm_source=feedburner&utm_medium=feed&utm_campaign=Feed%3A+pa-mainsite+%28Penny+Arcade%29" "Mozilla/5.0 (Windows; U; Windows NT 5.1; en-US; rv:1.9.2.10) Gecko/20100914 Firefox/3.6.10"
192.168.2.2 - - [12/Oct/2010:16:36:07 -0700] "GET http://www.google-analytics.com/__utm.gif?utmwv=4.8.6&utmn=1176379801&utmhn=www.penny-arcade.com&utmcs=UTF-8&utmsr=1280x800&utmsc=24-bit&utmul=en-us&utmje=0&utmfl=10.1%20r82&utmdt=Penny%20Arcade!%20-%20What%27s%20Not%20To%20Like&utmhid=799306955&utmr=-&utmp=%2Fcomic%2F2010%2F10%2F11%2Fwhats-not%2F%3Futm_source%3Dfeedburner%26utm_medium%3Dfeed%26utm_campaign%3DFeed%25253A%2Bpa-mainsite%2B%252528Penny%2BArcade%252529&utmac=UA-589570-1&utmcc=__utma%3D84531096.479983323.1286910713.1286910713.1286926570.2%3B%2B__utmz%3D84531096.1286926570.2.2.utmcsr%3Dfeedburner%7Cutmccn%3DFeed%3A%2520pa-mainsite%2520(Penny%2520Arcade)%7Cutmcmd%3Dfeed%3B&utmu=q HTTP/1.1" - - "http://www.penny-arcade.com/comic/2010/10/11/whats-not/?utm_source=feedburner&utm_medium=feed&utm_campaign=Feed%3A+pa-mainsite+%28Penny+Arcade%29" "Mozilla/5.0 (Windows; U; Windows NT 5.1; en-US; rv:1.9.2.10) Gecko/20100914 Firefox/3.6.10"
192.168.2.2 - - [12/Oct/2010:16:36:07 -0700] "GET http://trgc.opt.fimserve.com/fp.gif?pixelid=738-019771&rnd=1264326769879 HTTP/1.1" - - "http://www.penny-arcade.com/comic/2010/10/11/whats-not/?utm_source=feedburner&utm_medium=feed&utm_campaign=Feed%3A+pa-mainsite+%28Penny+Arcade%29" "Mozilla/5.0 (Windows; U; Windows NT 5.1; en-US; rv:1.9.2.10) Gecko/20100914 Firefox/3.6.10"
192.168.2.2 - - [12/Oct/2010:16:36:07 -0700] "GET http://www.penny-arcade.com/images/tpl/spam_submit.png HTTP/1.1" - - "http://www.penny-arcade.com/comic/2010/10/11/whats-not/?utm_source=feedburner&utm_medium=feed&utm_campaign=Feed%3A+pa-mainsite+%28Penny+Arcade%29" "Mozilla/5.0 (Windows; U; Windows NT 5.1; en-US; rv:1.9.2.10) Gecko/20100914 Firefox/3.6.10"
192.168.2.2 - - [12/Oct/2010:16:36:07 -0700] "GET http://www.penny-arcade.com/images/tpl/spam_label.png HTTP/1.1" - - "http://www.penny-arcade.com/stylesheets/compressed/pa-57cfe9e1c18defc57bc28f3d8d97a241.css" "Mozilla/5.0 (Windows; U; Windows NT 5.1; en-US; rv:1.9.2.10) Gecko/20100914 Firefox/3.6.10"
192.168.2.2 - - [12/Oct/2010:16:36:07 -0700] "GET http://art.penny-arcade.com/photos/1043242901_D8qj7-L.jpg HTTP/1.1" - - "http://www.penny-arcade.com/comic/2010/10/11/whats-not/?utm_source=feedburner&utm_medium=feed&utm_campaign=Feed%3A+pa-mainsite+%28Penny+Arcade%29" "Mozilla/5.0 (Windows; U; Windows NT 5.1; en-US; rv:1.9.2.10) Gecko/20100914 Firefox/3.6.10"
192.168.2.2 - - [12/Oct/2010:16:36:07 -0700] "GET http://www.penny-arcade.com/images/tpl/button_first.png HTTP/1.1" - - "http://www.penny-arcade.com/stylesheets/compressed/pa-57cfe9e1c18defc57bc28f3d8d97a241.css" "Mozilla/5.0 (Windows; U; Windows NT 5.1; en-US; rv:1.9.2.10) Gecko/20100914 Firefox/3.6.10"
192.168.2.2 - - [12/Oct/2010:16:36:07 -0700] "GET http://www.penny-arcade.com/images/tpl/button_back.png HTTP/1.1" - - "http://www.penny-arcade.com/stylesheets/compressed/pa-57cfe9e1c18defc57bc28f3d8d97a241.css" "Mozilla/5.0 (Windows; U; Windows NT 5.1; en-US; rv:1.9.2.10) Gecko/20100914 Firefox/3.6.10"
192.168.2.2 - - [12/Oct/2010:16:36:07 -0700] "GET http://www.penny-arcade.com/images/tpl/button_bar_bg.png HTTP/1.1" - - "http://www.penny-arcade.com/stylesheets/compressed/pa-57cfe9e1c18defc57bc28f3d8d97a241.css" "Mozilla/5.0 (Windows; U; Windows NT 5.1; en-US; rv:1.9.2.10) Gecko/20100914 Firefox/3.6.10"
192.168.2.2 - - [12/Oct/2010:16:36:07 -0700] "GET http://view.atdmt.com/MRT/iview/260400584/direct;wi.728;hi.90/01/1122798927?click=http://adclick.g.doubleclick.net/aclk%3Fsa%3Dl%26ai%3DB8PFU5_C0TMn7OYz0jQS0-PDMBKHAn84BAAAAEAEg3fz0ATgAWNmKuO8fYP2Q9YDMA7IBFHd3dy5wZW5ueS1hcmNhZGUuY29tugEJNzI4eDkwX2FzyAEJ2gGNAWh0dHA6Ly93d3cucGVubnktYXJjYWRlLmNvbS9jb21pYy8yMDEwLzEwLzExL3doYXRzLW5vdC8_dXRtX3NvdXJjZT1mZWVkYnVybmVyJnV0bV9tZWRpdW09ZmVlZCZ1dG1fY2FtcGFpZ249RmVlZCUzQStwYS1tYWluc2l0ZSsoUGVubnkrQXJjYWRlKZgC6AfAAgLgAgDqAhBDb21pY19Ib3Jpem9udGFs-AL40R6QA6wCmAOsAqgDAeAEAQ%26num%3D0%26sig%3DAGiWqtx-iqbILQrrSQkLYsJh3gvQukwIzg%26client%3Dca-pub-3222936370827379%26adurl%3D HTTP/1.1" - - "http://www.penny-arcade.com/comic/2010/10/11/whats-not/?utm_source=feedburner&utm_medium=feed&utm_campaign=Feed%3A+pa-mainsite+%28Penny+Arcade%29" "Mozilla/5.0 (Windows; U; Windows NT 5.1; en-US; rv:1.9.2.10) Gecko/20100914 Firefox/3.6.10"
192.168.2.3 - - [12/Oct/2010:16:36:08 -0700] "GET http://n.bodybuilding.com/b/ss/bbprod/1/H.21/s98122157639278?AQB=1&ndh=1&t=12/9/2010%2016%3A36%3A7%202%20420&ns=bodybuildingcom&pageName=Forum%3A%20Thread&g=http%3A//forum.bodybuilding.com/showthread.php%3Ft%3D128256461&r=http%3A//forum.bodybuilding.com/forumdisplay.php%3Ff%3D19&cc=USD&ch=forum&server=forum.bodybuilding.com&events=event3&c1=Forum%3A%20Thread&v1=Forum%3A%20Thread&c2=List%20Page&v2=List%20Page&c3=Repeat&v3=Repeat&c18=80&c20=Forum%3A%20Main%20Category%20Page&c36=More%20General%20Categories&v36=More%20General%20Categories&c37=Misc.&v37=Misc.&c39=Social%20Network%20is%20getting%20reviews%20on%20the%20same%20level%20as%20the%20Godfather&v39=Social%20Network%20is%20getting%20reviews%20on%20the%20same%20level%20as%20the%20Godfather&c41=BodySpace%20Member&v41=BodySpace%20Member&c42=B-Neva&v42=B-Neva&c43=I%20want%20to%20Transform%20My%20Body.&v43=I%20want%20to%20Transform%20My%20Body.&s=1440x900&c=24&j=1.7&v=Y&k=Y&bw=1440&bh=736&p=Java%20Deployment%20Toolkit%206.0.200.2%3BMozilla%20Default%20Plug-in%3BAdobe%20Acrobat%3BQuickTime%20Plug-in%207.6.8%3BFacebook%20Plugin%3BShockwave%20Flash%3BiTunes%20Application%20Detector%3BDivX%20Web%20Player%3BYahoo%20Application%20State%20Plugin%3BMicrosoft%20Office%202010%3BWindows%20Presentation%20Foundation%3BJava%28TM%29%20Platform%20SE%206%20U20%3BWindows%20Media%20Player%20Plug-in%20Dynamic%20Link%20Library%3BMicrosoft%AE%20DRM%3B&pid=Forum%3A%20Main%20Category%20Page&pidt=1&oid=http%3A//forum.bodybuilding.com/showthread.php%3Ft%3D128256461&ot=A&AQE=1 HTTP/1.1" - - "http://forum.bodybuilding.com/showthread.php?t=128256461" "Mozilla/5.0 (Windows; U; Windows NT 5.1; en-US; rv:1.9.2.10) Gecko/20100914 Firefox/3.6.10 ( .NET CLR 3.5.30729)"
192.168.2.2 - - [12/Oct/2010:16:36:08 -0700] "GET http://www.penny-arcade.com/images/tpl/button_news.png HTTP/1.1" - - "http://www.penny-arcade.com/stylesheets/compressed/pa-57cfe9e1c18defc57bc28f3d8d97a241.css" "Mozilla/5.0 (Windows; U; Windows NT 5.1; en-US; rv:1.9.2.10) Gecko/20100914 Firefox/3.6.10"
192.168.2.2 - - [12/Oct/2010:16:36:08 -0700] "GET http://www.penny-arcade.com/images/tpl/button_next.png HTTP/1.1" - - "http://www.penny-arcade.com/stylesheets/compressed/pa-57cfe9e1c18defc57bc28f3d8d97a241.css" "Mozilla/5.0 (Windows; U; Windows NT 5.1; en-US; rv:1.9.2.10) Gecko/20100914 Firefox/3.6.10"
192.168.2.2 - - [12/Oct/2010:16:36:08 -0700] "GET http://www.penny-arcade.com/images/tpl/button_new.png HTTP/1.1" - - "http://www.penny-arcade.com/stylesheets/compressed/pa-57cfe9e1c18defc57bc28f3d8d97a241.css" "Mozilla/5.0 (Windows; U; Windows NT 5.1; en-US; rv:1.9.2.10) Gecko/20100914 Firefox/3.6.10"
192.168.2.2 - - [12/Oct/2010:16:36:08 -0700] "GET http://optimize.indieclick.com/www/delivery/spc.php?zones=Promo_0%3D369102%7CPromo_1%3D369202%7CPromo_2%3D369302%7CPromo_3%3D369402%7CPromo_4%3D369502%7CPromo_5%3D369602%7C&nz=1&source=&charset=UTF-8&loc=http%3A//www.penny-arcade.com/comic/2010/10/11/whats-not/%3Futm_source%3Dfeedburner%26utm_medium%3Dfeed%26utm_campaign%3DFeed%253A+pa-mainsite+%2528Penny+Arcade%2529&_=1286926570256 HTTP/1.1" - - "http://www.penny-arcade.com/comic/2010/10/11/whats-not/?utm_source=feedburner&utm_medium=feed&utm_campaign=Feed%3A+pa-mainsite+%28Penny+Arcade%29" "Mozilla/5.0 (Windows; U; Windows NT 5.1; en-US; rv:1.9.2.10) Gecko/20100914 Firefox/3.6.10"
192.168.2.2 - - [12/Oct/2010:16:36:08 -0700] "GET http://pixel.quantserve.com/pixel;r=151676557;fpan=0;fpa=P0-2116683386-1286910713642;ns=0;url=http%3A%2F%2Fwww.penny-arcade.com%2Fcomic%2F2010%2F10%2F11%2Fwhats-not%2F%3Futm_source%3Dfeedburner%26utm_medium%3Dfeed%26utm_campaign%3DFeed%253A%2Bpa-mainsite%2B%2528Penny%2BArcade%2529;ref=;ce=1;je=0;sr=1280x800x24;enc=n;ogl=;dst=1;et=1286926570261;tzo=420;a=p-7aMlAhcqainl6 HTTP/1.1" - - "http://www.penny-arcade.com/comic/2010/10/11/whats-not/?utm_source=feedburner&utm_medium=feed&utm_campaign=Feed%3A+pa-mainsite+%28Penny+Arcade%29" "Mozilla/5.0 (Windows; U; Windows NT 5.1; en-US; rv:1.9.2.10) Gecko/20100914 Firefox/3.6.10"
192.168.2.2 - - [12/Oct/2010:16:36:08 -0700] "GET http://www.penny-arcade.com/images/tpl/button_rss.png HTTP/1.1" - - "http://www.penny-arcade.com/stylesheets/compressed/pa-57cfe9e1c18defc57bc28f3d8d97a241.css" "Mozilla/5.0 (Windows; U; Windows NT 5.1; en-US; rv:1.9.2.10) Gecko/20100914 Firefox/3.6.10"
192.168.2.2 - - [12/Oct/2010:16:36:08 -0700] "GET http://www.penny-arcade.com/images/tpl/post_notch.png HTTP/1.1" - - "http://www.penny-arcade.com/stylesheets/compressed/pa-57cfe9e1c18defc57bc28f3d8d97a241.css" "Mozilla/5.0 (Windows; U; Windows NT 5.1; en-US; rv:1.9.2.10) Gecko/20100914 Firefox/3.6.10"
192.168.2.3 - - [12/Oct/2010:16:36:08 -0700] "GET http://ad.bodybuilding.com/www/delivery/avw.php?zoneid=5&cb={random}&n=a5579ff4&ct0={clickurl} HTTP/1.1" - - "http://forum.bodybuilding.com/showthread.php?t=128256461" "Mozilla/5.0 (Windows; U; Windows NT 5.1; en-US; rv:1.9.2.10) Gecko/20100914 Firefox/3.6.10 ( .NET CLR 3.5.30729)"
192.168.2.3 - - [12/Oct/2010:16:36:08 -0700] "GET http://ad.bodybuilding.com/www/delivery/avw.php?zoneid=6&n=ad63cc81&ct0={clickurl} HTTP/1.1" - - "http://forum.bodybuilding.com/showthread.php?t=128256461" "Mozilla/5.0 (Windows; U; Windows NT 5.1; en-US; rv:1.9.2.10) Gecko/20100914 Firefox/3.6.10 ( .NET CLR 3.5.30729)"
192.168.2.2 - - [12/Oct/2010:16:36:08 -0700] "GET http://optimize.indieclick.com/www/delivery/lg.php?bannerid=2922902&campaignid=962702&zoneid=369102&loc=http%3A%2F%2Fwww.penny-arcade.com%2Fcomic%2F2010%2F10%2F11%2Fwhats-not%2F%3Futm_source%3Dfeedburner%26utm_medium%3Dfeed%26utm_campaign%3DFeed%253A+pa-mainsite+%2528Penny+Arcade%2529&cb=a5a979433d HTTP/1.1" - - "http://www.penny-arcade.com/comic/2010/10/11/whats-not/?utm_source=feedburner&utm_medium=feed&utm_campaign=Feed%3A+pa-mainsite+%28Penny+Arcade%29" "Mozilla/5.0 (Windows; U; Windows NT 5.1; en-US; rv:1.9.2.10) Gecko/20100914 Firefox/3.6.10"
192.168.2.2 - - [12/Oct/2010:16:36:08 -0700] "GET http://optimize.indieclick.com/www/delivery/lg.php?bannerid=3056402&campaignid=963002&zoneid=369202&loc=http%3A%2F%2Fwww.penny-arcade.com%2Fcomic%2F2010%2F10%2F11%2Fwhats-not%2F%3Futm_source%3Dfeedburner%26utm_medium%3Dfeed%26utm_campaign%3DFeed%253A+pa-mainsite+%2528Penny+Arcade%2529&cb=cd44801043 HTTP/1.1" - - "http://www.penny-arcade.com/comic/2010/10/11/whats-not/?utm_source=feedburner&utm_medium=feed&utm_campaign=Feed%3A+pa-mainsite+%28Penny+Arcade%29" "Mozilla/5.0 (Windows; U; Windows NT 5.1; en-US; rv:1.9.2.10) Gecko/20100914 Firefox/3.6.10"
192.168.2.2 - - [12/Oct/2010:16:36:08 -0700] "GET http://optimize.indieclick.com/www/delivery/lg.php?bannerid=2658902&campaignid=962802&zoneid=369602&loc=http%3A%2F%2Fwww.penny-arcade.com%2Fcomic%2F2010%2F10%2F11%2Fwhats-not%2F%3Futm_source%3Dfeedburner%26utm_medium%3Dfeed%26utm_campaign%3DFeed%253A+pa-mainsite+%2528Penny+Arcade%2529&cb=d72b7022b6 HTTP/1.1" - - "http://www.penny-arcade.com/comic/2010/10/11/whats-not/?utm_source=feedburner&utm_medium=feed&utm_campaign=Feed%3A+pa-mainsite+%28Penny+Arcade%29" "Mozilla/5.0 (Windows; U; Windows NT 5.1; en-US; rv:1.9.2.10) Gecko/20100914 Firefox/3.6.10"
192.168.2.2 - - [12/Oct/2010:16:36:08 -0700] "GET http://optimize.indieclick.com/www/delivery/lg.php?bannerid=2659202&campaignid=963102&zoneid=369402&loc=http%3A%2F%2Fwww.penny-arcade.com%2Fcomic%2F2010%2F10%2F11%2Fwhats-not%2F%3Futm_source%3Dfeedburner%26utm_medium%3Dfeed%26utm_campaign%3DFeed%253A+pa-mainsite+%2528Penny+Arcade%2529&cb=38123a6683 HTTP/1.1" - - "http://www.penny-arcade.com/comic/2010/10/11/whats-not/?utm_source=feedburner&utm_medium=feed&utm_campaign=Feed%3A+pa-mainsite+%28Penny+Arcade%29" "Mozilla/5.0 (Windows; U; Windows NT 5.1; en-US; rv:1.9.2.10) Gecko/20100914 Firefox/3.6.10"
192.168.2.2 - - [12/Oct/2010:16:36:08 -0700] "GET http://optimize.indieclick.com/www/delivery/lg.php?bannerid=3056502&campaignid=963302&zoneid=369302&loc=http%3A%2F%2Fwww.penny-arcade.com%2Fcomic%2F2010%2F10%2F11%2Fwhats-not%2F%3Futm_source%3Dfeedburner%26utm_medium%3Dfeed%26utm_campaign%3DFeed%253A+pa-mainsite+%2528Penny+Arcade%2529&cb=e9a62583f1 HTTP/1.1" - - "http://www.penny-arcade.com/comic/2010/10/11/whats-not/?utm_source=feedburner&utm_medium=feed&utm_campaign=Feed%3A+pa-mainsite+%28Penny+Arcade%29" "Mozilla/5.0 (Windows; U; Windows NT 5.1; en-US; rv:1.9.2.10) Gecko/20100914 Firefox/3.6.10"
192.168.2.2 - - [12/Oct/2010:16:36:08 -0700] "GET http://optimize.indieclick.com/www/delivery/lg.php?bannerid=2822602&campaignid=962902&zoneid=369502&loc=http%3A%2F%2Fwww.penny-arcade.com%2Fcomic%2F2010%2F10%2F11%2Fwhats-not%2F%3Futm_source%3Dfeedburner%26utm_medium%3Dfeed%26utm_campaign%3DFeed%253A+pa-mainsite+%2528Penny+Arcade%2529&cb=999a79cf29 HTTP/1.1" - - "http://www.penny-arcade.com/comic/2010/10/11/whats-not/?utm_source=feedburner&utm_medium=feed&utm_campaign=Feed%3A+pa-mainsite+%28Penny+Arcade%29" "Mozilla/5.0 (Windows; U; Windows NT 5.1; en-US; rv:1.9.2.10) Gecko/20100914 Firefox/3.6.10"
192.168.2.2 - - [12/Oct/2010:16:36:08 -0700] "GET http://images.indieclick.com/images/037113701c8c39600afbacab1953683c.png HTTP/1.1" - - "http://www.penny-arcade.com/comic/2010/10/11/whats-not/?utm_source=feedburner&utm_medium=feed&utm_campaign=Feed%3A+pa-mainsite+%28Penny+Arcade%29" "Mozilla/5.0 (Windows; U; Windows NT 5.1; en-US; rv:1.9.2.10) Gecko/20100914 Firefox/3.6.10"
192.168.2.2 - - [12/Oct/2010:16:36:08 -0700] "GET http://images.indieclick.com/images/1494f5fe47cdfe444bafb20a7e629f3c.png HTTP/1.1" - - "http://www.penny-arcade.com/comic/2010/10/11/whats-not/?utm_source=feedburner&utm_medium=feed&utm_campaign=Feed%3A+pa-mainsite+%28Penny+Arcade%29" "Mozilla/5.0 (Windows; U; Windows NT 5.1; en-US; rv:1.9.2.10) Gecko/20100914 Firefox/3.6.10"
192.168.2.2 - - [12/Oct/2010:16:36:08 -0700] "GET http://images.indieclick.com/images/661b4dba97e3b85e4baf5e04db797ff5.png HTTP/1.1" - - "http://www.penny-arcade.com/comic/2010/10/11/whats-not/?utm_source=feedburner&utm_medium=feed&utm_campaign=Feed%3A+pa-mainsite+%28Penny+Arcade%29" "Mozilla/5.0 (Windows; U; Windows NT 5.1; en-US; rv:1.9.2.10) Gecko/20100914 Firefox/3.6.10"
192.168.2.2 - - [12/Oct/2010:16:36:08 -0700] "GET http://images.indieclick.com/images/7428791335f0700759d9cf438064d487.png HTTP/1.1" - - "http://www.penny-arcade.com/comic/2010/10/11/whats-not/?utm_source=feedburner&utm_medium=feed&utm_campaign=Feed%3A+pa-mainsite+%28Penny+Arcade%29" "Mozilla/5.0 (Windows; U; Windows NT 5.1; en-US; rv:1.9.2.10) Gecko/20100914 Firefox/3.6.10"
192.168.2.2 - - [12/Oct/2010:16:36:08 -0700] "GET http://images.indieclick.com/images/4eec8c9a277174b286e85dbaf00982ac.png HTTP/1.1" - - "http://www.penny-arcade.com/comic/2010/10/11/whats-not/?utm_source=feedburner&utm_medium=feed&utm_campaign=Feed%3A+pa-mainsite+%28Penny+Arcade%29" "Mozilla/5.0 (Windows; U; Windows NT 5.1; en-US; rv:1.9.2.10) Gecko/20100914 Firefox/3.6.10"
192.168.2.2 - - [12/Oct/2010:16:36:08 -0700] "GET http://images.indieclick.com/images/a83de98f12c69f002b69f5a8bf44b84a.png HTTP/1.1" - - "http://www.penny-arcade.com/comic/2010/10/11/whats-not/?utm_source=feedburner&utm_medium=feed&utm_campaign=Feed%3A+pa-mainsite+%28Penny+Arcade%29" "Mozilla/5.0 (Windows; U; Windows NT 5.1; en-US; rv:1.9.2.10) Gecko/20100914 Firefox/3.6.10"
192.168.2.3 - - [12/Oct/2010:16:36:08 -0700] "GET http://ad.bodybuilding.com/www/images/image001.jpg?dd23ad4b3f HTTP/1.1" - - "http://forum.bodybuilding.com/showthread.php?t=128256461" "Mozilla/5.0 (Windows; U; Windows NT 5.1; en-US; rv:1.9.2.10) Gecko/20100914 Firefox/3.6.10 ( .NET CLR 3.5.30729)"
192.168.2.2 - - [12/Oct/2010:16:36:08 -0700] "GET http://rmd.atdmt.com/tl/DocumentDotWrite.js HTTP/1.1" - - "http://view.atdmt.com/MRT/iview/260400584/direct;wi.728;hi.90/01/1122798927?click=http://adclick.g.doubleclick.net/aclk%3Fsa%3Dl%26ai%3DB8PFU5_C0TMn7OYz0jQS0-PDMBKHAn84BAAAAEAEg3fz0ATgAWNmKuO8fYP2Q9YDMA7IBFHd3dy5wZW5ueS1hcmNhZGUuY29tugEJNzI4eDkwX2FzyAEJ2gGNAWh0dHA6Ly93d3cucGVubnktYXJjYWRlLmNvbS9jb21pYy8yMDEwLzEwLzExL3doYXRzLW5vdC8_dXRtX3NvdXJjZT1mZWVkYnVybmVyJnV0bV9tZWRpdW09ZmVlZCZ1dG1fY2FtcGFpZ249RmVlZCUzQStwYS1tYWluc2l0ZSsoUGVubnkrQXJjYWRlKZgC6AfAAgLgAgDqAhBDb21pY19Ib3Jpem9udGFs-AL40R6QA6wCmAOsAqgDAeAEAQ%26num%3D0%26sig%3DAGiWqtx-iqbILQrrSQkLYsJh3gvQukwIzg%26client%3Dca-pub-3222936370827379%26adurl%3D" "Mozilla/5.0 (Windows; U; Windows NT 5.1; en-US; rv:1.9.2.10) Gecko/20100914 Firefox/3.6.10"
192.168.2.3 - - [12/Oct/2010:16:36:08 -0700] "GET http://ad.bodybuilding.com/www/images/cheap_supplements_forum.jpg?c6cfa006c8 HTTP/1.1" - - "http://forum.bodybuilding.com/showthread.php?t=128256461" "Mozilla/5.0 (Windows; U; Windows NT 5.1; en-US; rv:1.9.2.10) Gecko/20100914 Firefox/3.6.10 ( .NET CLR 3.5.30729)"
192.168.2.2 - - [12/Oct/2010:16:36:08 -0700] "GET http://spe.atdmt.com/ds/NMMRTUMISWXP/FY11_XboxFable3_Preorder/XboxFable3_Preorder_728x90_G_V1R1.swf?ver=1&clickTag1=http://adclick.g.doubleclick.net/aclk%3Fsa%3Dl%26ai%3DB8PFU5_C0TMn7OYz0jQS0-PDMBKHAn84BAAAAEAEg3fz0ATgAWNmKuO8fYP2Q9YDMA7IBFHd3dy5wZW5ueS1hcmNhZGUuY29tugEJNzI4eDkwX2FzyAEJ2gGNAWh0dHA6Ly93d3cucGVubnktYXJjYWRlLmNvbS9jb21pYy8yMDEwLzEwLzExL3doYXRzLW5vdC8_dXRtX3NvdXJjZT1mZWVkYnVybmVyJnV0bV9tZWRpdW09ZmVlZCZ1dG1fY2FtcGFpZ249RmVlZCUzQStwYS1tYWluc2l0ZSsoUGVubnkrQXJjYWRlKZgC6AfAAgLgAgDqAhBDb21pY19Ib3Jpem9udGFs-AL40R6QA6wCmAOsAqgDAeAEAQ%26num%3D0%26sig%3DAGiWqtx-iqbILQrrSQkLYsJh3gvQukwIzg%26client%3Dca-pub-3222936370827379%26adurl%3Dhttp://clk.atdmt.com/go/260400584/direct;wi.728;hi.90;ai.182106035;ct.1/01&clickTag=http://adclick.g.doubleclick.net/aclk%3Fsa%3Dl%26ai%3DB8PFU5_C0TMn7OYz0jQS0-PDMBKHAn84BAAAAEAEg3fz0ATgAWNmKuO8fYP2Q9YDMA7IBFHd3dy5wZW5ueS1hcmNhZGUuY29tugEJNzI4eDkwX2FzyAEJ2gGNAWh0dHA6Ly93d3cucGVubnktYXJjYWRlLmNvbS9jb21pYy8yMDEwLzEwLzExL3doYXRzLW5vdC8_dXRtX3NvdXJjZT1mZWVkYnVybmVyJnV0bV9tZWRpdW09ZmVlZCZ1dG1fY2FtcGFpZ249RmVlZCUzQStwYS1tYWluc2l0ZSsoUGVubnkrQXJjYWRlKZgC6AfAAgLgAgDqAhBDb21pY19Ib3Jpem9udGFs-AL40R6QA6wCmAOsAqgDAeAEAQ%26num%3D0%26sig%3DAGiWqtx-iqbILQrrSQkLYsJh3gvQukwIzg%26client%3Dca-pub-3222936370827379%26adurl%3Dhttp://clk.atdmt.com/go/260400584/direct;wi.728;hi.90;ai.182106035;ct.1/01 HTTP/1.1" - - "http://view.atdmt.com/MRT/iview/260400584/direct;wi.728;hi.90/01/1122798927?click=http://adclick.g.doubleclick.net/aclk%3Fsa%3Dl%26ai%3DB8PFU5_C0TMn7OYz0jQS0-PDMBKHAn84BAAAAEAEg3fz0ATgAWNmKuO8fYP2Q9YDMA7IBFHd3dy5wZW5ueS1hcmNhZGUuY29tugEJNzI4eDkwX2FzyAEJ2gGNAWh0dHA6Ly93d3cucGVubnktYXJjYWRlLmNvbS9jb21pYy8yMDEwLzEwLzExL3doYXRzLW5vdC8_dXRtX3NvdXJjZT1mZWVkYnVybmVyJnV0bV9tZWRpdW09ZmVlZCZ1dG1fY2FtcGFpZ249RmVlZCUzQStwYS1tYWluc2l0ZSsoUGVubnkrQXJjYWRlKZgC6AfAAgLgAgDqAhBDb21pY19Ib3Jpem9udGFs-AL40R6QA6wCmAOsAqgDAeAEAQ%26num%3D0%26sig%3DAGiWqtx-iqbILQrrSQkLYsJh3gvQukwIzg%26client%3Dca-pub-3222936370827379%26adurl%3D" "Mozilla/5.0 (Windows; U; Windows NT 5.1; en-US; rv:1.9.2.10) Gecko/20100914 Firefox/3.6.10"
192.168.2.2 - - [12/Oct/2010:16:36:08 -0700] "GET http://www.penny-arcade.com/favicon.ico HTTP/1.1" - - "-" "Mozilla/5.0 (Windows; U; Windows NT 5.1; en-US; rv:1.9.2.10) Gecko/20100914 Firefox/3.6.10"
192.168.2.2 - - [12/Oct/2010:16:36:11 -0700] "GET http://www.penny-arcade.com/comic/2010/10/8/ HTTP/1.1" - - "http://www.penny-arcade.com/comic/2010/10/11/whats-not/?utm_source=feedburner&utm_medium=feed&utm_campaign=Feed%3A+pa-mainsite+%28Penny+Arcade%29" "Mozilla/5.0 (Windows; U; Windows NT 5.1; en-US; rv:1.9.2.10) Gecko/20100914 Firefox/3.6.10"
192.168.2.2 - - [12/Oct/2010:16:36:11 -0700] "GET http://art.penny-arcade.com/photos/1038013639_EDtew-L.jpg HTTP/1.1" - - "http://www.penny-arcade.com/comic/2010/10/8/" "Mozilla/5.0 (Windows; U; Windows NT 5.1; en-US; rv:1.9.2.10) Gecko/20100914 Firefox/3.6.10"
192.168.2.2 - - [12/Oct/2010:16:36:11 -0700] "GET http://pubads.g.doubleclick.net/gampad/ads?correlator=1286926573863&output=json_html&callback=GA_googleSetAdContentsBySlotForSync&impl=s&client=ca-pub-3222936370827379&slotname=Comic_Horizontal&page_slots=Comic_Horizontal&cookie=ID%3Dfb85971f9dc3fbfb%3AT%3D1286910710%3AS%3DALNI_MadSkEQzJnrc4yJXuTNuPaRASIufQ&ga_vid=479983323.1286910713&ga_sid=1286926570&ga_hid=1905339129&ga_fc=true&url=http%3A%2F%2Fwww.penny-arcade.com%2Fcomic%2F2010%2F10%2F8%2F&ref=http%3A%2F%2Fwww.penny-arcade.com%2Fcomic%2F2010%2F10%2F11%2Fwhats-not%2F%3Futm_source%3Dfeedburner%26utm_medium%3Dfeed%26utm_campaign%3DFeed%253A%2Bpa-mainsite%2B%2528Penny%2BArcade%2529&lmt=1286926573&dt=1286926573868&cc=100&biw=1280&bih=583&ifi=1&adk=2168621180&u_tz=-420&u_his=8&u_h=800&u_w=1280&u_ah=770&u_aw=1280&u_cd=24&u_nplug=4&u_nmime=12&flash=10.1.82 HTTP/1.1" - - "http://www.penny-arcade.com/comic/2010/10/8/" "Mozilla/5.0 (Windows; U; Windows NT 5.1; en-US; rv:1.9.2.10) Gecko/20100914 Firefox/3.6.10"
192.168.2.2 - - [12/Oct/2010:16:36:11 -0700] "GET http://trgc.opt.fimserve.com/fp.gif?pixelid=738-019771&rnd=53130078891 HTTP/1.1" - - "http://www.penny-arcade.com/comic/2010/10/8/" "Mozilla/5.0 (Windows; U; Windows NT 5.1; en-US; rv:1.9.2.10) Gecko/20100914 Firefox/3.6.10"
192.168.2.2 - - [12/Oct/2010:16:36:11 -0700] "GET http://www.google-analytics.com/__utm.gif?utmwv=4.8.6&utmn=1938510785&utmhn=www.penny-arcade.com&utmcs=UTF-8&utmsr=1280x800&utmsc=24-bit&utmul=en-us&utmje=0&utmfl=10.1%20r82&utmdt=Penny%20Arcade!%20-%20The%20Apex&utmhid=1905339129&utmr=0&utmp=%2Fcomic%2F2010%2F10%2F8%2F&utmac=UA-589570-1&utmcc=__utma%3D84531096.479983323.1286910713.1286910713.1286926570.2%3B%2B__utmz%3D84531096.1286926570.2.2.utmcsr%3Dfeedburner%7Cutmccn%3DFeed%3A%2520pa-mainsite%2520(Penny%2520Arcade)%7Cutmcmd%3Dfeed%3B&utmu=q HTTP/1.1" - - "http://www.penny-arcade.com/comic/2010/10/8/" "Mozilla/5.0 (Windows; U; Windows NT 5.1; en-US; rv:1.9.2.10) Gecko/20100914 Firefox/3.6.10"
192.168.2.2 - - [12/Oct/2010:16:36:11 -0700] "GET http://ad.doubleclick.net/ad/N5230.pennyarcade/B4146851.3;sz=728x90;aid=104117;ord=400044984? HTTP/1.1" - - "http://www.penny-arcade.com/comic/2010/10/8/" "Mozilla/5.0 (Windows; U; Windows NT 5.1; en-US; rv:1.9.2.10) Gecko/20100914 Firefox/3.6.10"
192.168.2.2 - - [12/Oct/2010:16:36:11 -0700] "GET http://optimize.indieclick.com/www/delivery/spc.php?zones=Promo_0%3D369102%7CPromo_1%3D369202%7CPromo_2%3D369302%7CPromo_3%3D369402%7CPromo_4%3D369502%7CPromo_5%3D369602%7C&nz=1&source=&charset=UTF-8&loc=http%3A//www.penny-arcade.com/comic/2010/10/8/&referer=http%3A//www.penny-arcade.com/comic/2010/10/11/whats-not/%3Futm_source%3Dfeedburner%26utm_medium%3Dfeed%26utm_campaign%3DFeed%253A+pa-mainsite+%2528Penny+Arcade%2529&_=1286926574233 HTTP/1.1" - - "http://www.penny-arcade.com/comic/2010/10/8/" "Mozilla/5.0 (Windows; U; Windows NT 5.1; en-US; rv:1.9.2.10) Gecko/20100914 Firefox/3.6.10"
192.168.2.2 - - [12/Oct/2010:16:36:11 -0700] "GET http://s0.2mdn.net/viewad/1832030/EVEAd728x90.jpg HTTP/1.1" - - "http://www.penny-arcade.com/comic/2010/10/8/" "Mozilla/5.0 (Windows; U; Windows NT 5.1; en-US; rv:1.9.2.10) Gecko/20100914 Firefox/3.6.10"
192.168.2.2 - - [12/Oct/2010:16:36:12 -0700] "GET http://pixel.quantserve.com/pixel;r=1917901839;fpan=0;fpa=P0-2116683386-1286910713642;ns=0;url=http%3A%2F%2Fwww.penny-arcade.com%2Fcomic%2F2010%2F10%2F8%2F;ref=http%3A%2F%2Fwww.penny-arcade.com%2Fcomic%2F2010%2F10%2F11%2Fwhats-not%2F%3Futm_source%3Dfeedburner%26utm_medium%3Dfeed%26utm_campaign%3DFeed%253A%2Bpa-mainsite%2B%2528Penny%2BArcade%2529;ce=1;je=0;sr=1280x800x24;enc=n;ogl=;dst=1;et=1286926574280;tzo=420;a=p-7aMlAhcqainl6 HTTP/1.1" - - "http://www.penny-arcade.com/comic/2010/10/8/" "Mozilla/5.0 (Windows; U; Windows NT 5.1; en-US; rv:1.9.2.10) Gecko/20100914 Firefox/3.6.10"
192.168.2.2 - - [12/Oct/2010:16:36:12 -0700] "GET http://optimize.indieclick.com/www/delivery/lg.php?bannerid=2922902&campaignid=962702&zoneid=369102&loc=http%3A%2F%2Fwww.penny-arcade.com%2Fcomic%2F2010%2F10%2F8%2F&referer=http%3A%2F%2Fwww.penny-arcade.com%2Fcomic%2F2010%2F10%2F11%2Fwhats-not%2F%3Futm_source%3Dfeedburner%26utm_medium%3Dfeed%26utm_campaign%3DFeed%253A+pa-mainsite+%2528Penny+Arcade%2529&cb=04b539227c HTTP/1.1" - - "http://www.penny-arcade.com/comic/2010/10/8/" "Mozilla/5.0 (Windows; U; Windows NT 5.1; en-US; rv:1.9.2.10) Gecko/20100914 Firefox/3.6.10"
192.168.2.2 - - [12/Oct/2010:16:36:12 -0700] "GET http://images.indieclick.com/images/a83de98f12c69f002b69f5a8bf44b84a.png HTTP/1.1" - - "http://www.penny-arcade.com/comic/2010/10/8/" "Mozilla/5.0 (Windows; U; Windows NT 5.1; en-US; rv:1.9.2.10) Gecko/20100914 Firefox/3.6.10"
192.168.2.2 - - [12/Oct/2010:16:36:12 -0700] "GET http://optimize.indieclick.com/www/delivery/lg.php?bannerid=3056402&campaignid=963002&zoneid=369202&loc=http%3A%2F%2Fwww.penny-arcade.com%2Fcomic%2F2010%2F10%2F8%2F&referer=http%3A%2F%2Fwww.penny-arcade.com%2Fcomic%2F2010%2F10%2F11%2Fwhats-not%2F%3Futm_source%3Dfeedburner%26utm_medium%3Dfeed%26utm_campaign%3DFeed%253A+pa-mainsite+%2528Penny+Arcade%2529&cb=8a1ebc4458 HTTP/1.1" - - "http://www.penny-arcade.com/comic/2010/10/8/" "Mozilla/5.0 (Windows; U; Windows NT 5.1; en-US; rv:1.9.2.10) Gecko/20100914 Firefox/3.6.10"
192.168.2.2 - - [12/Oct/2010:16:36:12 -0700] "GET http://images.indieclick.com/images/037113701c8c39600afbacab1953683c.png HTTP/1.1" - - "http://www.penny-arcade.com/comic/2010/10/8/" "Mozilla/5.0 (Windows; U; Windows NT 5.1; en-US; rv:1.9.2.10) Gecko/20100914 Firefox/3.6.10"
192.168.2.2 - - [12/Oct/2010:16:36:12 -0700] "GET http://optimize.indieclick.com/www/delivery/lg.php?bannerid=3056502&campaignid=963302&zoneid=369302&loc=http%3A%2F%2Fwww.penny-arcade.com%2Fcomic%2F2010%2F10%2F8%2F&referer=http%3A%2F%2Fwww.penny-arcade.com%2Fcomic%2F2010%2F10%2F11%2Fwhats-not%2F%3Futm_source%3Dfeedburner%26utm_medium%3Dfeed%26utm_campaign%3DFeed%253A+pa-mainsite+%2528Penny+Arcade%2529&cb=dad4c445b3 HTTP/1.1" - - "http://www.penny-arcade.com/comic/2010/10/8/" "Mozilla/5.0 (Windows; U; Windows NT 5.1; en-US; rv:1.9.2.10) Gecko/20100914 Firefox/3.6.10"
192.168.2.2 - - [12/Oct/2010:16:36:12 -0700] "GET http://optimize.indieclick.com/www/delivery/lg.php?bannerid=2822602&campaignid=962902&zoneid=369502&loc=http%3A%2F%2Fwww.penny-arcade.com%2Fcomic%2F2010%2F10%2F8%2F&referer=http%3A%2F%2Fwww.penny-arcade.com%2Fcomic%2F2010%2F10%2F11%2Fwhats-not%2F%3Futm_source%3Dfeedburner%26utm_medium%3Dfeed%26utm_campaign%3DFeed%253A+pa-mainsite+%2528Penny+Arcade%2529&cb=c51946cbef HTTP/1.1" - - "http://www.penny-arcade.com/comic/2010/10/8/" "Mozilla/5.0 (Windows; U; Windows NT 5.1; en-US; rv:1.9.2.10) Gecko/20100914 Firefox/3.6.10"
192.168.2.2 - - [12/Oct/2010:16:36:12 -0700] "GET http://optimize.indieclick.com/www/delivery/lg.php?bannerid=2659202&campaignid=963102&zoneid=369402&loc=http%3A%2F%2Fwww.penny-arcade.com%2Fcomic%2F2010%2F10%2F8%2F&referer=http%3A%2F%2Fwww.penny-arcade.com%2Fcomic%2F2010%2F10%2F11%2Fwhats-not%2F%3Futm_source%3Dfeedburner%26utm_medium%3Dfeed%26utm_campaign%3DFeed%253A+pa-mainsite+%2528Penny+Arcade%2529&cb=750b78c029 HTTP/1.1" - - "http://www.penny-arcade.com/comic/2010/10/8/" "Mozilla/5.0 (Windows; U; Windows NT 5.1; en-US; rv:1.9.2.10) Gecko/20100914 Firefox/3.6.10"
192.168.2.2 - - [12/Oct/2010:16:36:12 -0700] "GET http://optimize.indieclick.com/www/delivery/lg.php?bannerid=2658902&campaignid=962802&zoneid=369602&loc=http%3A%2F%2Fwww.penny-arcade.com%2Fcomic%2F2010%2F10%2F8%2F&referer=http%3A%2F%2Fwww.penny-arcade.com%2Fcomic%2F2010%2F10%2F11%2Fwhats-not%2F%3Futm_source%3Dfeedburner%26utm_medium%3Dfeed%26utm_campaign%3DFeed%253A+pa-mainsite+%2528Penny+Arcade%2529&cb=720dd02155 HTTP/1.1" - - "http://www.penny-arcade.com/comic/2010/10/8/" "Mozilla/5.0 (Windows; U; Windows NT 5.1; en-US; rv:1.9.2.10) Gecko/20100914 Firefox/3.6.10"
192.168.2.3 - - [12/Oct/2010:16:36:15 -0700] "GET http://forum.bodybuilding.com/forumdisplay.php?f=19 HTTP/1.1" - - "http://forum.bodybuilding.com/showthread.php?t=128256461" "Mozilla/5.0 (Windows; U; Windows NT 5.1; en-US; rv:1.9.2.10) Gecko/20100914 Firefox/3.6.10 ( .NET CLR 3.5.30729)"
192.168.2.2 - - [12/Oct/2010:16:36:16 -0700] "GET http://thepunchlineismachismo.com/archives/445 HTTP/1.1" - - "-" "Mozilla/5.0 (Windows; U; Windows NT 5.1; en-US; rv:1.9.2.10) Gecko/20100914 Firefox/3.6.10"
192.168.2.3 - - [12/Oct/2010:16:36:16 -0700] "GET http://forum.bodybuilding.com/clientscript/vbulletin_important.css?v=382 HTTP/1.1" - - "http://forum.bodybuilding.com/forumdisplay.php?f=19" "Mozilla/5.0 (Windows; U; Windows NT 5.1; en-US; rv:1.9.2.10) Gecko/20100914 Firefox/3.6.10 ( .NET CLR 3.5.30729)"
192.168.2.3 - - [12/Oct/2010:16:36:16 -0700] "GET http://forum.bodybuilding.com/clientscript/yui/yahoo-dom-event/yahoo-dom-event.js?v=382 HTTP/1.1" - - "http://forum.bodybuilding.com/forumdisplay.php?f=19" "Mozilla/5.0 (Windows; U; Windows NT 5.1; en-US; rv:1.9.2.10) Gecko/20100914 Firefox/3.6.10 ( .NET CLR 3.5.30729)"
192.168.2.3 - - [12/Oct/2010:16:36:16 -0700] "GET http://forum.bodybuilding.com/clientscript/vbulletin_global.js?v=382 HTTP/1.1" - - "http://forum.bodybuilding.com/forumdisplay.php?f=19" "Mozilla/5.0 (Windows; U; Windows NT 5.1; en-US; rv:1.9.2.10) Gecko/20100914 Firefox/3.6.10 ( .NET CLR 3.5.30729)"
192.168.2.3 - - [12/Oct/2010:16:36:16 -0700] "GET http://forum.bodybuilding.com/clientscript/yui/connection/connection-min.js?v=382 HTTP/1.1" - - "http://forum.bodybuilding.com/forumdisplay.php?f=19" "Mozilla/5.0 (Windows; U; Windows NT 5.1; en-US; rv:1.9.2.10) Gecko/20100914 Firefox/3.6.10 ( .NET CLR 3.5.30729)"
192.168.2.3 - - [12/Oct/2010:16:36:16 -0700] "GET http://forum.bodybuilding.com/clientscript/vbulletin_menu.js?v=382 HTTP/1.1" - - "http://forum.bodybuilding.com/forumdisplay.php?f=19" "Mozilla/5.0 (Windows; U; Windows NT 5.1; en-US; rv:1.9.2.10) Gecko/20100914 Firefox/3.6.10 ( .NET CLR 3.5.30729)"
192.168.2.3 - - [12/Oct/2010:16:36:16 -0700] "GET http://ad.bodybuilding.com/www/delivery/avw.php?zoneid=6&n=ad63cc81&ct0={clickurl} HTTP/1.1" - - "http://forum.bodybuilding.com/forumdisplay.php?f=19" "Mozilla/5.0 (Windows; U; Windows NT 5.1; en-US; rv:1.9.2.10) Gecko/20100914 Firefox/3.6.10 ( .NET CLR 3.5.30729)"
192.168.2.3 - - [12/Oct/2010:16:36:16 -0700] "GET http://ad.bodybuilding.com/www/delivery/avw.php?zoneid=5&cb={random}&n=a5579ff4&ct0={clickurl} HTTP/1.1" - - "http://forum.bodybuilding.com/forumdisplay.php?f=19" "Mozilla/5.0 (Windows; U; Windows NT 5.1; en-US; rv:1.9.2.10) Gecko/20100914 Firefox/3.6.10 ( .NET CLR 3.5.30729)"
192.168.2.2 - - [12/Oct/2010:16:36:17 -0700] "GET http://thepunchlineismachismo.com/wp-content/themes/comicpress/style.css HTTP/1.1" - - "http://thepunchlineismachismo.com/archives/445" "Mozilla/5.0 (Windows; U; Windows NT 5.1; en-US; rv:1.9.2.10) Gecko/20100914 Firefox/3.6.10"
192.168.2.2 - - [12/Oct/2010:16:36:17 -0700] "GET http://thepunchlineismachismo.com/wp-content/themes/comicpress/images/nav/mgdmt/navstyle.css?ver=3.0.1 HTTP/1.1" - - "http://thepunchlineismachismo.com/archives/445" "Mozilla/5.0 (Windows; U; Windows NT 5.1; en-US; rv:1.9.2.10) Gecko/20100914 Firefox/3.6.10"
192.168.2.2 - - [12/Oct/2010:16:36:17 -0700] "GET http://thepunchlineismachismo.com/wp-includes/js/jquery/jquery.js?ver=1.4.2 HTTP/1.1" - - "http://thepunchlineismachismo.com/archives/445" "Mozilla/5.0 (Windows; U; Windows NT 5.1; en-US; rv:1.9.2.10) Gecko/20100914 Firefox/3.6.10"
192.168.2.2 - - [12/Oct/2010:16:36:17 -0700] "GET http://thepunchlineismachismo.com/wp-content/uploads/css/custom_style.css HTTP/1.1" - - "http://thepunchlineismachismo.com/archives/445" "Mozilla/5.0 (Windows; U; Windows NT 5.1; en-US; rv:1.9.2.10) Gecko/20100914 Firefox/3.6.10"
192.168.2.2 - - [12/Oct/2010:16:36:17 -0700] "GET http://thepunchlineismachismo.com/wp-content/themes/comicpress/js/menubar.js?ver=3.0.1 HTTP/1.1" - - "http://thepunchlineismachismo.com/archives/445" "Mozilla/5.0 (Windows; U; Windows NT 5.1; en-US; rv:1.9.2.10) Gecko/20100914 Firefox/3.6.10"
192.168.2.2 - - [12/Oct/2010:16:36:17 -0700] "GET http://thepunchlineismachismo.com/wp-includes/js/comment-reply.js?ver=20090102 HTTP/1.1" - - "http://thepunchlineismachismo.com/archives/445" "Mozilla/5.0 (Windows; U; Windows NT 5.1; en-US; rv:1.9.2.10) Gecko/20100914 Firefox/3.6.10"
192.168.2.3 - - [12/Oct/2010:16:36:17 -0700] "GET http://ad.bodybuilding.com/www/images/ergoburn_horizontal_2.jpg?9d590a6cac HTTP/1.1" - - "http://forum.bodybuilding.com/forumdisplay.php?f=19" "Mozilla/5.0 (Windows; U; Windows NT 5.1; en-US; rv:1.9.2.10) Gecko/20100914 Firefox/3.6.10 ( .NET CLR 3.5.30729)"
192.168.2.3 - - [12/Oct/2010:16:36:17 -0700] "GET http://ad.bodybuilding.com/www/images/levrone_formula_forum.jpg?6e6081c289 HTTP/1.1" - - "http://forum.bodybuilding.com/forumdisplay.php?f=19" "Mozilla/5.0 (Windows; U; Windows NT 5.1; en-US; rv:1.9.2.10) Gecko/20100914 Firefox/3.6.10 ( .NET CLR 3.5.30729)"
192.168.2.2 - - [12/Oct/2010:16:36:17 -0700] "GET http://thepunchlineismachismo.com/comics/2010-10-11.jpg HTTP/1.1" - - "http://thepunchlineismachismo.com/archives/445" "Mozilla/5.0 (Windows; U; Windows NT 5.1; en-US; rv:1.9.2.10) Gecko/20100914 Firefox/3.6.10"
192.168.2.3 - - [12/Oct/2010:16:36:17 -0700] "GET http://ad.bodybuilding.com/www/delivery/avw.php?zoneid=6&n=ad63cc81&ct0={clickurl} HTTP/1.1" - - "http://forum.bodybuilding.com/forumdisplay.php?f=19" "Mozilla/5.0 (Windows; U; Windows NT 5.1; en-US; rv:1.9.2.10) Gecko/20100914 Firefox/3.6.10 ( .NET CLR 3.5.30729)"
192.168.2.3 - - [12/Oct/2010:16:36:17 -0700] "GET http://ad.bodybuilding.com/www/delivery/avw.php?zoneid=5&cb={random}&n=a5579ff4&ct0={clickurl} HTTP/1.1" - - "http://forum.bodybuilding.com/forumdisplay.php?f=19" "Mozilla/5.0 (Windows; U; Windows NT 5.1; en-US; rv:1.9.2.10) Gecko/20100914 Firefox/3.6.10 ( .NET CLR 3.5.30729)"
192.168.2.2 - - [12/Oct/2010:16:36:17 -0700] "GET http://thepunchlineismachismo.com/images/mgdmtbanner.jpg HTTP/1.1" - - "http://thepunchlineismachismo.com/archives/445" "Mozilla/5.0 (Windows; U; Windows NT 5.1; en-US; rv:1.9.2.10) Gecko/20100914 Firefox/3.6.10"
192.168.2.2 - - [12/Oct/2010:16:36:17 -0700] "GET http://thepunchlineismachismo.com/wp-content/themes/comicpress/js/scroll.js?ver=3.0.1 HTTP/1.1" - - "http://thepunchlineismachismo.com/archives/445" "Mozilla/5.0 (Windows; U; Windows NT 5.1; en-US; rv:1.9.2.10) Gecko/20100914 Firefox/3.6.10"
