192.168.2.2 - - [12/Oct/2010:16:35:46 -0700] "GET http://www.google.ca/extern_js/f/CgJlbhICY2ErMEU4ACwrMFo4ACwrMA44ACwrMBc4ACwrMCc4ACwrMDw4ACwrMFE4ACwrMAo4c0AdLCswFjgALCswGTgALCswJTjPiAEsKzAqOAssKzArOBEsKzA1OAAsKzBAOAAsKzBBOAAsKzBOOAYsKzBTOAAsKzBUOAAsKzAdOFosKzAYOAAsKzAmOAAsgAIXkAIf/IOeFlDajNbo.js HTTP/1.1" - - "http://www.google.ca/" "Mozilla/5.0 (Windows; U; Windows NT 5.1; en-US; rv:1.9.2.10) Gecko/20100914 Firefox/3.6.10"
192.168.2.2 - - [12/Oct/2010:16:35:46 -0700] "GET http://www.google.ca/extern_chrome/ada7c77ce7bb97eb.js HTTP/1.1" - - "http://www.google.ca/" "Mozilla/5.0 (Windows; U; Windows NT 5.1; en-US; rv:1.9.2.10) Gecko/20100914 Firefox/3.6.10"
192.168.2.2 - - [12/Oct/2010:16:35:46 -0700] "GET http://clients1.google.ca/generate_204 HTTP/1.1" - - "http://www.google.ca/" "Mozilla/5.0 (Windows; U; Windows NT 5.1; en-US; rv:1.9.2.10) Gecko/20100914 Firefox/3.6.10"
192.168.2.2 - - [12/Oct/2010:16:35:46 -0700] "GET http://clients1.google.ca/generate_204 HTTP/1.1" - - "http://www.google.ca/" "Mozilla/5.0 (Windows; U; Windows NT 5.1; en-US; rv:1.9.2.10) Gecko/20100914 Firefox/3.6.10"
192.168.2.2 - - [12/Oct/2010:16:35:46 -0700] "GET http://www.google.ca/gen_204?atyp=i&ct=backbutton&cad=&ei=nfC0TJCnI4nQsAOgkYWVCA&zx=1286926549235 HTTP/1.1" - - "http://www.google.ca/" "Mozilla/5.0 (Windows; U; Windows NT 5.1; en-US; rv:1.9.2.10) Gecko/20100914 Firefox/3.6.10"
192.168.2.3 - - [12/Oct/2010:16:35:49 -0700] "GET http://forum.bodybuilding.com/showthread.php?t=128256841 HTTP/1.1" - - "http://forum.bodybuilding.com/forumdisplay.php?f=19" "Mozilla/5.0 (Windows; U; Windows NT 5.1; en-US; rv:1.9.2.10) Gecko/20100914 Firefox/3.6.10 ( .NET CLR 3.5.30729)"
192.168.2.3 - - [12/Oct/2010:16:35:50 -0700] "GET http://forum.bodybuilding.com/clientscript/vbulletin_important.css?v=382 HTTP/1.1" - - "http://forum.bodybuilding.com/showthread.php?t=128256841" "Mozilla/5.0 (Windows; U; Windows NT 5.1; en-US; rv:1.9.2.10) Gecko/20100914 Firefox/3.6.10 ( .NET CLR 3.5.30729)"
192.168.2.3 - - [12/Oct/2010:16:35:50 -0700] "GET http://forum.bodybuilding.com/clientscript/yui/yahoo-dom-event/yahoo-dom-event.js?v=382 HTTP/1.1" - - "http://forum.bodybuilding.com/showthread.php?t=128256841" "Mozilla/5.0 (Windows; U; Windows NT 5.1; en-US; rv:1.9.2.10) Gecko/20100914 Firefox/3.6.10 ( .NET CLR 3.5.30729)"
192.168.2.3 - - [12/Oct/2010:16:35:50 -0700] "GET http://forum.bodybuilding.com/clientscript/yui/connection/connection-min.js?v=382 HTTP/1.1" - - "http://forum.bodybuilding.com/showthread.php?t=128256841" "Mozilla/5.0 (Windows; U; Windows NT 5.1; en-US; rv:1.9.2.10) Gecko/20100914 Firefox/3.6.10 ( .NET CLR 3.5.30729)"
192.168.2.3 - - [12/Oct/2010:16:35:50 -0700] "GET http://forum.bodybuilding.com/clientscript/vbulletin_menu.js?v=382 HTTP/1.1" - - "http://forum.bodybuilding.com/showthread.php?t=128256841" "Mozilla/5.0 (Windows; U; Windows NT 5.1; en-US; rv:1.9.2.10) Gecko/20100914 Firefox/3.6.10 ( .NET CLR 3.5.30729)"
192.168.2.3 - - [12/Oct/2010:16:35:50 -0700] "GET http://forum.bodybuilding.com/clientscript/vbulletin_global.js?v=382 HTTP/1.1" - - "http://forum.bodybuilding.com/showthread.php?t=128256841" "Mozilla/5.0 (Windows; U; Windows NT 5.1; en-US; rv:1.9.2.10) Gecko/20100914 Firefox/3.6.10 ( .NET CLR 3.5.30729)"
192.168.2.3 - - [12/Oct/2010:16:35:50 -0700] "GET http://ad.bodybuilding.com/www/delivery/avw.php?zoneid=5&cb={random}&n=a5579ff4&ct0={clickurl} HTTP/1.1" - - "http://forum.bodybuilding.com/showthread.php?t=128256841" "Mozilla/5.0 (Windows; U; Windows NT 5.1; en-US; rv:1.9.2.10) Gecko/20100914 Firefox/3.6.10 ( .NET CLR 3.5.30729)"
192.168.2.3 - - [12/Oct/2010:16:35:50 -0700] "GET http://ad.bodybuilding.com/www/delivery/avw.php?zoneid=6&n=ad63cc81&ct0={clickurl} HTTP/1.1" - - "http://forum.bodybuilding.com/showthread.php?t=128256841" "Mozilla/5.0 (Windows; U; Windows NT 5.1; en-US; rv:1.9.2.10) Gecko/20100914 Firefox/3.6.10 ( .NET CLR 3.5.30729)"
192.168.2.3 - - [12/Oct/2010:16:35:50 -0700] "GET http://forum.bodybuilding.com/clientscript/vbulletin_post_loader.js?v=382 HTTP/1.1" - - "http://forum.bodybuilding.com/showthread.php?t=128256841" "Mozilla/5.0 (Windows; U; Windows NT 5.1; en-US; rv:1.9.2.10) Gecko/20100914 Firefox/3.6.10 ( .NET CLR 3.5.30729)"
192.168.2.3 - - [12/Oct/2010:16:35:50 -0700] "GET http://forum.bodybuilding.com/clientscript/vbulletin_ajax_reputation.js?v=382 HTTP/1.1" - - "http://forum.bodybuilding.com/showthread.php?t=128256841" "Mozilla/5.0 (Windows; U; Windows NT 5.1; en-US; rv:1.9.2.10) Gecko/20100914 Firefox/3.6.10 ( .NET CLR 3.5.30729)"
192.168.2.3 - - [12/Oct/2010:16:35:50 -0700] "GET http://bodyspace.bodybuilding.com/img/user_images/growable/2010/09/24/17833652/profilepic/1l9oi8GFAVuV37XOUum7PRKlECnM1753a.jpeg HTTP/1.1" - - "http://forum.bodybuilding.com/showthread.php?t=128256841" "Mozilla/5.0 (Windows; U; Windows NT 5.1; en-US; rv:1.9.2.10) Gecko/20100914 Firefox/3.6.10 ( .NET CLR 3.5.30729)"
192.168.2.3 - - [12/Oct/2010:16:35:50 -0700] "GET http://bodyspace.bodybuilding.com/img/user_images/growable/2010/10/05/25704651/profilepic/15wSsRexe8O3stNtgqBcFM5ZOY4Tg1796a.jpeg HTTP/1.1" - - "http://forum.bodybuilding.com/showthread.php?t=128256841" "Mozilla/5.0 (Windows; U; Windows NT 5.1; en-US; rv:1.9.2.10) Gecko/20100914 Firefox/3.6.10 ( .NET CLR 3.5.30729)"
192.168.2.3 - - [12/Oct/2010:16:35:50 -0700] "GET http://ad.bodybuilding.com/www/images/forum_nthc_forum.jpg?ce1fdae371 HTTP/1.1" - - "http://forum.bodybuilding.com/showthread.php?t=128256841" "Mozilla/5.0 (Windows; U; Windows NT 5.1; en-US; rv:1.9.2.10) Gecko/20100914 Firefox/3.6.10 ( .NET CLR 3.5.30729)"
192.168.2.3 - - [12/Oct/2010:16:35:50 -0700] "GET http://ad.bodybuilding.com/www/images/cheap_supplements_forum.jpg?88d36de83f HTTP/1.1" - - "http://forum.bodybuilding.com/showthread.php?t=128256841" "Mozilla/5.0 (Windows; U; Windows NT 5.1; en-US; rv:1.9.2.10) Gecko/20100914 Firefox/3.6.10 ( .NET CLR 3.5.30729)"
192.168.2.3 - - [12/Oct/2010:16:35:50 -0700] "GET http://forum.bodybuilding.com/clientscript/vbulletin_editor.css?v=382 HTTP/1.1" - - "http://forum.bodybuilding.com/showthread.php?t=128256841" "Mozilla/5.0 (Windows; U; Windows NT 5.1; en-US; rv:1.9.2.10) Gecko/20100914 Firefox/3.6.10 ( .NET CLR 3.5.30729)"
192.168.2.3 - - [12/Oct/2010:16:35:50 -0700] "GET http://bodyspace.bodybuilding.com/img/user_images/growable/2010/09/13/22040831/profilepic/1n17q7lffj7LGSMJsFaePKD9ioVz318a.jpeg HTTP/1.1" - - "http://forum.bodybuilding.com/showthread.php?t=128256841" "Mozilla/5.0 (Windows; U; Windows NT 5.1; en-US; rv:1.9.2.10) Gecko/20100914 Firefox/3.6.10 ( .NET CLR 3.5.30729)"
192.168.2.3 - - [12/Oct/2010:16:35:50 -0700] "GET http://bodyspace.bodybuilding.com/img/user_images/growable/2008/07/07/11022520/profilepic/1984062a.jpg HTTP/1.1" - - "http://forum.bodybuilding.com/showthread.php?t=128256841" "Mozilla/5.0 (Windows; U; Windows NT 5.1; en-US; rv:1.9.2.10) Gecko/20100914 Firefox/3.6.10 ( .NET CLR 3.5.30729)"
192.168.2.3 - - [12/Oct/2010:16:35:50 -0700] "GET http://bodyspace.bodybuilding.com/img/user_images/growable/2010/08/02/13415302/profilepic/1IrJB74nmHwLsRMEXGz8PmQg5mdn203a.jpeg HTTP/1.1" - - "http://forum.bodybuilding.com/showthread.php?t=128256841" "Mozilla/5.0 (Windows; U; Windows NT 5.1; en-US; rv:1.9.2.10) Gecko/20100914 Firefox/3.6.10 ( .NET CLR 3.5.30729)"
192.168.2.3 - - [12/Oct/2010:16:35:50 -0700] "GET http://bodyspace.bodybuilding.com/img/user_images/growable/2009/06/30/76780/profilepic/1F6U4GGPTt5Xle5kqVHYaQIjPB0797a.jpeg HTTP/1.1" - - "http://forum.bodybuilding.com/showthread.php?t=128256841" "Mozilla/5.0 (Windows; U; Windows NT 5.1; en-US; rv:1.9.2.10) Gecko/20100914 Firefox/3.6.10 ( .NET CLR 3.5.30729)"
192.168.2.3 - - [12/Oct/2010:16:35:50 -0700] "GET http://bodyspace.bodybuilding.com/img/user_images/growable/2010/07/02/24824621/profilepic/1AO09jvjmT3bMHXigB4VrkknstCj0427a.jpeg HTTP/1.1" - - "http://forum.bodybuilding.com/showthread.php?t=128256841" "Mozilla/5.0 (Windows; U; Windows NT 5.1; en-US; rv:1.9.2.10) Gecko/20100914 Firefox/3.6.10 ( .NET CLR 3.5.30729)"
192.168.2.3 - - [12/Oct/2010:16:35:50 -0700] "GET http://bodyspace.bodybuilding.com/img/user_images/growable/2010/10/12/29436612/profilepic/1luXha98lp8VbJRQfPcbrwOb0HtlZ1080a.jpeg HTTP/1.1" - - "http://forum.bodybuilding.com/showthread.php?t=128256841" "Mozilla/5.0 (Windows; U; Windows NT 5.1; en-US; rv:1.9.2.10) Gecko/20100914 Firefox/3.6.10 ( .NET CLR 3.5.30729)"
192.168.2.3 - - [12/Oct/2010:16:35:50 -0700] "GET http://ad.bodybuilding.com/www/delivery/avw.php?zoneid=5&cb={random}&n=a5579ff4&ct0={clickurl} HTTP/1.1" - - "http://forum.bodybuilding.com/showthread.php?t=128256841" "Mozilla/5.0 (Windows; U; Windows NT 5.1; en-US; rv:1.9.2.10) Gecko/20100914 Firefox/3.6.10 ( .NET CLR 3.5.30729)"
192.168.2.3 - - [12/Oct/2010:16:35:50 -0700] "GET http://ad.bodybuilding.com/www/delivery/avw.php?zoneid=6&n=ad63cc81&ct0={clickurl} HTTP/1.1" - - "http://forum.bodybuilding.com/showthread.php?t=128256841" "Mozilla/5.0 (Windows; U; Windows NT 5.1; en-US; rv:1.9.2.10) Gecko/20100914 Firefox/3.6.10 ( .NET CLR 3.5.30729)"
192.168.2.3 - - [12/Oct/2010:16:35:51 -0700] "GET http://bodyspace.bodybuilding.com/img/user_images/growable/2010/10/05/20639382/profilepic/1UK2LDo8HWPCe6xOGplK4QDz2hS927a.jpeg HTTP/1.1" - - "http://forum.bodybuilding.com/showthread.php?t=128256841" "Mozilla/5.0 (Windows; U; Windows NT 5.1; en-US; rv:1.9.2.10) Gecko/20100914 Firefox/3.6.10 ( .NET CLR 3.5.30729)"
192.168.2.3 - - [12/Oct/2010:16:35:51 -0700] "GET http://bodyspace.bodybuilding.com/img/user_images/growable/2010/09/01/21874161/profilepic/12M3qsxL3dGC4plcjVT8E90g0QkxE1502a.jpeg HTTP/1.1" - - "http://forum.bodybuilding.com/showthread.php?t=128256841" "Mozilla/5.0 (Windows; U; Windows NT 5.1; en-US; rv:1.9.2.10) Gecko/20100914 Firefox/3.6.10 ( .NET CLR 3.5.30729)"
192.168.2.3 - - [12/Oct/2010:16:35:51 -0700] "GET http://bodyspace.bodybuilding.com/img/user_images/growable/2010/09/21/17738912/profilepic/1kHiszYOuuomoYFmSU4KshTR8l9rN0649a.jpeg HTTP/1.1" - - "http://forum.bodybuilding.com/showthread.php?t=128256841" "Mozilla/5.0 (Windows; U; Windows NT 5.1; en-US; rv:1.9.2.10) Gecko/20100914 Firefox/3.6.10 ( .NET CLR 3.5.30729)"
192.168.2.3 - - [12/Oct/2010:16:35:51 -0700] "GET http://bodyspace.bodybuilding.com/img/user_images/growable/2010/07/15/26488981/profilepic/1iggdXV1DutL7jSPWRTGfq73ADsmg790a.jpeg HTTP/1.1" - - "http://forum.bodybuilding.com/showthread.php?t=128256841" "Mozilla/5.0 (Windows; U; Windows NT 5.1; en-US; rv:1.9.2.10) Gecko/20100914 Firefox/3.6.10 ( .NET CLR 3.5.30729)"
192.168.2.3 - - [12/Oct/2010:16:35:51 -0700] "GET http://bodyspace.bodybuilding.com/img/user_images/growable/2009/06/17/18524252/profilepic/1RQeicfQTkt1qvzoLItud8RGYQoVy836a.jpeg HTTP/1.1" - - "http://forum.bodybuilding.com/showthread.php?t=128256841" "Mozilla/5.0 (Windows; U; Windows NT 5.1; en-US; rv:1.9.2.10) Gecko/20100914 Firefox/3.6.10 ( .NET CLR 3.5.30729)"
192.168.2.3 - - [12/Oct/2010:16:35:51 -0700] "GET http://bodyspace.bodybuilding.com/img/user_images/growable/2010/06/26/99733/profilepic/1P7A4p2bPimO4iW5UlGeeVQ9IQOl1057a.jpg HTTP/1.1" - - "http://forum.bodybuilding.com/showthread.php?t=128256841" "Mozilla/5.0 (Windows; U; Windows NT 5.1; en-US; rv:1.9.2.10) Gecko/20100914 Firefox/3.6.10 ( .NET CLR 3.5.30729)"
192.168.2.3 - - [12/Oct/2010:16:35:51 -0700] "GET http://forum.bodybuilding.com/clientscript/vbulletin_lightbox.js?v=382 HTTP/1.1" - - "http://forum.bodybuilding.com/showthread.php?t=128256841" "Mozilla/5.0 (Windows; U; Windows NT 5.1; en-US; rv:1.9.2.10) Gecko/20100914 Firefox/3.6.10 ( .NET CLR 3.5.30729)"
192.168.2.3 - - [12/Oct/2010:16:35:51 -0700] "GET http://ad.bodybuilding.com/www/images/220_60_shotgun.jpg?8292b591a8 HTTP/1.1" - - "http://forum.bodybuilding.com/showthread.php?t=128256841" "Mozilla/5.0 (Windows; U; Windows NT 5.1; en-US; rv:1.9.2.10) Gecko/20100914 Firefox/3.6.10 ( .NET CLR 3.5.30729)"
192.168.2.3 - - [12/Oct/2010:16:35:51 -0700] "GET http://ad.bodybuilding.com/www/images/bu&lnox_220x60.jpg?c1bba763b8 HTTP/1.1" - - "http://forum.bodybuilding.com/showthread.php?t=128256841" "Mozilla/5.0 (Windows; U; Windows NT 5.1; en-US; rv:1.9.2.10) Gecko/20100914 Firefox/3.6.10 ( .NET CLR 3.5.30729)"
192.168.2.3 - - [12/Oct/2010:16:35:51 -0700] "GET http://forum.bodybuilding.com/clientscript/vbulletin_multi_quote.js?v=382 HTTP/1.1" - - "http://forum.bodybuilding.com/showthread.php?t=128256841" "Mozilla/5.0 (Windows; U; Windows NT 5.1; en-US; rv:1.9.2.10) Gecko/20100914 Firefox/3.6.10 ( .NET CLR 3.5.30729)"
192.168.2.3 - - [12/Oct/2010:16:35:51 -0700] "GET http://forum.bodybuilding.com/clientscript/vbulletin_textedit.js?v=382 HTTP/1.1" - - "http://forum.bodybuilding.com/showthread.php?t=128256841" "Mozilla/5.0 (Windows; U; Windows NT 5.1; en-US; rv:1.9.2.10) Gecko/20100914 Firefox/3.6.10 ( .NET CLR 3.5.30729)"
192.168.2.3 - - [12/Oct/2010:16:35:52 -0700] "GET http://forum.bodybuilding.com/clientscript/vbulletin_quick_edit.js?v=382 HTTP/1.1" - - "http://forum.bodybuilding.com/showthread.php?t=128256841" "Mozilla/5.0 (Windows; U; Windows NT 5.1; en-US; rv:1.9.2.10) Gecko/20100914 Firefox/3.6.10 ( .NET CLR 3.5.30729)"
192.168.2.3 - - [12/Oct/2010:16:35:52 -0700] "GET http://forum.bodybuilding.com/clientscript/vbulletin_quick_reply.js?v=382 HTTP/1.1" - - "http://forum.bodybuilding.com/showthread.php?t=128256841" "Mozilla/5.0 (Windows; U; Windows NT 5.1; en-US; rv:1.9.2.10) Gecko/20100914 Firefox/3.6.10 ( .NET CLR 3.5.30729)"
192.168.2.3 - - [12/Oct/2010:16:35:52 -0700] "GET http://forum.bodybuilding.com/clientscript/vbulletin_ajax_threadrate.js?v=382 HTTP/1.1" - - "http://forum.bodybuilding.com/showthread.php?t=128256841" "Mozilla/5.0 (Windows; U; Windows NT 5.1; en-US; rv:1.9.2.10) Gecko/20100914 Firefox/3.6.10 ( .NET CLR 3.5.30729)"
192.168.2.3 - - [12/Oct/2010:16:35:52 -0700] "GET http://n.bodybuilding.com/b/ss/bbprod/1/H.21/s95354954611355?AQB=1&ndh=1&t=12/9/2010%2016%3A35%3A51%202%20420&ns=bodybuildingcom&pageName=Forum%3A%20Thread&g=http%3A//forum.bodybuilding.com/showthread.php%3Ft%3D128256841&r=http%3A//forum.bodybuilding.com/forumdisplay.php%3Ff%3D19&cc=USD&ch=forum&server=forum.bodybuilding.com&events=event3&c1=Forum%3A%20Thread&v1=Forum%3A%20Thread&c2=List%20Page&v2=List%20Page&c3=Repeat&v3=Repeat&c18=80&c20=Forum%3A%20Main%20Category%20Page&c36=More%20General%20Categories&v36=More%20General%20Categories&c37=Misc.&v37=Misc.&c39=Accidentally%20Broke%20Mirror%20at%20Gym&v39=Accidentally%20Broke%20Mirror%20at%20Gym&c41=BodySpace%20Member&v41=BodySpace%20Member&c42=B-Neva&v42=B-Neva&c43=I%20want%20to%20Transform%20My%20Body.&v43=I%20want%20to%20Transform%20My%20Body.&s=1440x900&c=24&j=1.7&v=Y&k=Y&bw=1440&bh=736&p=Java%20Deployment%20Toolkit%206.0.200.2%3BMozilla%20Default%20Plug-in%3BAdobe%20Acrobat%3BQuickTime%20Plug-in%207.6.8%3BFacebook%20Plugin%3BShockwave%20Flash%3BiTunes%20Application%20Detector%3BDivX%20Web%20Player%3BYahoo%20Application%20State%20Plugin%3BMicrosoft%20Office%202010%3BWindows%20Presentation%20Foundation%3BJava%28TM%29%20Platform%20SE%206%20U20%3BWindows%20Media%20Player%20Plug-in%20Dynamic%20Link%20Library%3BMicrosoft%AE%20DRM%3B&pid=Forum%3A%20Main%20Category%20Page&pidt=1&oid=http%3A//forum.bodybuilding.com/showthread.php%3Ft%3D128256841&ot=A&AQE=1 HTTP/1.1" - - "http://forum.bodybuilding.com/showthread.php?t=128256841" "Mozilla/5.0 (Windows; U; Windows NT 5.1; en-US; rv:1.9.2.10) Gecko/20100914 Firefox/3.6.10 ( .NET CLR 3.5.30729)"
192.168.2.3 - - [12/Oct/2010:16:35:52 -0700] "GET http://ad.bodybuilding.com/www/delivery/avw.php?zoneid=6&n=ad63cc81&ct0={clickurl} HTTP/1.1" - - "http://forum.bodybuilding.com/showthread.php?t=128256841" "Mozilla/5.0 (Windows; U; Windows NT 5.1; en-US; rv:1.9.2.10) Gecko/20100914 Firefox/3.6.10 ( .NET CLR 3.5.30729)"
192.168.2.3 - - [12/Oct/2010:16:35:52 -0700] "GET http://ad.bodybuilding.com/www/delivery/avw.php?zoneid=5&cb={random}&n=a5579ff4&ct0={clickurl} HTTP/1.1" - - "http://forum.bodybuilding.com/showthread.php?t=128256841" "Mozilla/5.0 (Windows; U; Windows NT 5.1; en-US; rv:1.9.2.10) Gecko/20100914 Firefox/3.6.10 ( .NET CLR 3.5.30729)"
192.168.2.3 - - [12/Oct/2010:16:35:52 -0700] "GET http://ad.bodybuilding.com/www/images/hemo_forum.jpg?81d7496e49 HTTP/1.1" - - "http://forum.bodybuilding.com/showthread.php?t=128256841" "Mozilla/5.0 (Windows; U; Windows NT 5.1; en-US; rv:1.9.2.10) Gecko/20100914 Firefox/3.6.10 ( .NET CLR 3.5.30729)"
192.168.2.3 - - [12/Oct/2010:16:35:52 -0700] "GET http://ad.bodybuilding.com/www/images/forum_syntha65lbsep09.jpg?4c8bb10dd4 HTTP/1.1" - - "http://forum.bodybuilding.com/showthread.php?t=128256841" "Mozilla/5.0 (Windows; U; Windows NT 5.1; en-US; rv:1.9.2.10) Gecko/20100914 Firefox/3.6.10 ( .NET CLR 3.5.30729)"
192.168.2.3 - - [12/Oct/2010:16:35:54 -0700] "GET http://ad.bodybuilding.com/www/delivery/avw.php?zoneid=6&n=ad63cc81&ct0={clickurl} HTTP/1.1" - - "http://forum.bodybuilding.com/forumdisplay.php?f=19" "Mozilla/5.0 (Windows; U; Windows NT 5.1; en-US; rv:1.9.2.10) Gecko/20100914 Firefox/3.6.10 ( .NET CLR 3.5.30729)"
192.168.2.3 - - [12/Oct/2010:16:35:54 -0700] "GET http://ad.bodybuilding.com/www/delivery/avw.php?zoneid=5&cb={random}&n=a5579ff4&ct0={clickurl} HTTP/1.1" - - "http://forum.bodybuilding.com/forumdisplay.php?f=19" "Mozilla/5.0 (Windows; U; Windows NT 5.1; en-US; rv:1.9.2.10) Gecko/20100914 Firefox/3.6.10 ( .NET CLR 3.5.30729)"
192.168.2.3 - - [12/Oct/2010:16:35:54 -0700] "GET http://n.bodybuilding.com/b/ss/bbprod/1/H.21/s98672151542851?AQB=1&ndh=1&t=12/9/2010%2016%3A35%3A53%202%20420&ns=bodybuildingcom&pageName=Forum%3A%20Main%20Category%20Page&g=http%3A//forum.bodybuilding.com/forumdisplay.php%3Ff%3D19&r=http%3A//forum.bodybuilding.com/showthread.php%3Ft%3D128257811&cc=USD&ch=forum&server=forum.bodybuilding.com&events=event3&c1=Forum%3A%20Main%20Category%20Page&v1=Forum%3A%20Main%20Category%20Page&c2=Category%20Page&v2=Category%20Page&c3=Repeat&v3=Repeat&c18=6&c20=Forum%3A%20Thread&c36=More%20General%20Categories&v36=More%20General%20Categories&c37=Misc.&v37=Misc.&c41=BodySpace%20Member&v41=BodySpace%20Member&c42=B-Neva&v42=B-Neva&c43=I%20want%20to%20Transform%20My%20Body.&v43=I%20want%20to%20Transform%20My%20Body.&s=1440x900&c=24&j=1.7&v=Y&k=Y&bw=1440&bh=736&p=Java%20Deployment%20Toolkit%206.0.200.2%3BMozilla%20Default%20Plug-in%3BAdobe%20Acrobat%3BQuickTime%20Plug-in%207.6.8%3BFacebook%20Plugin%3BShockwave%20Flash%3BiTunes%20Application%20Detector%3BDivX%20Web%20Player%3BYahoo%20Application%20State%20Plugin%3BMicrosoft%20Office%202010%3BWindows%20Presentation%20Foundation%3BJava%28TM%29%20Platform%20SE%206%20U20%3BWindows%20Media%20Player%20Plug-in%20Dynamic%20Link%20Library%3BMicrosoft%AE%20DRM%3B&AQE=1 HTTP/1.1" - - "http://forum.bodybuilding.com/forumdisplay.php?f=19" "Mozilla/5.0 (Windows; U; Windows NT 5.1; en-US; rv:1.9.2.10) Gecko/20100914 Firefox/3.6.10 ( .NET CLR 3.5.30729)"
192.168.2.3 - - [12/Oct/2010:16:35:54 -0700] "GET http://ad.bodybuilding.com/www/images/forum_bsn_noxplode.jpg?2a64428a87 HTTP/1.1" - - "http://forum.bodybuilding.com/forumdisplay.php?f=19" "Mozilla/5.0 (Windows; U; Windows NT 5.1; en-US; rv:1.9.2.10) Gecko/20100914 Firefox/3.6.10 ( .NET CLR 3.5.30729)"
192.168.2.3 - - [12/Oct/2010:16:35:54 -0700] "GET http://ad.bodybuilding.com/www/images/power-shock-220x60-d2.jpg?1ef090f3b8 HTTP/1.1" - - "http://forum.bodybuilding.com/forumdisplay.php?f=19" "Mozilla/5.0 (Windows; U; Windows NT 5.1; en-US; rv:1.9.2.10) Gecko/20100914 Firefox/3.6.10 ( .NET CLR 3.5.30729)"
192.168.2.2 - - [12/Oct/2010:16:35:54 -0700] "GET http://www.ebay.ca/ HTTP/1.1" - - "-" "Mozilla/5.0 (Windows; U; Windows NT 5.1; en-US; rv:1.9.2.10) Gecko/20100914 Firefox/3.6.10"
192.168.2.3 - - [12/Oct/2010:16:35:54 -0700] "GET http://ad.bodybuilding.com/www/delivery/avw.php?zoneid=6&n=ad63cc81&ct0={clickurl} HTTP/1.1" - - "http://forum.bodybuilding.com/forumdisplay.php?f=19" "Mozilla/5.0 (Windows; U; Windows NT 5.1; en-US; rv:1.9.2.10) Gecko/20100914 Firefox/3.6.10 ( .NET CLR 3.5.30729)"
192.168.2.3 - - [12/Oct/2010:16:35:54 -0700] "GET http://ad.bodybuilding.com/www/delivery/avw.php?zoneid=5&cb={random}&n=a5579ff4&ct0={clickurl} HTTP/1.1" - - "http://forum.bodybuilding.com/forumdisplay.php?f=19" "Mozilla/5.0 (Windows; U; Windows NT 5.1; en-US; rv:1.9.2.10) Gecko/20100914 Firefox/3.6.10 ( .NET CLR 3.5.30729)"
192.168.2.3 - - [12/Oct/2010:16:35:54 -0700] "GET http://ad.bodybuilding.com/www/images/review_forum.jpg?9cf95d649d HTTP/1.1" - - "http://forum.bodybuilding.com/forumdisplay.php?f=19" "Mozilla/5.0 (Windows; U; Windows NT 5.1; en-US; rv:1.9.2.10) Gecko/20100914 Firefox/3.6.10 ( .NET CLR 3.5.30729)"
192.168.2.3 - - [12/Oct/2010:16:35:54 -0700] "GET http://ad.bodybuilding.com/www/images/forum_singlebars.jpg?0f05a62f86 HTTP/1.1" - - "http://forum.bodybuilding.com/forumdisplay.php?f=19" "Mozilla/5.0 (Windows; U; Windows NT 5.1; en-US; rv:1.9.2.10) Gecko/20100914 Firefox/3.6.10 ( .NET CLR 3.5.30729)"
192.168.2.2 - - [12/Oct/2010:16:35:55 -0700] "GET http://rover.ebay.com/roversync/?site=2&stg=1&mpt=1286926554828 HTTP/1.1" - - "http://www.ebay.ca/" "Mozilla/5.0 (Windows; U; Windows NT 5.1; en-US; rv:1.9.2.10) Gecko/20100914 Firefox/3.6.10"
192.168.2.2 - - [12/Oct/2010:16:35:55 -0700] "GET http://q.ebaystatic.com/aw/pics/ca/globalAssets/imgCCHPMeBAAGSignedOut.gif HTTP/1.1" - - "http://www.ebay.ca/" "Mozilla/5.0 (Windows; U; Windows NT 5.1; en-US; rv:1.9.2.10) Gecko/20100914 Firefox/3.6.10"
192.168.2.2 - - [12/Oct/2010:16:35:55 -0700] "GET http://p.ebaystatic.com/aw/pics/ca/logos/logoEbay_x45.gif HTTP/1.1" - - "http://www.ebay.ca/" "Mozilla/5.0 (Windows; U; Windows NT 5.1; en-US; rv:1.9.2.10) Gecko/20100914 Firefox/3.6.10"
192.168.2.2 - - [12/Oct/2010:16:35:55 -0700] "GET http://include.ebaystatic.com/v4css/en_CA/e689i/GH-ZAM_RedesignEbay_e689i12186845_en_CA.css HTTP/1.1" - - "http://www.ebay.ca/" "Mozilla/5.0 (Windows; U; Windows NT 5.1; en-US; rv:1.9.2.10) Gecko/20100914 Firefox/3.6.10"
192.168.2.2 - - [12/Oct/2010:16:35:55 -0700] "GET http://include.ebaystatic.com/v4css/en_CA/e689i/CCHP_HomepageV4_DLSR_e689i12186845_en_CA.css HTTP/1.1" - - "http://www.ebay.ca/" "Mozilla/5.0 (Windows; U; Windows NT 5.1; en-US; rv:1.9.2.10) Gecko/20100914 Firefox/3.6.10"
192.168.2.2 - - [12/Oct/2010:16:35:55 -0700] "GET http://include.ebaystatic.com/v4js/en_CA/e689i/SYS-ZAM_vjo_e689i12185480_1_en_CA.js HTTP/1.1" - - "http://www.ebay.ca/" "Mozilla/5.0 (Windows; U; Windows NT 5.1; en-US; rv:1.9.2.10) Gecko/20100914 Firefox/3.6.10"
192.168.2.2 - - [12/Oct/2010:16:35:55 -0700] "GET http://include.ebaystatic.com/v4js/en_CA/e689i/GH-ZAM_RedesignEbay_e689i12185480_1_en_CA.js HTTP/1.1" - - "http://www.ebay.ca/" "Mozilla/5.0 (Windows; U; Windows NT 5.1; en-US; rv:1.9.2.10) Gecko/20100914 Firefox/3.6.10"
192.168.2.2 - - [12/Oct/2010:16:35:55 -0700] "GET http://rover.ebay.ca/roversync/?site=2&stg=1&cguid=a2ccd80312b0a0aad2d0dea0feee2408&mpt=1286926555139 HTTP/1.1" - - "http://www.ebay.ca/" "Mozilla/5.0 (Windows; U; Windows NT 5.1; en-US; rv:1.9.2.10) Gecko/20100914 Firefox/3.6.10"
192.168.2.2 - - [12/Oct/2010:16:35:55 -0700] "GET http://p.ebaystatic.com/aw/pics/globalAssets/imgContentPropertyNav.jpg HTTP/1.1" - - "http://www.ebay.ca/" "Mozilla/5.0 (Windows; U; Windows NT 5.1; en-US; rv:1.9.2.10) Gecko/20100914 Firefox/3.6.10"
192.168.2.2 - - [12/Oct/2010:16:35:55 -0700] "GET http://q.ebaystatic.com/aw/pics/globalAssets/imgCCHPWorldMap.gif HTTP/1.1" - - "http://www.ebay.ca/" "Mozilla/5.0 (Windows; U; Windows NT 5.1; en-US; rv:1.9.2.10) Gecko/20100914 Firefox/3.6.10"
192.168.2.2 - - [12/Oct/2010:16:35:55 -0700] "GET http://include.ebaystatic.com/v4js/en_CA/e689i/SYS-ZAM_vjo_e689i12185480_opta_en_CA.js HTTP/1.1" - - "http://www.ebay.ca/" "Mozilla/5.0 (Windows; U; Windows NT 5.1; en-US; rv:1.9.2.10) Gecko/20100914 Firefox/3.6.10"
192.168.2.2 - - [12/Oct/2010:16:35:55 -0700] "GET http://include.ebaystatic.com/v4js/en_CA/e689i/CCHP_HomepageV4_DLSR_e689i12185480_6_en_CA.js HTTP/1.1" - - "http://www.ebay.ca/" "Mozilla/5.0 (Windows; U; Windows NT 5.1; en-US; rv:1.9.2.10) Gecko/20100914 Firefox/3.6.10"
192.168.2.2 - - [12/Oct/2010:16:35:55 -0700] "GET http://q.ebaystatic.com/aw/pics/s.gif HTTP/1.1" - - "http://www.ebay.ca/" "Mozilla/5.0 (Windows; U; Windows NT 5.1; en-US; rv:1.9.2.10) Gecko/20100914 Firefox/3.6.10"
192.168.2.2 - - [12/Oct/2010:16:35:55 -0700] "GET http://rover.ebay.com/roversync/?site=2&stg=1&mpt=1286926554828 HTTP/1.1" - - "http://www.ebay.ca/" "Mozilla/5.0 (Windows; U; Windows NT 5.1; en-US; rv:1.9.2.10) Gecko/20100914 Firefox/3.6.10"
192.168.2.2 - - [12/Oct/2010:16:35:55 -0700] "GET http://p.ebaystatic.com/aw/pics/globalHeader/imgHdrMainNavBg3.gif HTTP/1.1" - - "http://include.ebaystatic.com/v4css/en_CA/e689i/GH-ZAM_RedesignEbay_e689i12186845_en_CA.css" "Mozilla/5.0 (Windows; U; Windows NT 5.1; en-US; rv:1.9.2.10) Gecko/20100914 Firefox/3.6.10"
192.168.2.2 - - [12/Oct/2010:16:35:55 -0700] "GET http://q.ebaystatic.com/aw/pics/homepage/sprHdr4.png HTTP/1.1" - - "http://include.ebaystatic.com/v4css/en_CA/e689i/GH-ZAM_RedesignEbay_e689i12186845_en_CA.css" "Mozilla/5.0 (Windows; U; Windows NT 5.1; en-US; rv:1.9.2.10) Gecko/20100914 Firefox/3.6.10"
192.168.2.2 - - [12/Oct/2010:16:35:55 -0700] "GET http://p.ebaystatic.com/aw/pics/homepage/imgArrowDot.png HTTP/1.1" - - "http://include.ebaystatic.com/v4css/en_CA/e689i/GH-ZAM_RedesignEbay_e689i12186845_en_CA.css" "Mozilla/5.0 (Windows; U; Windows NT 5.1; en-US; rv:1.9.2.10) Gecko/20100914 Firefox/3.6.10"
192.168.2.2 - - [12/Oct/2010:16:35:55 -0700] "GET http://p.ebaystatic.com/aw/pics/cmp/ui/sprPanelGrads.gif HTTP/1.1" - - "http://include.ebaystatic.com/v4css/en_CA/e689i/CCHP_HomepageV4_DLSR_e689i12186845_en_CA.css" "Mozilla/5.0 (Windows; U; Windows NT 5.1; en-US; rv:1.9.2.10) Gecko/20100914 Firefox/3.6.10"
192.168.2.2 - - [12/Oct/2010:16:35:55 -0700] "GET http://rover.ebay.ca/roversync/?site=2&stg=1&cguid=a2ccd80312b0a0aad2d0dea0feee2408&mpt=1286926555395 HTTP/1.1" - - "http://www.ebay.ca/" "Mozilla/5.0 (Windows; U; Windows NT 5.1; en-US; rv:1.9.2.10) Gecko/20100914 Firefox/3.6.10"
192.168.2.3 - - [12/Oct/2010:16:35:57 -0700] "GET http://ad.bodybuilding.com/www/delivery/avw.php?zoneid=6&n=ad63cc81&ct0={clickurl} HTTP/1.1" - - "http://forum.bodybuilding.com/showthread.php?t=128256841" "Mozilla/5.0 (Windows; U; Windows NT 5.1; en-US; rv:1.9.2.10) Gecko/20100914 Firefox/3.6.10 ( .NET CLR 3.5.30729)"
192.168.2.3 - - [12/Oct/2010:16:35:57 -0700] "GET http://ad.bodybuilding.com/www/delivery/avw.php?zoneid=5&cb={random}&n=a5579ff4&ct0={clickurl} HTTP/1.1" - - "http://forum.bodybuilding.com/showthread.php?t=128256841" "Mozilla/5.0 (Windows; U; Windows NT 5.1; en-US; rv:1.9.2.10) Gecko/20100914 Firefox/3.6.10 ( .NET CLR 3.5.30729)"
192.168.2.3 - - [12/Oct/2010:16:35:57 -0700] "GET http://ad.bodybuilding.com/www/images/cheap_supplements_forum.jpg?2c4f0e4a41 HTTP/1.1" - - "http://forum.bodybuilding.com/showthread.php?t=128256841" "Mozilla/5.0 (Windows; U; Windows NT 5.1; en-US; rv:1.9.2.10) Gecko/20100914 Firefox/3.6.10 ( .NET CLR 3.5.30729)"
192.168.2.3 - - [12/Oct/2010:16:35:57 -0700] "GET http://ad.bodybuilding.com/www/images/iphone_220_60.jpg?c04e94b6d9 HTTP/1.1" - - "http://forum.bodybuilding.com/showthread.php?t=128256841" "Mozilla/5.0 (Windows; U; Windows NT 5.1; en-US; rv:1.9.2.10) Gecko/20100914 Firefox/3.6.10 ( .NET CLR 3.5.30729)"
192.168.2.3 - - [12/Oct/2010:16:35:57 -0700] "GET http://ad.bodybuilding.com/www/delivery/avw.php?zoneid=5&cb={random}&n=a5579ff4&ct0={clickurl} HTTP/1.1" - - "http://forum.bodybuilding.com/showthread.php?t=128256841" "Mozilla/5.0 (Windows; U; Windows NT 5.1; en-US; rv:1.9.2.10) Gecko/20100914 Firefox/3.6.10 ( .NET CLR 3.5.30729)"
192.168.2.3 - - [12/Oct/2010:16:35:57 -0700] "GET http://ad.bodybuilding.com/www/delivery/avw.php?zoneid=6&n=ad63cc81&ct0={clickurl} HTTP/1.1" - - "http://forum.bodybuilding.com/showthread.php?t=128256841" "Mozilla/5.0 (Windows; U; Windows NT 5.1; en-US; rv:1.9.2.10) Gecko/20100914 Firefox/3.6.10 ( .NET CLR 3.5.30729)"
192.168.2.2 - - [12/Oct/2010:16:35:57 -0700] "GET http://srx.ca.ebayrtm.com/rtm?RtmCmd&a=json&p=245:220:221:222:223:224:229:226:433:876:912&ph=0:0:0:0:0:0:0:0:0:0:0&ev=0:0:0:0:0:0:0:0:0:0:0&g=a2ccd6bd12b0a06c1c423aa2ff3bd89b&uf=0&c=1H4sIAAAAAAAAAIXKSwrCMBSF4Xkgewg4E4T7SNKkkCW0InboJPfGQmcOLIKrt%2BoCOjr%2Fge8wrXd31qdDchh7Dn3wbrhOjgDBmgenrrxHGV56OW4XExfO0G1JlEol1RalIQlUiIrqiWuleWZpKcuXcdhj9cd8OeVsjS6tIN1WAEDi%2F1rzAYgCYw6nAAAA&ord=1286926554875&e=USC:1&z=10&bw=1280&cg=a2ccd80312b0a0aad2d0dea0feee2408&enc=UTF-8&v=4&cb=vjo.dsf.assembly.VjClientAssembler._callback0&_vrdm=1286926557691 HTTP/1.1" - - "http://www.ebay.ca/" "Mozilla/5.0 (Windows; U; Windows NT 5.1; en-US; rv:1.9.2.10) Gecko/20100914 Firefox/3.6.10"
192.168.2.2 - - [12/Oct/2010:16:35:57 -0700] "GET http://srx.ca.ebayrtm.com/rtm?RtmCmd&a=json&p=245:220:221:222:223:224:229:226:433:876:912&ph=0:0:0:0:0:0:0:0:0:0:0&ev=0:0:0:0:0:0:0:0:0:0:0&g=a2ccd6bd12b0a06c1c423aa2ff3bd89b&uf=0&c=1H4sIAAAAAAAAAIXKSwrCMBSF4Xkgewg4E4T7SNKkkCW0InboJPfGQmcOLIKrt%2BoCOjr%2Fge8wrXd31qdDchh7Dn3wbrhOjgDBmgenrrxHGV56OW4XExfO0G1JlEol1RalIQlUiIrqiWuleWZpKcuXcdhj9cd8OeVsjS6tIN1WAEDi%2F1rzAYgCYw6nAAAA&ord=1286926554875&e=USC:1&z=10&bw=1280&cg=a2ccd80312b0a0aad2d0dea0feee2408&enc=UTF-8&v=4&cb=vjo.dsf.assembly.VjClientAssembler._callback0&_vrdm=1286926557691&r=yes HTTP/1.1" - - "http://www.ebay.ca/" "Mozilla/5.0 (Windows; U; Windows NT 5.1; en-US; rv:1.9.2.10) Gecko/20100914 Firefox/3.6.10"
192.168.2.2 - - [12/Oct/2010:16:35:57 -0700] "GET http://rtm.ebaystatic.com/2/RTMS/Image/MERC-Halloween_Q310-CostumesForFamilyV2-613x290.jpg HTTP/1.1" - - "http://www.ebay.ca/" "Mozilla/5.0 (Windows; U; Windows NT 5.1; en-US; rv:1.9.2.10) Gecko/20100914 Firefox/3.6.10"
192.168.2.2 - - [12/Oct/2010:16:35:57 -0700] "GET http://rtm.ebaystatic.com/2/RTMS/Image/cchp_ebaystores_275x73a_en.gif HTTP/1.1" - - "http://www.ebay.ca/" "Mozilla/5.0 (Windows; U; Windows NT 5.1; en-US; rv:1.9.2.10) Gecko/20100914 Firefox/3.6.10"
192.168.2.2 - - [12/Oct/2010:16:35:57 -0700] "GET http://rtm.ebaystatic.com/2/RTMS/Image/ADJC-PayPal_Q410-SafeWayToPay-275x73.gif HTTP/1.1" - - "http://www.ebay.ca/" "Mozilla/5.0 (Windows; U; Windows NT 5.1; en-US; rv:1.9.2.10) Gecko/20100914 Firefox/3.6.10"
192.168.2.2 - - [12/Oct/2010:16:35:57 -0700] "GET http://rtm.ebaystatic.com/2/RTMS/Image/MERC-MM_Q210-Fashion-298x270.jpg HTTP/1.1" - - "http://www.ebay.ca/" "Mozilla/5.0 (Windows; U; Windows NT 5.1; en-US; rv:1.9.2.10) Gecko/20100914 Firefox/3.6.10"
192.168.2.2 - - [12/Oct/2010:16:35:57 -0700] "GET http://rtm.ebaystatic.com/2/RTMS/Image/EDCO-TrustMarket_Q310-MarketplaceSafety-299x273.gif HTTP/1.1" - - "http://www.ebay.ca/" "Mozilla/5.0 (Windows; U; Windows NT 5.1; en-US; rv:1.9.2.10) Gecko/20100914 Firefox/3.6.10"
192.168.2.2 - - [12/Oct/2010:16:35:57 -0700] "GET http://rtm.ebaystatic.com/2/RTMS/Image/BPRO-BigDeal_Q309-GreatDealsFreeShip-930x85.gif HTTP/1.1" - - "http://www.ebay.ca/" "Mozilla/5.0 (Windows; U; Windows NT 5.1; en-US; rv:1.9.2.10) Gecko/20100914 Firefox/3.6.10"
192.168.2.2 - - [12/Oct/2010:16:35:57 -0700] "GET http://rtm.ebaystatic.com/2/RTMS/Image/doubleDeals_hp_ca_3.swf HTTP/1.1" - - "http://www.ebay.ca/" "Mozilla/5.0 (Windows; U; Windows NT 5.1; en-US; rv:1.9.2.10) Gecko/20100914 Firefox/3.6.10"
192.168.2.2 - - [12/Oct/2010:16:35:57 -0700] "GET http://include.ebaystatic.com/categoryjs/95/en_CA/category_95en_CA0.js HTTP/1.1" - - "http://www.ebay.ca/" "Mozilla/5.0 (Windows; U; Windows NT 5.1; en-US; rv:1.9.2.10) Gecko/20100914 Firefox/3.6.10"
192.168.2.3 - - [12/Oct/2010:16:35:57 -0700] "GET http://ad.bodybuilding.com/www/images/cellucor_forum_2.jpg?06f2cd301c HTTP/1.1" - - "http://forum.bodybuilding.com/showthread.php?t=128256841" "Mozilla/5.0 (Windows; U; Windows NT 5.1; en-US; rv:1.9.2.10) Gecko/20100914 Firefox/3.6.10 ( .NET CLR 3.5.30729)"
192.168.2.3 - - [12/Oct/2010:16:35:57 -0700] "GET http://ad.bodybuilding.com/www/images/bbcom_decal_forum_bullnox_grape.jpg?58dd72e012 HTTP/1.1" - - "http://forum.bodybuilding.com/showthread.php?t=128256841" "Mozilla/5.0 (Windows; U; Windows NT 5.1; en-US; rv:1.9.2.10) Gecko/20100914 Firefox/3.6.10 ( .NET CLR 3.5.30729)"
192.168.2.2 - - [12/Oct/2010:16:35:58 -0700] "GET http://rover.ebay.ca/idmap/0?footer&cb=vjo.dsf.assembly.VjClientAssembler._callback1&_vrdm=1286926560272 HTTP/1.1" - - "http://www.ebay.ca/" "Mozilla/5.0 (Windows; U; Windows NT 5.1; en-US; rv:1.9.2.10) Gecko/20100914 Firefox/3.6.10"
192.168.2.2 - - [12/Oct/2010:16:35:58 -0700] "GET http://www.ebay.ca/favicon.ico HTTP/1.1" - - "-" "Mozilla/5.0 (Windows; U; Windows NT 5.1; en-US; rv:1.9.2.10) Gecko/20100914 Firefox/3.6.10"
192.168.2.2 - - [12/Oct/2010:16:35:58 -0700] "GET http://deals.ebay.ca/crossdomain.xml HTTP/1.1" - - "-" "Mozilla/5.0 (Windows; U; Windows NT 5.1; en-US; rv:1.9.2.10) Gecko/20100914 Firefox/3.6.10"
192.168.2.3 - - [12/Oct/2010:16:35:58 -0700] "GET http://n.bodybuilding.com/b/ss/bbprod/1/H.21/s96718382478792?AQB=1&ndh=1&t=12/9/2010%2016%3A35%3A57%202%20420&ns=bodybuildingcom&pageName=Forum%3A%20Thread&g=http%3A//forum.bodybuilding.com/showthread.php%3Ft%3D128256841&r=http%3A//forum.bodybuilding.com/forumdisplay.php%3Ff%3D19&cc=USD&ch=forum&server=forum.bodybuilding.com&events=event3&c1=Forum%3A%20Thread&v1=Forum%3A%20Thread&c2=List%20Page&v2=List%20Page&c3=Repeat&v3=Repeat&c18=80&c20=Forum%3A%20Main%20Category%20Page&c36=More%20General%20Categories&v36=More%20General%20Categories&c37=Misc.&v37=Misc.&c39=Accidentally%20Broke%20Mirror%20at%20Gym&v39=Accidentally%20Broke%20Mirror%20at%20Gym&c41=BodySpace%20Member&v41=BodySpace%20Member&c42=B-Neva&v42=B-Neva&c43=I%20want%20to%20Transform%20My%20Body.&v43=I%20want%20to%20Transform%20My%20Body.&s=1440x900&c=24&j=1.7&v=Y&k=Y&bw=1440&bh=736&p=Java%20Deployment%20Toolkit%206.0.200.2%3BMozilla%20Default%20Plug-in%3BAdobe%20Acrobat%3BQuickTime%20Plug-in%207.6.8%3BFacebook%20Plugin%3BShockwave%20Flash%3BiTunes%20Application%20Detector%3BDivX%20Web%20Player%3BYahoo%20Application%20State%20Plugin%3BMicrosoft%20Office%202010%3BWindows%20Presentation%20Foundation%3BJava%28TM%29%20Platform%20SE%206%20U20%3BWindows%20Media%20Player%20Plug-in%20Dynamic%20Link%20Library%3BMicrosoft%AE%20DRM%3B&AQE=1 HTTP/1.1" - - "http://forum.bodybuilding.com/showthread.php?t=128256841" "Mozilla/5.0 (Windows; U; Windows NT 5.1; en-US; rv:1.9.2.10) Gecko/20100914 Firefox/3.6.10 ( .NET CLR 3.5.30729)"
192.168.2.2 - - [12/Oct/2010:16:35:58 -0700] "GET http://deals.ebay.ca/xml/DailyDeal.xml?rnd=CoQdgwkLzSG7WN7Rk9rAzs5NyTM18k48 HTTP/1.1" - - "-" "Mozilla/5.0 (Windows; U; Windows NT 5.1; en-US; rv:1.9.2.10) Gecko/20100914 Firefox/3.6.10"
192.168.2.3 - - [12/Oct/2010:16:35:58 -0700] "GET http://ad.bodybuilding.com/www/delivery/avw.php?zoneid=6&n=ad63cc81&ct0={clickurl} HTTP/1.1" - - "http://forum.bodybuilding.com/showthread.php?t=128256841" "Mozilla/5.0 (Windows; U; Windows NT 5.1; en-US; rv:1.9.2.10) Gecko/20100914 Firefox/3.6.10 ( .NET CLR 3.5.30729)"
192.168.2.3 - - [12/Oct/2010:16:35:58 -0700] "GET http://ad.bodybuilding.com/www/delivery/avw.php?zoneid=5&cb={random}&n=a5579ff4&ct0={clickurl} HTTP/1.1" - - "http://forum.bodybuilding.com/showthread.php?t=128256841" "Mozilla/5.0 (Windows; U; Windows NT 5.1; en-US; rv:1.9.2.10) Gecko/20100914 Firefox/3.6.10 ( .NET CLR 3.5.30729)"
192.168.2.2 - - [12/Oct/2010:16:35:58 -0700] "GET http://pics.ebaystatic.com/aw/ca/deals/theBigDeal/acer5995_2010_10_05.JPG HTTP/1.1" - - "-" "Mozilla/5.0 (Windows; U; Windows NT 5.1; en-US; rv:1.9.2.10) Gecko/20100914 Firefox/3.6.10"
192.168.2.2 - - [12/Oct/2010:16:35:58 -0700] "GET http://pics.ebaystatic.com/aw/ca/deals/theBigDeal/Topaz_3_Stone_Silver_Ring_2010_10_06.JPG HTTP/1.1" - - "-" "Mozilla/5.0 (Windows; U; Windows NT 5.1; en-US; rv:1.9.2.10) Gecko/20100914 Firefox/3.6.10"
192.168.2.3 - - [12/Oct/2010:16:35:58 -0700] "GET http://ad.bodybuilding.com/www/images/cheap_supplements_forum.jpg?54d0a953d4 HTTP/1.1" - - "http://forum.bodybuilding.com/showthread.php?t=128256841" "Mozilla/5.0 (Windows; U; Windows NT 5.1; en-US; rv:1.9.2.10) Gecko/20100914 Firefox/3.6.10 ( .NET CLR 3.5.30729)"
192.168.2.3 - - [12/Oct/2010:16:35:58 -0700] "GET http://ad.bodybuilding.com/www/images/forum_singlebars.jpg?4bf3fdbc35 HTTP/1.1" - - "http://forum.bodybuilding.com/showthread.php?t=128256841" "Mozilla/5.0 (Windows; U; Windows NT 5.1; en-US; rv:1.9.2.10) Gecko/20100914 Firefox/3.6.10 ( .NET CLR 3.5.30729)"
192.168.2.2 - - [12/Oct/2010:16:35:58 -0700] "GET http://cars.ebay.ca/ HTTP/1.1" - - "http://www.ebay.ca/" "Mozilla/5.0 (Windows; U; Windows NT 5.1; en-US; rv:1.9.2.10) Gecko/20100914 Firefox/3.6.10"
192.168.2.2 - - [12/Oct/2010:16:35:58 -0700] "GET http://include.ebaystatic.com/js/v/ca/ebaybase.js HTTP/1.1" - - "http://cars.ebay.ca/" "Mozilla/5.0 (Windows; U; Windows NT 5.1; en-US; rv:1.9.2.10) Gecko/20100914 Firefox/3.6.10"
192.168.2.2 - - [12/Oct/2010:16:35:58 -0700] "GET http://include.ebaystatic.com/js/v/ca/ebaysup.js HTTP/1.1" - - "http://cars.ebay.ca/" "Mozilla/5.0 (Windows; U; Windows NT 5.1; en-US; rv:1.9.2.10) Gecko/20100914 Firefox/3.6.10"
192.168.2.2 - - [12/Oct/2010:16:35:58 -0700] "GET http://include.ebaystatic.com/js/v/ca/motorshomepage.js HTTP/1.1" - - "http://cars.ebay.ca/" "Mozilla/5.0 (Windows; U; Windows NT 5.1; en-US; rv:1.9.2.10) Gecko/20100914 Firefox/3.6.10"
192.168.2.2 - - [12/Oct/2010:16:35:58 -0700] "GET http://include.ebaystatic.com/js/v/ca/features/rtm/rtm.js HTTP/1.1" - - "http://cars.ebay.ca/" "Mozilla/5.0 (Windows; U; Windows NT 5.1; en-US; rv:1.9.2.10) Gecko/20100914 Firefox/3.6.10"
192.168.2.2 - - [12/Oct/2010:16:35:58 -0700] "GET http://pics.ebaystatic.com/aw/ca/motors/motors_header4.bmp HTTP/1.1" - - "http://cars.ebay.ca/" "Mozilla/5.0 (Windows; U; Windows NT 5.1; en-US; rv:1.9.2.10) Gecko/20100914 Firefox/3.6.10"
192.168.2.2 - - [12/Oct/2010:16:35:58 -0700] "GET http://pics.ebaystatic.com/aw/pics/ca/motors/home/x.gif HTTP/1.1" - - "http://cars.ebay.ca/" "Mozilla/5.0 (Windows; U; Windows NT 5.1; en-US; rv:1.9.2.10) Gecko/20100914 Firefox/3.6.10"
192.168.2.2 - - [12/Oct/2010:16:35:58 -0700] "GET http://pics.ebaystatic.com/aw/pics/x.gif HTTP/1.1" - - "http://cars.ebay.ca/" "Mozilla/5.0 (Windows; U; Windows NT 5.1; en-US; rv:1.9.2.10) Gecko/20100914 Firefox/3.6.10"
192.168.2.2 - - [12/Oct/2010:16:35:58 -0700] "GET http://pics.ebaystatic.com/aw/pics/ca/motors/Safe_buying92x88.gif HTTP/1.1" - - "http://cars.ebay.ca/" "Mozilla/5.0 (Windows; U; Windows NT 5.1; en-US; rv:1.9.2.10) Gecko/20100914 Firefox/3.6.10"
192.168.2.2 - - [12/Oct/2010:16:35:58 -0700] "GET http://pics.ebaystatic.com/aw/pics/ca/promo/blank.gif HTTP/1.1" - - "http://cars.ebay.ca/" "Mozilla/5.0 (Windows; U; Windows NT 5.1; en-US; rv:1.9.2.10) Gecko/20100914 Firefox/3.6.10"
192.168.2.2 - - [12/Oct/2010:16:35:58 -0700] "GET http://pics.ebaystatic.com/aw/pics/ca/motors/home/squares.gif HTTP/1.1" - - "http://cars.ebay.ca/" "Mozilla/5.0 (Windows; U; Windows NT 5.1; en-US; rv:1.9.2.10) Gecko/20100914 Firefox/3.6.10"
192.168.2.2 - - [12/Oct/2010:16:35:58 -0700] "GET http://pics.ebay.com/aw/pics/ca/promo/2004/121604_Hansens_100x100.gif HTTP/1.1" - - "http://cars.ebay.ca/" "Mozilla/5.0 (Windows; U; Windows NT 5.1; en-US; rv:1.9.2.10) Gecko/20100914 Firefox/3.6.10"
192.168.2.2 - - [12/Oct/2010:16:35:58 -0700] "GET http://pics.ebay.com/aw/pics/ca/motors/home/100x100ReaditNow.gif HTTP/1.1" - - "http://cars.ebay.ca/" "Mozilla/5.0 (Windows; U; Windows NT 5.1; en-US; rv:1.9.2.10) Gecko/20100914 Firefox/3.6.10"
192.168.2.2 - - [12/Oct/2010:16:35:58 -0700] "GET http://ca.ebayobjects.com/activity;src=6632391;dcnet=6632391;boom=59;sz=1x1;ord=[123456789]? HTTP/1.1" - - "http://cars.ebay.ca/" "Mozilla/5.0 (Windows; U; Windows NT 5.1; en-US; rv:1.9.2.10) Gecko/20100914 Firefox/3.6.10"
192.168.2.2 - - [12/Oct/2010:16:35:58 -0700] "GET http://pics.ebaystatic.com/aw/pics/ca/promo/2004/motors_vpp_1_100x100.gif HTTP/1.1" - - "http://cars.ebay.ca/" "Mozilla/5.0 (Windows; U; Windows NT 5.1; en-US; rv:1.9.2.10) Gecko/20100914 Firefox/3.6.10"
192.168.2.2 - - [12/Oct/2010:16:35:58 -0700] "GET http://pics.ebaystatic.com/aw/pics/ca/motors/home/MotorsheaderRIGHT_v4.gif HTTP/1.1" - - "http://cars.ebay.ca/" "Mozilla/5.0 (Windows; U; Windows NT 5.1; en-US; rv:1.9.2.10) Gecko/20100914 Firefox/3.6.10"
192.168.2.2 - - [12/Oct/2010:16:35:58 -0700] "GET http://pics.ebaystatic.com/aw/pics/ca/motors/home/EMEX_tile_13.gif HTTP/1.1" - - "http://cars.ebay.ca/" "Mozilla/5.0 (Windows; U; Windows NT 5.1; en-US; rv:1.9.2.10) Gecko/20100914 Firefox/3.6.10"
192.168.2.2 - - [12/Oct/2010:16:35:58 -0700] "GET http://pics.ebaystatic.com/aw/pics/ca/s.gif HTTP/1.1" - - "http://cars.ebay.ca/" "Mozilla/5.0 (Windows; U; Windows NT 5.1; en-US; rv:1.9.2.10) Gecko/20100914 Firefox/3.6.10"
192.168.2.2 - - [12/Oct/2010:16:35:59 -0700] "GET http://ca.ebayobjects.com/4a;src=6632391;dcnet=6632391;boom=59;sz=1x1;ord=[123456789]?&_dc_ck=try HTTP/1.1" - - "http://cars.ebay.ca/" "Mozilla/5.0 (Windows; U; Windows NT 5.1; en-US; rv:1.9.2.10) Gecko/20100914 Firefox/3.6.10"
192.168.2.2 - - [12/Oct/2010:16:35:59 -0700] "GET http://include.ebaystatic.com/css/v/ca/legacy/ebay-ns.css HTTP/1.1" - - "http://cars.ebay.ca/" "Mozilla/5.0 (Windows; U; Windows NT 5.1; en-US; rv:1.9.2.10) Gecko/20100914 Firefox/3.6.10"
192.168.2.2 - - [12/Oct/2010:16:35:59 -0700] "GET http://rover.ebay.ca/roverimp/0/0/9?imp=1034440 HTTP/1.1" - - "http://cars.ebay.ca/" "Mozilla/5.0 (Windows; U; Windows NT 5.1; en-US; rv:1.9.2.10) Gecko/20100914 Firefox/3.6.10"
192.168.2.2 - - [12/Oct/2010:16:35:59 -0700] "GET http://pics.ebaystatic.com/aw/pics/ca/motors%5CMotorsHeaderBG.gif HTTP/1.1" - - "http://cars.ebay.ca/" "Mozilla/5.0 (Windows; U; Windows NT 5.1; en-US; rv:1.9.2.10) Gecko/20100914 Firefox/3.6.10"
192.168.2.2 - - [12/Oct/2010:16:35:59 -0700] "GET http://pics.ebaystatic.com/aw/pics/s.gif HTTP/1.1" - - "http://cars.ebay.ca/" "Mozilla/5.0 (Windows; U; Windows NT 5.1; en-US; rv:1.9.2.10) Gecko/20100914 Firefox/3.6.10"
192.168.2.2 - - [12/Oct/2010:16:35:59 -0700] "GET http://include.ebaystatic.com/js/e657/ca/ebayfooter_cobrand_v4_e6571ca.js HTTP/1.1" - - "http://cars.ebay.ca/" "Mozilla/5.0 (Windows; U; Windows NT 5.1; en-US; rv:1.9.2.10) Gecko/20100914 Firefox/3.6.10"
192.168.2.2 - - [12/Oct/2010:16:35:59 -0700] "GET http://my.ebay.ca/ebaymotors/ws/ebayISAPI.dll?HomeLandingPage&from=savedVehicles HTTP/1.1" - - "http://cars.ebay.ca/" "Mozilla/5.0 (Windows; U; Windows NT 5.1; en-US; rv:1.9.2.10) Gecko/20100914 Firefox/3.6.10"
192.168.2.2 - - [12/Oct/2010:16:35:59 -0700] "GET http://ca.ebayobjects.com/activity;src=6632391;dcnet=6632391;boom=59;sz=1x1;ord=[123456789]? HTTP/1.1" - - "http://cars.ebay.ca/" "Mozilla/5.0 (Windows; U; Windows NT 5.1; en-US; rv:1.9.2.10) Gecko/20100914 Firefox/3.6.10"
192.168.2.2 - - [12/Oct/2010:16:35:59 -0700] "GET http://srx.ca.ebayrtm.com/rtm?RtmCmd&p=344&c=0cid%3D3%0Ap0%3D6000&uf=0&z=10&ord=1286926561444&bw=1280&cg=a2ccd80312b0a0aad2d0dea0feee2408&v=3 HTTP/1.1" - - "http://cars.ebay.ca/" "Mozilla/5.0 (Windows; U; Windows NT 5.1; en-US; rv:1.9.2.10) Gecko/20100914 Firefox/3.6.10"
192.168.2.2 - - [12/Oct/2010:16:35:59 -0700] "GET http://include.ebaystatic.com/js/e667/ca/ebaybase_e6671ca.js HTTP/1.1" - - "http://my.ebay.ca/ebaymotors/ws/ebayISAPI.dll?HomeLandingPage&from=savedVehicles" "Mozilla/5.0 (Windows; U; Windows NT 5.1; en-US; rv:1.9.2.10) Gecko/20100914 Firefox/3.6.10"
192.168.2.2 - - [12/Oct/2010:16:35:59 -0700] "GET http://include.ebaystatic.com/js/e689/ca/features/motors/saved_vehicles_iframe_e6893ca.js HTTP/1.1" - - "http://my.ebay.ca/ebaymotors/ws/ebayISAPI.dll?HomeLandingPage&from=savedVehicles" "Mozilla/5.0 (Windows; U; Windows NT 5.1; en-US; rv:1.9.2.10) Gecko/20100914 Firefox/3.6.10"
192.168.2.2 - - [12/Oct/2010:16:35:59 -0700] "GET http://pics.ebaystatic.com/aw/pics/tbx/squares.gif HTTP/1.1" - - "http://my.ebay.ca/ebaymotors/ws/ebayISAPI.dll?HomeLandingPage&from=savedVehicles" "Mozilla/5.0 (Windows; U; Windows NT 5.1; en-US; rv:1.9.2.10) Gecko/20100914 Firefox/3.6.10"
192.168.2.2 - - [12/Oct/2010:16:35:59 -0700] "GET http://include.ebaystatic.com/js/e687/ca/ebayfooter_e6871ca.js HTTP/1.1" - - "http://my.ebay.ca/ebaymotors/ws/ebayISAPI.dll?HomeLandingPage&from=savedVehicles" "Mozilla/5.0 (Windows; U; Windows NT 5.1; en-US; rv:1.9.2.10) Gecko/20100914 Firefox/3.6.10"
192.168.2.2 - - [12/Oct/2010:16:35:59 -0700] "GET http://srv.ca.ebayrtm.com/rtm?RtmPreviewContent&pkg=RTMS&spkg=Html&name=CA;OM;ADJC;NA;Motors;EndingNow_Mufflers;Q108;275x300&type=1&sid=2&m=37843 HTTP/1.1" - - "http://cars.ebay.ca/" "Mozilla/5.0 (Windows; U; Windows NT 5.1; en-US; rv:1.9.2.10) Gecko/20100914 Firefox/3.6.10"
192.168.2.2 - - [12/Oct/2010:16:35:59 -0700] "GET http://pics.ebaystatic.com/aw/pics/ca/2005/MO-Merch-EndingNow-Tuner_Q405-275x300.gif HTTP/1.1" - - "http://srv.ca.ebayrtm.com/rtm?RtmPreviewContent&pkg=RTMS&spkg=Html&name=CA;OM;ADJC;NA;Motors;EndingNow_Mufflers;Q108;275x300&type=1&sid=2&m=37843" "Mozilla/5.0 (Windows; U; Windows NT 5.1; en-US; rv:1.9.2.10) Gecko/20100914 Firefox/3.6.10"
192.168.2.2 - - [12/Oct/2010:16:35:59 -0700] "GET http://cars.ebay.ca/favicon.ico HTTP/1.1" - - "-" "Mozilla/5.0 (Windows; U; Windows NT 5.1; en-US; rv:1.9.2.10) Gecko/20100914 Firefox/3.6.10"
192.168.2.2 - - [12/Oct/2010:16:36:01 -0700] "GET http://www.craigslist.org/ HTTP/1.1" - - "-" "Mozilla/5.0 (Windows; U; Windows NT 5.1; en-US; rv:1.9.2.10) Gecko/20100914 Firefox/3.6.10"
192.168.2.2 - - [12/Oct/2010:16:36:01 -0700] "GET http://geo.craigslist.org/ HTTP/1.1" - - "-" "Mozilla/5.0 (Windows; U; Windows NT 5.1; en-US; rv:1.9.2.10) Gecko/20100914 Firefox/3.6.10"
192.168.2.2 - - [12/Oct/2010:16:36:01 -0700] "GET http://vancouver.en.craigslist.ca/ HTTP/1.1" - - "-" "Mozilla/5.0 (Windows; U; Windows NT 5.1; en-US; rv:1.9.2.10) Gecko/20100914 Firefox/3.6.10"
192.168.2.2 - - [12/Oct/2010:16:36:01 -0700] "GET http://www.craigslist.org/styles/craigslist.css?v=8 HTTP/1.1" - - "http://vancouver.en.craigslist.ca/" "Mozilla/5.0 (Windows; U; Windows NT 5.1; en-US; rv:1.9.2.10) Gecko/20100914 Firefox/3.6.10"
192.168.2.2 - - [12/Oct/2010:16:36:01 -0700] "GET http://www.craigslist.org/js/jquery-1.4.2.js HTTP/1.1" - - "http://vancouver.en.craigslist.ca/" "Mozilla/5.0 (Windows; U; Windows NT 5.1; en-US; rv:1.9.2.10) Gecko/20100914 Firefox/3.6.10"
192.168.2.2 - - [12/Oct/2010:16:36:01 -0700] "GET http://www.craigslist.org/js/homepage.js HTTP/1.1" - - "http://vancouver.en.craigslist.ca/" "Mozilla/5.0 (Windows; U; Windows NT 5.1; en-US; rv:1.9.2.10) Gecko/20100914 Firefox/3.6.10"
192.168.2.2 - - [12/Oct/2010:16:36:01 -0700] "GET http://www.ebay.ca/favicon.ico HTTP/1.1" - - "-" "Mozilla/5.0 (Windows; U; Windows NT 5.1; en-US; rv:1.9.2.10) Gecko/20100914 Firefox/3.6.10"
192.168.2.2 - - [12/Oct/2010:16:36:01 -0700] "GET http://vancouver.en.craigslist.ca/favicon.ico HTTP/1.1" - - "-" "Mozilla/5.0 (Windows; U; Windows NT 5.1; en-US; rv:1.9.2.10) Gecko/20100914 Firefox/3.6.10"
192.168.2.2 - - [12/Oct/2010:16:36:02 -0700] "GET http://vancouver.en.craigslist.ca/muc/ HTTP/1.1" - - "http://vancouver.en.craigslist.ca/" "Mozilla/5.0 (Windows; U; Windows NT 5.1; en-US; rv:1.9.2.10) Gecko/20100914 Firefox/3.6.10"
192.168.2.3 - - [12/Oct/2010:16:36:02 -0700] "GET http://ad.bodybuilding.com/www/delivery/avw.php?zoneid=6&n=ad63cc81&ct0={clickurl} HTTP/1.1" - - "http://forum.bodybuilding.com/forumdisplay.php?f=19" "Mozilla/5.0 (Windows; U; Windows NT 5.1; en-US; rv:1.9.2.10) Gecko/20100914 Firefox/3.6.10 ( .NET CLR 3.5.30729)"
192.168.2.3 - - [12/Oct/2010:16:36:02 -0700] "GET http://ad.bodybuilding.com/www/delivery/avw.php?zoneid=5&cb={random}&n=a5579ff4&ct0={clickurl} HTTP/1.1" - - "http://forum.bodybuilding.com/forumdisplay.php?f=19" "Mozilla/5.0 (Windows; U; Windows NT 5.1; en-US; rv:1.9.2.10) Gecko/20100914 Firefox/3.6.10 ( .NET CLR 3.5.30729)"
192.168.2.3 - - [12/Oct/2010:16:36:03 -0700] "GET http://n.bodybuilding.com/b/ss/bbprod/1/H.21/s91077445999205?AQB=1&ndh=1&t=12/9/2010%2016%3A36%3A2%202%20420&ns=bodybuildingcom&pageName=Forum%3A%20Main%20Category%20Page&g=http%3A//forum.bodybuilding.com/forumdisplay.php%3Ff%3D19&r=http%3A//forum.bodybuilding.com/showthread.php%3Ft%3D128257811&cc=USD&ch=forum&server=forum.bodybuilding.com&events=event3&c1=Forum%3A%20Main%20Category%20Page&v1=Forum%3A%20Main%20Category%20Page&c2=Category%20Page&v2=Category%20Page&c3=Repeat&v3=Repeat&c18=6&c20=Forum%3A%20Thread&c36=More%20General%20Categories&v36=More%20General%20Categories&c37=Misc.&v37=Misc.&c41=BodySpace%20Member&v41=BodySpace%20Member&c42=B-Neva&v42=B-Neva&c43=I%20want%20to%20Transform%20My%20Body.&v43=I%20want%20to%20Transform%20My%20Body.&s=1440x900&c=24&j=1.7&v=Y&k=Y&bw=1440&bh=736&p=Java%20Deployment%20Toolkit%206.0.200.2%3BMozilla%20Default%20Plug-in%3BAdobe%20Acrobat%3BQuickTime%20Plug-in%207.6.8%3BFacebook%20Plugin%3BShockwave%20Flash%3BiTunes%20Application%20Detector%3BDivX%20Web%20Player%3BYahoo%20Application%20State%20Plugin%3BMicrosoft%20Office%202010%3BWindows%20Presentation%20Foundation%3BJava%28TM%29%20Platform%20SE%206%20U20%3BWindows%20Media%20Player%20Plug-in%20Dynamic%20Link%20Library%3BMicrosoft%AE%20DRM%3B&AQE=1 HTTP/1.1" - - "http://forum.bodybuilding.com/forumdisplay.php?f=19" "Mozilla/5.0 (Windows; U; Windows NT 5.1; en-US; rv:1.9.2.10) Gecko/20100914 Firefox/3.6.10 ( .NET CLR 3.5.30729)"
192.168.2.3 - - [12/Oct/2010:16:36:03 -0700] "GET http://ad.bodybuilding.com/www/images/hydrowhey_protein.jpg?093353e558 HTTP/1.1" - - "http://forum.bodybuilding.com/forumdisplay.php?f=19" "Mozilla/5.0 (Windows; U; Windows NT 5.1; en-US; rv:1.9.2.10) Gecko/20100914 Firefox/3.6.10 ( .NET CLR 3.5.30729)"
192.168.2.3 - - [12/Oct/2010:16:36:03 -0700] "GET http://ad.bodybuilding.com/www/images/220x60_nont.jpg?73513400bd HTTP/1.1" - - "http://forum.bodybuilding.com/forumdisplay.php?f=19" "Mozilla/5.0 (Windows; U; Windows NT 5.1; en-US; rv:1.9.2.10) Gecko/20100914 Firefox/3.6.10 ( .NET CLR 3.5.30729)"
192.168.2.2 - - [12/Oct/2010:16:36:03 -0700] "GET http://www.craigslist.org/js/tocs.js?v=3 HTTP/1.1" - - "http://vancouver.en.craigslist.ca/muc/" "Mozilla/5.0 (Windows; U; Windows NT 5.1; en-US; rv:1.9.2.10) Gecko/20100914 Firefox/3.6.10"
