192.168.2.3 - - [12/Oct/2010:16:36:29 -0700] "GET http://forum.bodybuilding.com/clientscript/vbulletin_ajax_reputation.js?v=382 HTTP/1.1" - - "http://forum.bodybuilding.com/showthread.php?t=128257831" "Mozilla/5.0 (Windows; U; Windows NT 5.1; en-US; rv:1.9.2.10) Gecko/20100914 Firefox/3.6.10 ( .NET CLR 3.5.30729)"
192.168.2.3 - - [12/Oct/2010:16:36:29 -0700] "GET http://forum.bodybuilding.com/clientscript/vbulletin_lightbox.js?v=382 HTTP/1.1" - - "http://forum.bodybuilding.com/showthread.php?t=128257831" "Mozilla/5.0 (Windows; U; Windows NT 5.1; en-US; rv:1.9.2.10) Gecko/20100914 Firefox/3.6.10 ( .NET CLR 3.5.30729)"
192.168.2.3 - - [12/Oct/2010:16:36:29 -0700] "GET http://forum.bodybuilding.com/clientscript/vbulletin_multi_quote.js?v=382 HTTP/1.1" - - "http://forum.bodybuilding.com/showthread.php?t=128257831" "Mozilla/5.0 (Windows; U; Windows NT 5.1; en-US; rv:1.9.2.10) Gecko/20100914 Firefox/3.6.10 ( .NET CLR 3.5.30729)"
192.168.2.3 - - [12/Oct/2010:16:36:29 -0700] "GET http://forum.bodybuilding.com/clientscript/vbulletin_textedit.js?v=382 HTTP/1.1" - - "http://forum.bodybuilding.com/showthread.php?t=128257831" "Mozilla/5.0 (Windows; U; Windows NT 5.1; en-US; rv:1.9.2.10) Gecko/20100914 Firefox/3.6.10 ( .NET CLR 3.5.30729)"
192.168.2.3 - - [12/Oct/2010:16:36:29 -0700] "GET http://ad.bodybuilding.com/www/delivery/avw.php?zoneid=5&cb={random}&n=a5579ff4&ct0={clickurl} HTTP/1.1" - - "http://forum.bodybuilding.com/showthread.php?t=128257831" "Mozilla/5.0 (Windows; U; Windows NT 5.1; en-US; rv:1.9.2.10) Gecko/20100914 Firefox/3.6.10 ( .NET CLR 3.5.30729)"
192.168.2.3 - - [12/Oct/2010:16:36:29 -0700] "GET http://ad.bodybuilding.com/www/delivery/avw.php?zoneid=6&n=ad63cc81&ct0={clickurl} HTTP/1.1" - - "http://forum.bodybuilding.com/showthread.php?t=128257831" "Mozilla/5.0 (Windows; U; Windows NT 5.1; en-US; rv:1.9.2.10) Gecko/20100914 Firefox/3.6.10 ( .NET CLR 3.5.30729)"
192.168.2.3 - - [12/Oct/2010:16:36:29 -0700] "GET http://bodyspace.bodybuilding.com/img/user_images/growable/2010/10/07/16537912/profilepic/1n2km81ll1nhJpnfWEfPy4YhbaE3621834a.jpeg HTTP/1.1" - - "http://forum.bodybuilding.com/showthread.php?t=128257831" "Mozilla/5.0 (Windows; U; Windows NT 5.1; en-US; rv:1.9.2.10) Gecko/20100914 Firefox/3.6.10 ( .NET CLR 3.5.30729)"
192.168.2.3 - - [12/Oct/2010:16:36:29 -0700] "GET http://bodyspace.bodybuilding.com/img/user_images/growable/2008/02/12/542376/profilepic/1174222a.jpg HTTP/1.1" - - "http://forum.bodybuilding.com/showthread.php?t=128257831" "Mozilla/5.0 (Windows; U; Windows NT 5.1; en-US; rv:1.9.2.10) Gecko/20100914 Firefox/3.6.10 ( .NET CLR 3.5.30729)"
192.168.2.3 - - [12/Oct/2010:16:36:29 -0700] "GET http://bodyspace.bodybuilding.com/img/user_images/growable/2009/10/11/450748/profilepic/19Xf2SXD4ZZOOQvD0mdR8Px6AfVsXD335a.jpeg HTTP/1.1" - - "http://forum.bodybuilding.com/showthread.php?t=128257831" "Mozilla/5.0 (Windows; U; Windows NT 5.1; en-US; rv:1.9.2.10) Gecko/20100914 Firefox/3.6.10 ( .NET CLR 3.5.30729)"
192.168.2.3 - - [12/Oct/2010:16:36:29 -0700] "GET http://bodyspace.bodybuilding.com/img/user_images/growable/2010/08/01/26008331/profilepic/1ngqqKOHme7AOxq2Zo32u7fmC9R30241a.jpeg HTTP/1.1" - - "http://forum.bodybuilding.com/showthread.php?t=128257831" "Mozilla/5.0 (Windows; U; Windows NT 5.1; en-US; rv:1.9.2.10) Gecko/20100914 Firefox/3.6.10 ( .NET CLR 3.5.30729)"
192.168.2.3 - - [12/Oct/2010:16:36:29 -0700] "GET http://bodyspace.bodybuilding.com/img/user_images/growable/2010/10/05/25713881/profilepic/1MByPYv28wjwfhago17eAJLFyC7Xvi1029a.jpeg HTTP/1.1" - - "http://forum.bodybuilding.com/showthread.php?t=128257831" "Mozilla/5.0 (Windows; U; Windows NT 5.1; en-US; rv:1.9.2.10) Gecko/20100914 Firefox/3.6.10 ( .NET CLR 3.5.30729)"
192.168.2.3 - - [12/Oct/2010:16:36:29 -0700] "GET http://forum.bodybuilding.com/clientscript/vbulletin_quick_edit.js?v=382 HTTP/1.1" - - "http://forum.bodybuilding.com/showthread.php?t=128257831" "Mozilla/5.0 (Windows; U; Windows NT 5.1; en-US; rv:1.9.2.10) Gecko/20100914 Firefox/3.6.10 ( .NET CLR 3.5.30729)"
192.168.2.3 - - [12/Oct/2010:16:36:29 -0700] "GET http://img543.imageshack.us/img543/4121/blink182wtf.gif HTTP/1.1" - - "http://forum.bodybuilding.com/showthread.php?t=128257831" "Mozilla/5.0 (Windows; U; Windows NT 5.1; en-US; rv:1.9.2.10) Gecko/20100914 Firefox/3.6.10 ( .NET CLR 3.5.30729)"
192.168.2.3 - - [12/Oct/2010:16:36:29 -0700] "GET http://i53.tinypic.com/2q0rdxy.jpg HTTP/1.1" - - "http://forum.bodybuilding.com/showthread.php?t=128257831" "Mozilla/5.0 (Windows; U; Windows NT 5.1; en-US; rv:1.9.2.10) Gecko/20100914 Firefox/3.6.10 ( .NET CLR 3.5.30729)"
192.168.2.3 - - [12/Oct/2010:16:36:29 -0700] "GET http://forum.bodybuilding.com/clientscript/vbulletin_quick_reply.js?v=382 HTTP/1.1" - - "http://forum.bodybuilding.com/showthread.php?t=128257831" "Mozilla/5.0 (Windows; U; Windows NT 5.1; en-US; rv:1.9.2.10) Gecko/20100914 Firefox/3.6.10 ( .NET CLR 3.5.30729)"
192.168.2.3 - - [12/Oct/2010:16:36:29 -0700] "GET http://forum.bodybuilding.com/clientscript/vbulletin_ajax_threadrate.js?v=382 HTTP/1.1" - - "http://forum.bodybuilding.com/showthread.php?t=128257831" "Mozilla/5.0 (Windows; U; Windows NT 5.1; en-US; rv:1.9.2.10) Gecko/20100914 Firefox/3.6.10 ( .NET CLR 3.5.30729)"
192.168.2.2 - - [12/Oct/2010:16:36:29 -0700] "GET http://news.bbcimg.co.uk/view/1_3_1/cream/hi/shared/img/story_sprite.gif HTTP/1.1" - - "http://news.bbcimg.co.uk/view/1_3_1/cream/hi/news/components/components.css" "Mozilla/5.0 (Windows; U; Windows NT 5.1; en-US; rv:1.9.2.10) Gecko/20100914 Firefox/3.6.10"
192.168.2.2 - - [12/Oct/2010:16:36:29 -0700] "GET http://view.atdmt.com/00F/iview/260610363/direct;wi.728;hi.90/01/2064034?click=http://ad.doubleclick.net/click%3Bh%3Dv8/3a31/3/0/%2a/w%3B229259698%3B0-0%3B0%3B19196825%3B3454-728/90%3B38476984/38494741/1%3B%3B%7Eokv%3D%3Bslot%3Dleaderboard%3Bsz%3D728x90%2C970x66%2C970x90%3Bsectn%3Dnews%3Bctype%3Dcontent%3Bnews%3Dasiapacific%3Breferrer%3Dnonbbc%3Breferrer_domain%3D%3Brsi%3D%3Bheadline%3Dcrocodiledundeepubupforsale%3Basset_type%3Dstory%3B%7Esscs%3D%3f HTTP/1.1" - - "http://www.bbc.co.uk/news/world-asia-pacific-11522924" "Mozilla/5.0 (Windows; U; Windows NT 5.1; en-US; rv:1.9.2.10) Gecko/20100914 Firefox/3.6.10"
192.168.2.2 - - [12/Oct/2010:16:36:29 -0700] "GET http://ad.doubleclick.net/adj/bbccom.live.site.news/news_asiapacific_content;slot=module_page-bookmark-links;sz=88x31;sectn=news;ctype=content;news=asiapacific;referrer=nonbbc;referrer_domain=;rsi=;headline=crocodiledundeepubupforsale;module=page-bookmark-links;is_module=true;asset_type=story;tile=2;ord=69527967440509? HTTP/1.1" - - "http://www.bbc.co.uk/news/world-asia-pacific-11522924" "Mozilla/5.0 (Windows; U; Windows NT 5.1; en-US; rv:1.9.2.10) Gecko/20100914 Firefox/3.6.10"
192.168.2.3 - - [12/Oct/2010:16:36:29 -0700] "GET http://ad.bodybuilding.com/www/images/san_forum_v1.jpg?f156f5f74c HTTP/1.1" - - "http://forum.bodybuilding.com/showthread.php?t=128257831" "Mozilla/5.0 (Windows; U; Windows NT 5.1; en-US; rv:1.9.2.10) Gecko/20100914 Firefox/3.6.10 ( .NET CLR 3.5.30729)"
192.168.2.2 - - [12/Oct/2010:16:36:30 -0700] "GET http://news.bbcimg.co.uk/js/app/bbccom/19_17/adsense_write.js HTTP/1.1" - - "http://www.bbc.co.uk/news/world-asia-pacific-11522924" "Mozilla/5.0 (Windows; U; Windows NT 5.1; en-US; rv:1.9.2.10) Gecko/20100914 Firefox/3.6.10"
192.168.2.3 - - [12/Oct/2010:16:36:30 -0700] "GET http://ad.bodybuilding.com/www/images/power-shock-220x60-d1.jpg?128d42d31a HTTP/1.1" - - "http://forum.bodybuilding.com/showthread.php?t=128257831" "Mozilla/5.0 (Windows; U; Windows NT 5.1; en-US; rv:1.9.2.10) Gecko/20100914 Firefox/3.6.10 ( .NET CLR 3.5.30729)"
192.168.2.2 - - [12/Oct/2010:16:36:30 -0700] "GET http://googleads.g.doubleclick.net/pagead/ads?client=ca-bbccom&output=js&lmt=1286926590&num_ads=3&channel=rest_news_asiapacific_content%20channel_b&ad_type=text&ea=0&flash=10.1.82&hl=en&url=http%3A%2F%2Fwww.bbc.co.uk%2Fnews%2Fworld-asia-pacific-11522924&dt=1286926592382&shv=r20100929&jsv=r20101011&correlator=1286926592384&frm=0&adk=1021581024&ga_vid=1389788483.1286926592&ga_sid=1286926592&ga_hid=685968771&ga_fc=0&u_tz=-420&u_his=12&u_java=0&u_h=800&u_w=1280&u_ah=770&u_aw=1280&u_cd=24&u_nplug=4&u_nmime=12&biw=1263&bih=583&fu=0&ifi=1&dtd=11 HTTP/1.1" - - "http://www.bbc.co.uk/news/world-asia-pacific-11522924" "Mozilla/5.0 (Windows; U; Windows NT 5.1; en-US; rv:1.9.2.10) Gecko/20100914 Firefox/3.6.10"
192.168.2.2 - - [12/Oct/2010:16:36:30 -0700] "GET http://ec.atdmt.com/b/VS00FVISCVIC/FBC_Jumping_Stamp_728x90.gif HTTP/1.1" - - "http://view.atdmt.com/00F/iview/260610363/direct;wi.728;hi.90/01/2064034?click=http://ad.doubleclick.net/click%3Bh%3Dv8/3a31/3/0/%2a/w%3B229259698%3B0-0%3B0%3B19196825%3B3454-728/90%3B38476984/38494741/1%3B%3B%7Eokv%3D%3Bslot%3Dleaderboard%3Bsz%3D728x90%2C970x66%2C970x90%3Bsectn%3Dnews%3Bctype%3Dcontent%3Bnews%3Dasiapacific%3Breferrer%3Dnonbbc%3Breferrer_domain%3D%3Brsi%3D%3Bheadline%3Dcrocodiledundeepubupforsale%3Basset_type%3Dstory%3B%7Esscs%3D%3f" "Mozilla/5.0 (Windows; U; Windows NT 5.1; en-US; rv:1.9.2.10) Gecko/20100914 Firefox/3.6.10"
192.168.2.3 - - [12/Oct/2010:16:36:30 -0700] "GET http://www.youtube.com/v/OsT8FaZnzdE HTTP/1.1" - - "http://forum.bodybuilding.com/showthread.php?t=128257831" "Mozilla/5.0 (Windows; U; Windows NT 5.1; en-US; rv:1.9.2.10) Gecko/20100914 Firefox/3.6.10 ( .NET CLR 3.5.30729)"
192.168.2.2 - - [12/Oct/2010:16:36:30 -0700] "GET http://ad.doubleclick.net/adj/bbccom.live.site.news/news_asiapacific_content;slot=mpu;sz=160x600,300x250,300x600,336x700,336x850,336x280,468x648;sectn=news;ctype=content;news=asiapacific;referrer=nonbbc;referrer_domain=;rsi=;headline=crocodiledundeepubupforsale;asset_type=story;tile=3;ord=69527967440509? HTTP/1.1" - - "http://www.bbc.co.uk/news/world-asia-pacific-11522924" "Mozilla/5.0 (Windows; U; Windows NT 5.1; en-US; rv:1.9.2.10) Gecko/20100914 Firefox/3.6.10"
192.168.2.3 - - [12/Oct/2010:16:36:30 -0700] "GET http://n.bodybuilding.com/b/ss/bbprod/1/H.21/s98361012093118?AQB=1&ndh=1&t=12/9/2010%2016%3A36%3A29%202%20420&ns=bodybuildingcom&pageName=Forum%3A%20Thread&g=http%3A//forum.bodybuilding.com/showthread.php%3Ft%3D128257831&r=http%3A//forum.bodybuilding.com/forumdisplay.php%3Ff%3D19&cc=USD&ch=forum&server=forum.bodybuilding.com&events=event3&c1=Forum%3A%20Thread&v1=Forum%3A%20Thread&c2=List%20Page&v2=List%20Page&c3=Repeat&v3=Repeat&c18=86&c20=Forum%3A%20Main%20Category%20Page&c36=More%20General%20Categories&v36=More%20General%20Categories&c37=Misc.&v37=Misc.&c39=No%20offense%20to%20Rap%20Fans%2C%20but%20I%20can%27t%20believe%20I%20used%20to%20love%20this%20shiit.&v39=No%20offense%20to%20Rap%20Fans%2C%20but%20I%20can%27t%20believe%20I%20used%20to%20love%20this%20shiit.&c41=BodySpace%20Member&v41=BodySpace%20Member&c42=B-Neva&v42=B-Neva&c43=I%20want%20to%20Transform%20My%20Body.&v43=I%20want%20to%20Transform%20My%20Body.&s=1440x900&c=24&j=1.7&v=Y&k=Y&bw=1440&bh=736&p=Java%20Deployment%20Toolkit%206.0.200.2%3BMozilla%20Default%20Plug-in%3BAdobe%20Acrobat%3BQuickTime%20Plug-in%207.6.8%3BFacebook%20Plugin%3BShockwave%20Flash%3BiTunes%20Application%20Detector%3BDivX%20Web%20Player%3BYahoo%20Application%20State%20Plugin%3BMicrosoft%20Office%202010%3BWindows%20Presentation%20Foundation%3BJava%28TM%29%20Platform%20SE%206%20U20%3BWindows%20Media%20Player%20Plug-in%20Dynamic%20Link%20Library%3BMicrosoft%AE%20DRM%3B&pid=Forum%3A%20Main%20Category%20Page&pidt=1&oid=http%3A//forum.bodybuilding.com/showthread.php%3Ft%3D128257831&ot=A&AQE=1 HTTP/1.1" - - "http://forum.bodybuilding.com/showthread.php?t=128257831" "Mozilla/5.0 (Windows; U; Windows NT 5.1; en-US; rv:1.9.2.10) Gecko/20100914 Firefox/3.6.10 ( .NET CLR 3.5.30729)"
192.168.2.2 - - [12/Oct/2010:16:36:30 -0700] "GET http://news.bbcimg.co.uk/view/1_3_1/cream/hi/news/img/livestats-sprite-ko.png HTTP/1.1" - - "http://news.bbcimg.co.uk/view/1_3_1/cream/hi/news/components/components.css" "Mozilla/5.0 (Windows; U; Windows NT 5.1; en-US; rv:1.9.2.10) Gecko/20100914 Firefox/3.6.10"
192.168.2.2 - - [12/Oct/2010:16:36:30 -0700] "GET http://view.atdmt.com/00F/iview/260609971/direct;wi.300;hi.250/01/2064784?click=http://ad.doubleclick.net/click%3Bh%3Dv8/3a31/3/0/%2a/c%3B229259700%3B0-0%3B0%3B19196825%3B4307-300/250%3B38476928/38494685/1%3B%3B%7Eokv%3D%3Bslot%3Dmpu%3Bsz%3D160x600%2C300x250%2C300x600%2C336x700%2C336x850%2C336x280%2C468x648%3Bsectn%3Dnews%3Bctype%3Dcontent%3Bnews%3Dasiapacific%3Breferrer%3Dnonbbc%3Breferrer_domain%3D%3Brsi%3D%3Bheadline%3Dcrocodiledundeepubupforsale%3Basset_type%3Dstory%3B%7Esscs%3D%3f HTTP/1.1" - - "http://www.bbc.co.uk/news/world-asia-pacific-11522924" "Mozilla/5.0 (Windows; U; Windows NT 5.1; en-US; rv:1.9.2.10) Gecko/20100914 Firefox/3.6.10"
192.168.2.2 - - [12/Oct/2010:16:36:30 -0700] "GET http://news.bbcimg.co.uk/view/1_3_1/cream/hi/shared/img/gvl3-icons-0-2.png HTTP/1.1" - - "http://news.bbcimg.co.uk/view/1_3_1/cream/hi/shared/global.css" "Mozilla/5.0 (Windows; U; Windows NT 5.1; en-US; rv:1.9.2.10) Gecko/20100914 Firefox/3.6.10"
192.168.2.2 - - [12/Oct/2010:16:36:30 -0700] "GET http://ad.doubleclick.net/adj/bbccom.live.site.news/news_asiapacific_content;slot=module_range-most-popular;sz=88x31;sectn=news;ctype=content;news=asiapacific;referrer=nonbbc;referrer_domain=;rsi=;headline=crocodiledundeepubupforsale;module=range-most-popular;topic=most-popular;is_module=true;asset_type=story;tile=4;ord=69527967440509? HTTP/1.1" - - "http://www.bbc.co.uk/news/world-asia-pacific-11522924" "Mozilla/5.0 (Windows; U; Windows NT 5.1; en-US; rv:1.9.2.10) Gecko/20100914 Firefox/3.6.10"
192.168.2.3 - - [12/Oct/2010:16:36:30 -0700] "GET http://ad.bodybuilding.com/www/delivery/avw.php?zoneid=5&cb={random}&n=a5579ff4&ct0={clickurl} HTTP/1.1" - - "http://forum.bodybuilding.com/showthread.php?t=128257831" "Mozilla/5.0 (Windows; U; Windows NT 5.1; en-US; rv:1.9.2.10) Gecko/20100914 Firefox/3.6.10 ( .NET CLR 3.5.30729)"
192.168.2.3 - - [12/Oct/2010:16:36:30 -0700] "GET http://ad.bodybuilding.com/www/delivery/avw.php?zoneid=6&n=ad63cc81&ct0={clickurl} HTTP/1.1" - - "http://forum.bodybuilding.com/showthread.php?t=128257831" "Mozilla/5.0 (Windows; U; Windows NT 5.1; en-US; rv:1.9.2.10) Gecko/20100914 Firefox/3.6.10 ( .NET CLR 3.5.30729)"
192.168.2.3 - - [12/Oct/2010:16:36:30 -0700] "GET http://ad.bodybuilding.com/www/images/cheap_supplements_forum.jpg?5dc8f1b3c5 HTTP/1.1" - - "http://forum.bodybuilding.com/showthread.php?t=128257831" "Mozilla/5.0 (Windows; U; Windows NT 5.1; en-US; rv:1.9.2.10) Gecko/20100914 Firefox/3.6.10 ( .NET CLR 3.5.30729)"
192.168.2.2 - - [12/Oct/2010:16:36:30 -0700] "GET http://ec.atdmt.com/b/VS00FVISCVIC/FBC__Jumping_Stamp_300x250.gif HTTP/1.1" - - "http://view.atdmt.com/00F/iview/260609971/direct;wi.300;hi.250/01/2064784?click=http://ad.doubleclick.net/click%3Bh%3Dv8/3a31/3/0/%2a/c%3B229259700%3B0-0%3B0%3B19196825%3B4307-300/250%3B38476928/38494685/1%3B%3B%7Eokv%3D%3Bslot%3Dmpu%3Bsz%3D160x600%2C300x250%2C300x600%2C336x700%2C336x850%2C336x280%2C468x648%3Bsectn%3Dnews%3Bctype%3Dcontent%3Bnews%3Dasiapacific%3Breferrer%3Dnonbbc%3Breferrer_domain%3D%3Brsi%3D%3Bheadline%3Dcrocodiledundeepubupforsale%3Basset_type%3Dstory%3B%7Esscs%3D%3f" "Mozilla/5.0 (Windows; U; Windows NT 5.1; en-US; rv:1.9.2.10) Gecko/20100914 Firefox/3.6.10"
192.168.2.3 - - [12/Oct/2010:16:36:30 -0700] "GET http://ad.bodybuilding.com/www/images/image001.jpg?6ea2cf06a4 HTTP/1.1" - - "http://forum.bodybuilding.com/showthread.php?t=128257831" "Mozilla/5.0 (Windows; U; Windows NT 5.1; en-US; rv:1.9.2.10) Gecko/20100914 Firefox/3.6.10 ( .NET CLR 3.5.30729)"
192.168.2.2 - - [12/Oct/2010:16:36:30 -0700] "GET http://ad.doubleclick.net/adj/bbccom.live.site.news/news_asiapacific_content;slot=module_hyper-promotional-content;sz=88x31;sectn=news;ctype=content;news=asiapacific;referrer=nonbbc;referrer_domain=;rsi=;headline=crocodiledundeepubupforsale;module=hyper-promotional-content;topic=tropical-paradise;is_module=true;asset_type=story;tile=5;ord=69527967440509? HTTP/1.1" - - "http://www.bbc.co.uk/news/world-asia-pacific-11522924" "Mozilla/5.0 (Windows; U; Windows NT 5.1; en-US; rv:1.9.2.10) Gecko/20100914 Firefox/3.6.10"
192.168.2.2 - - [12/Oct/2010:16:36:31 -0700] "GET http://ad.doubleclick.net/adj/bbccom.live.site.news/news_asiapacific_content;slot=partner_button1;sz=120x30;sectn=news;ctype=content;news=asiapacific;referrer=nonbbc;referrer_domain=;rsi=;headline=crocodiledundeepubupforsale;asset_type=story;tile=6;ord=69527967440509? HTTP/1.1" - - "http://www.bbc.co.uk/news/world-asia-pacific-11522924" "Mozilla/5.0 (Windows; U; Windows NT 5.1; en-US; rv:1.9.2.10) Gecko/20100914 Firefox/3.6.10"
192.168.2.2 - - [12/Oct/2010:16:36:31 -0700] "GET http://ad.doubleclick.net/adj/bbccom.live.site.news/news_asiapacific_content;slot=partner_button2;sz=120x30;sectn=news;ctype=content;news=asiapacific;referrer=nonbbc;referrer_domain=;rsi=;headline=crocodiledundeepubupforsale;asset_type=story;tile=7;ord=69527967440509? HTTP/1.1" - - "http://www.bbc.co.uk/news/world-asia-pacific-11522924" "Mozilla/5.0 (Windows; U; Windows NT 5.1; en-US; rv:1.9.2.10) Gecko/20100914 Firefox/3.6.10"
192.168.2.2 - - [12/Oct/2010:16:36:31 -0700] "GET http://ad.doubleclick.net/adj/bbccom.live.site.news/news_asiapacific_content;slot=partner_button3;sz=120x30;sectn=news;ctype=content;news=asiapacific;referrer=nonbbc;referrer_domain=;rsi=;headline=crocodiledundeepubupforsale;asset_type=story;tile=8;ord=69527967440509? HTTP/1.1" - - "http://www.bbc.co.uk/news/world-asia-pacific-11522924" "Mozilla/5.0 (Windows; U; Windows NT 5.1; en-US; rv:1.9.2.10) Gecko/20100914 Firefox/3.6.10"
192.168.2.2 - - [12/Oct/2010:16:36:31 -0700] "GET http://ad.doubleclick.net/adj/bbccom.live.site.news/news_asiapacific_content;slot=partner_button4;sz=120x30;sectn=news;ctype=content;news=asiapacific;referrer=nonbbc;referrer_domain=;rsi=;headline=crocodiledundeepubupforsale;asset_type=story;tile=9;ord=69527967440509? HTTP/1.1" - - "http://www.bbc.co.uk/news/world-asia-pacific-11522924" "Mozilla/5.0 (Windows; U; Windows NT 5.1; en-US; rv:1.9.2.10) Gecko/20100914 Firefox/3.6.10"
192.168.2.2 - - [12/Oct/2010:16:36:31 -0700] "GET http://news.bbcimg.co.uk/view/1_3_1/cream/hi/shared/img/transparencies/rgba-0-0-0-07.png HTTP/1.1" - - "http://news.bbcimg.co.uk/view/1_3_1/cream/hi/shared/global.css" "Mozilla/5.0 (Windows; U; Windows NT 5.1; en-US; rv:1.9.2.10) Gecko/20100914 Firefox/3.6.10"
192.168.2.2 - - [12/Oct/2010:16:36:31 -0700] "GET http://ad.doubleclick.net/adj/bbccom.live.site.news/news_asiapacific_content;slot=module_programme-breakout;sz=88x31;sectn=news;ctype=content;news=asiapacific;referrer=nonbbc;referrer_domain=;rsi=;headline=crocodiledundeepubupforsale;module=programme-breakout;topic=world-news-america;is_module=true;asset_type=story;tile=10;ord=69527967440509? HTTP/1.1" - - "http://www.bbc.co.uk/news/world-asia-pacific-11522924" "Mozilla/5.0 (Windows; U; Windows NT 5.1; en-US; rv:1.9.2.10) Gecko/20100914 Firefox/3.6.10"
192.168.2.2 - - [12/Oct/2010:16:36:31 -0700] "GET http://news.bbcimg.co.uk/view/1_3_1/cream/hi/shared/img/services-rss.gif HTTP/1.1" - - "http://news.bbcimg.co.uk/view/1_3_1/cream/hi/shared/global.css" "Mozilla/5.0 (Windows; U; Windows NT 5.1; en-US; rv:1.9.2.10) Gecko/20100914 Firefox/3.6.10"
192.168.2.2 - - [12/Oct/2010:16:36:31 -0700] "GET http://news.bbcimg.co.uk/view/1_3_1/cream/hi/shared/img/services-mobile.gif HTTP/1.1" - - "http://news.bbcimg.co.uk/view/1_3_1/cream/hi/shared/global.css" "Mozilla/5.0 (Windows; U; Windows NT 5.1; en-US; rv:1.9.2.10) Gecko/20100914 Firefox/3.6.10"
192.168.2.2 - - [12/Oct/2010:16:36:31 -0700] "GET http://news.bbcimg.co.uk/view/1_3_1/cream/hi/shared/img/services-podcast.gif HTTP/1.1" - - "http://news.bbcimg.co.uk/view/1_3_1/cream/hi/shared/global.css" "Mozilla/5.0 (Windows; U; Windows NT 5.1; en-US; rv:1.9.2.10) Gecko/20100914 Firefox/3.6.10"
192.168.2.2 - - [12/Oct/2010:16:36:31 -0700] "GET http://news.bbcimg.co.uk/view/1_3_1/cream/hi/shared/img/services-alert.gif HTTP/1.1" - - "http://news.bbcimg.co.uk/view/1_3_1/cream/hi/shared/global.css" "Mozilla/5.0 (Windows; U; Windows NT 5.1; en-US; rv:1.9.2.10) Gecko/20100914 Firefox/3.6.10"
192.168.2.2 - - [12/Oct/2010:16:36:31 -0700] "GET http://news.bbcimg.co.uk/view/1_3_1/cream/hi/shared/img/services-mail.gif HTTP/1.1" - - "http://news.bbcimg.co.uk/view/1_3_1/cream/hi/shared/global.css" "Mozilla/5.0 (Windows; U; Windows NT 5.1; en-US; rv:1.9.2.10) Gecko/20100914 Firefox/3.6.10"
192.168.2.2 - - [12/Oct/2010:16:36:31 -0700] "GET http://static.bbc.co.uk/frameworks/barlesque/1.5.2//desktop/3/img/search_icon.png HTTP/1.1" - - "http://static.bbc.co.uk/frameworks/barlesque/1.5.2//desktop/3/style/main.css" "Mozilla/5.0 (Windows; U; Windows NT 5.1; en-US; rv:1.9.2.10) Gecko/20100914 Firefox/3.6.10"
192.168.2.2 - - [12/Oct/2010:16:36:31 -0700] "GET http://static.bbc.co.uk/frameworks/barlesque/1.5.2//desktop/3/img/more_arrow.png HTTP/1.1" - - "http://static.bbc.co.uk/frameworks/barlesque/1.5.2//desktop/3/style/main.css" "Mozilla/5.0 (Windows; U; Windows NT 5.1; en-US; rv:1.9.2.10) Gecko/20100914 Firefox/3.6.10"
192.168.2.2 - - [12/Oct/2010:16:36:31 -0700] "GET http://static.bbc.co.uk/frameworks/barlesque/1.5.2//desktop/3/img/nav_divider.png HTTP/1.1" - - "http://static.bbc.co.uk/frameworks/barlesque/1.5.2//desktop/3/style/main.css" "Mozilla/5.0 (Windows; U; Windows NT 5.1; en-US; rv:1.9.2.10) Gecko/20100914 Firefox/3.6.10"
192.168.2.2 - - [12/Oct/2010:16:36:32 -0700] "GET http://pix04.revsci.net/J08781/b3/0/3/1003161/480513357.js?D=DM_LOC%3Dhttp%253A%252F%252Fwww.bbc.co.uk%252Fnews%252Fworld-asia-pacific-11522924%253F_rsiL%253D0%26DM_EOM%3D1&C=J08781 HTTP/1.1" - - "http://www.bbc.co.uk/news/world-asia-pacific-11522924" "Mozilla/5.0 (Windows; U; Windows NT 5.1; en-US; rv:1.9.2.10) Gecko/20100914 Firefox/3.6.10"
192.168.2.2 - - [12/Oct/2010:16:36:32 -0700] "GET http://visualscience.external.bbc.co.uk/zaguk.gif?Log=1&v=JT01.02&aenab=yes&lt=1&t=BBC%20News%20-%20Crocodile%20Dundee%20outback%20pub%20up%20for%20sale&r=&l=en-US&ss=1280*800&sc=24&jv=16&vid=0.5322284037788894 HTTP/1.1" - - "http://www.bbc.co.uk/news/world-asia-pacific-11522924" "Mozilla/5.0 (Windows; U; Windows NT 5.1; en-US; rv:1.9.2.10) Gecko/20100914 Firefox/3.6.10"
192.168.2.2 - - [12/Oct/2010:16:36:32 -0700] "GET http://pixel.quantserve.com/pixel;r=1723701416;fpan=1;fpa=P0-830613553-1286926594477;ns=0;url=http%3A%2F%2Fwww.bbc.co.uk%2Fnews%2Fworld-asia-pacific-11522924;ref=;ce=1;je=0;sr=1280x800x24;enc=n;ogl=title.Crocodile%20Dundee%20pub%20up%20for%20sale%2Ctype.article%2Curl.http%3A%2F%2Fwww%252Ebbc%252Eco%252Euk%2Fnews%2Fworld-asia-pacific-11522924%2Csite_name.BBC%20News%2Cimage.http%3A%2F%2Fnews%252Ebbcimg%252Eco%252Euk%2Fmedia%2Fimages%2F49466000%2Fjpg%2F_49466597_010098087-1%252Ejpg;dst=1;et=1286926594477;tzo=420;a=p-ccrmZLtMqYB8w HTTP/1.1" - - "http://www.bbc.co.uk/news/world-asia-pacific-11522924" "Mozilla/5.0 (Windows; U; Windows NT 5.1; en-US; rv:1.9.2.10) Gecko/20100914 Firefox/3.6.10"
192.168.2.2 - - [12/Oct/2010:16:36:32 -0700] "GET http://bbc.112.2o7.net/b/ss/bbcwglobalprod/1/H.21/s93854308914226?AQB=1&ndh=1&t=12/9/2010%2016%3A36%3A34%202%20420&ce=ISO-8859-1&pageName=bbc%20news%20%7C%20crocodile%20dundee%20outback%20pub%20up%20for%20sale&g=http%3A//www.bbc.co.uk/news/world-asia-pacific-11522924&cc=USD&ch=BBC%20News&events=event2&h1=BBC%20News%7CCrocodile%20Dundee%20outback%20pub%20up%20for%20sale&v2=bbc%20news%20%7C%20crocodile%20dundee%20outback%20pub%20up%20for%20sale&h2=news/world/asia_pacific&c3=Crocodile%20Dundee%20pub%20up%20for%20sale&v3=Crocodile%20Dundee%20pub%20up%20for%20sale&c4=11522924&v4=11522924&c5=STORY&v5=STORY&c6=Asia-Pacific&v6=New&c10=2010/10/12%2011%3A13%3A53&v10=2010/10/12%2011%3A13%3A53&c11=wednesday%7C12%3A30am&c12=1&c13=Cookies%20Not%20Supported&v13=Cookies%20Not%20Supported&c14=US&v14=US&c15=/news/world-asia-pacific-11522924&v15=/news/world-asia-pacific-11522924&c17=bbc%20news%20%7C%20crocodile%20dundee%20outback%20pub%20up%20for%20sale&c18=New&c19=bbc%20news%20%7C%20crocodile%20dundee%20outback%20pub%20up%20for%20sale&v43=Direct%20Load&v44=Direct%20Load&v45=n/a&v47=Direct%20Load&s=1280x800&c=24&j=1.7&v=N&k=N&bw=1280&bh=583&p=Adobe%20Acrobat%3BMozilla%20Default%20Plug-in%3BShockwave%20Flash%3BSilverlight%20Plug-In%3B&AQE=1 HTTP/1.1" - - "http://www.bbc.co.uk/news/world-asia-pacific-11522924" "Mozilla/5.0 (Windows; U; Windows NT 5.1; en-US; rv:1.9.2.10) Gecko/20100914 Firefox/3.6.10"
192.168.2.2 - - [12/Oct/2010:16:36:32 -0700] "GET http://b.scorecardresearch.com/b?c1=2&c2=6035051&rn=0.43158744976931784&c7=http%3A%2F%2Fwww.bbc.co.uk%2Fnews%2Fworld-asia-pacific-11522924&c3=&c4=www.bbc.co.uk%2Fnews%2Fworld-asia-pacific-11522924&c5=&c6=&c10=&c15=&c16=&c8=BBC%20News%20-%20Crocodile%20Dundee%20outback%20pub%20up%20for%20sale&c9=&cv=1.9 HTTP/1.1" - - "http://www.bbc.co.uk/news/world-asia-pacific-11522924" "Mozilla/5.0 (Windows; U; Windows NT 5.1; en-US; rv:1.9.2.10) Gecko/20100914 Firefox/3.6.10"
192.168.2.3 - - [12/Oct/2010:16:36:32 -0700] "GET http://i4.ytimg.com/vi/OsT8FaZnzdE/hqdefault.jpg HTTP/1.1" - - "-" "Mozilla/5.0 (Windows; U; Windows NT 5.1; en-US; rv:1.9.2.10) Gecko/20100914 Firefox/3.6.10 ( .NET CLR 3.5.30729)"
192.168.2.2 - - [12/Oct/2010:16:36:32 -0700] "GET http://node1.bbcimg.co.uk/glow/glow/1.7.3/widgets/images/darkpanel/ctr.png HTTP/1.1" - - "http://node1.bbcimg.co.uk/glow/glow/1.7.3/widgets/widgets.css" "Mozilla/5.0 (Windows; U; Windows NT 5.1; en-US; rv:1.9.2.10) Gecko/20100914 Firefox/3.6.10"
192.168.2.2 - - [12/Oct/2010:16:36:32 -0700] "GET http://www.bbc.co.uk/js/app/av/emp/2_26_20959_21121_2/emp.js HTTP/1.1" - - "http://www.bbc.co.uk/news/world-asia-pacific-11522924" "Mozilla/5.0 (Windows; U; Windows NT 5.1; en-US; rv:1.9.2.10) Gecko/20100914 Firefox/3.6.10"
192.168.2.2 - - [12/Oct/2010:16:36:32 -0700] "GET http://bbc.112.2o7.net/b/ss/bbcwglobalprod/1/H.21/s93854308914226?AQB=1&pccr=true&&ndh=1&t=12/9/2010%2016%3A36%3A34%202%20420&ce=ISO-8859-1&pageName=bbc%20news%20%7C%20crocodile%20dundee%20outback%20pub%20up%20for%20sale&g=http%3A//www.bbc.co.uk/news/world-asia-pacific-11522924&cc=USD&ch=BBC%20News&events=event2&h1=BBC%20News%7CCrocodile%20Dundee%20outback%20pub%20up%20for%20sale&v2=bbc%20news%20%7C%20crocodile%20dundee%20outback%20pub%20up%20for%20sale&h2=news/world/asia_pacific&c3=Crocodile%20Dundee%20pub%20up%20for%20sale&v3=Crocodile%20Dundee%20pub%20up%20for%20sale&c4=11522924&v4=11522924&c5=STORY&v5=STORY&c6=Asia-Pacific&v6=New&c10=2010/10/12%2011%3A13%3A53&v10=2010/10/12%2011%3A13%3A53&c11=wednesday%7C12%3A30am&c12=1&c13=Cookies%20Not%20Supported&v13=Cookies%20Not%20Supported&c14=US&v14=US&c15=/news/world-asia-pacific-11522924&v15=/news/world-asia-pacific-11522924&c17=bbc%20news%20%7C%20crocodile%20dundee%20outback%20pub%20up%20for%20sale&c18=New&c19=bbc%20news%20%7C%20crocodile%20dundee%20outback%20pub%20up%20for%20sale&v43=Direct%20Load&v44=Direct%20Load&v45=n/a&v47=Direct%20Load&s=1280x800&c=24&j=1.7&v=N&k=N&bw=1280&bh=583&p=Adobe%20Acrobat%3BMozilla%20Default%20Plug-in%3BShockwave%20Flash%3BSilverlight%20Plug-In%3B&AQE=1 HTTP/1.1" - - "http://www.bbc.co.uk/news/world-asia-pacific-11522924" "Mozilla/5.0 (Windows; U; Windows NT 5.1; en-US; rv:1.9.2.10) Gecko/20100914 Firefox/3.6.10"
192.168.2.2 - - [12/Oct/2010:16:36:36 -0700] "GET http://shoryuken.com/search.php?do=getdaily&contenttype=vBForum_Post HTTP/1.1" - - "http://shoryuken.com/f333/there-no-shortcut-perfection-dudley-indepth-matchup-discussion-day-9-dhalsim-248881/" "Mozilla/5.0 (Windows; U; Windows NT 5.1; en-US; rv:1.9.2.10) Gecko/20100914 Firefox/3.6.10"
192.168.2.2 - - [12/Oct/2010:16:36:37 -0700] "GET http://shoryuken.com/clientscript/vbulletin_css/style00075l/main-rollup.css?d=1286922568 HTTP/1.1" - - "http://shoryuken.com/search.php?do=getdaily&contenttype=vBForum_Post" "Mozilla/5.0 (Windows; U; Windows NT 5.1; en-US; rv:1.9.2.10) Gecko/20100914 Firefox/3.6.10"
192.168.2.2 - - [12/Oct/2010:16:36:37 -0700] "GET http://shoryuken.com/clientscript/vbulletin_md5.js?v=406 HTTP/1.1" - - "http://shoryuken.com/search.php?do=getdaily&contenttype=vBForum_Post" "Mozilla/5.0 (Windows; U; Windows NT 5.1; en-US; rv:1.9.2.10) Gecko/20100914 Firefox/3.6.10"
192.168.2.2 - - [12/Oct/2010:16:36:37 -0700] "GET http://shoryuken.com/clientscript/vbulletin-core.js?v=406 HTTP/1.1" - - "http://shoryuken.com/search.php?do=getdaily&contenttype=vBForum_Post" "Mozilla/5.0 (Windows; U; Windows NT 5.1; en-US; rv:1.9.2.10) Gecko/20100914 Firefox/3.6.10"
192.168.2.2 - - [12/Oct/2010:16:36:37 -0700] "GET http://shoryuken.com/clientscript/vbulletin_css/style00075l/additional.css?d=1286922568 HTTP/1.1" - - "http://shoryuken.com/search.php?do=getdaily&contenttype=vBForum_Post" "Mozilla/5.0 (Windows; U; Windows NT 5.1; en-US; rv:1.9.2.10) Gecko/20100914 Firefox/3.6.10"
192.168.2.2 - - [12/Oct/2010:16:36:37 -0700] "GET http://static.ak.fbcdn.net/connect.php/js/FB.Share HTTP/1.1" - - "http://shoryuken.com/search.php?do=getdaily&contenttype=vBForum_Post" "Mozilla/5.0 (Windows; U; Windows NT 5.1; en-US; rv:1.9.2.10) Gecko/20100914 Firefox/3.6.10"
192.168.2.2 - - [12/Oct/2010:16:36:37 -0700] "GET http://static.ak.fbcdn.net/connect.php/css/share-button-css HTTP/1.1" - - "http://shoryuken.com/search.php?do=getdaily&contenttype=vBForum_Post" "Mozilla/5.0 (Windows; U; Windows NT 5.1; en-US; rv:1.9.2.10) Gecko/20100914 Firefox/3.6.10"
192.168.2.2 - - [12/Oct/2010:16:36:37 -0700] "GET http://shoryuken.com/clientscript/vbulletin_md5.js?v=406 HTTP/1.1" - - "http://shoryuken.com/search.php?do=getdaily&contenttype=vBForum_Post" "Mozilla/5.0 (Windows; U; Windows NT 5.1; en-US; rv:1.9.2.10) Gecko/20100914 Firefox/3.6.10"
192.168.2.2 - - [12/Oct/2010:16:36:38 -0700] "GET http://www.google-analytics.com/__utm.gif?utmwv=4.8.6&utmn=1018281337&utmhn=shoryuken.com&utmt=var&utmac=UA-13231566-1&utmcc=__utma%3D45674086.127017720.1286910791.1286918266.1286925275.4%3B%2B__utmz%3D45674086.1286910791.1.1.utmcsr%3D(direct)%7Cutmccn%3D(direct)%7Cutmcmd%3D(none)%3B%2B__utmv%3D45674086.usergroup-1-Unregistered%2520%252F%2520Not%2520Logged%2520In%3B&utmu=oAAQ HTTP/1.1" - - "http://shoryuken.com/search.php?do=getdaily&contenttype=vBForum_Post" "Mozilla/5.0 (Windows; U; Windows NT 5.1; en-US; rv:1.9.2.10) Gecko/20100914 Firefox/3.6.10"
192.168.2.2 - - [12/Oct/2010:16:36:38 -0700] "GET http://www.google-analytics.com/__utm.gif?utmwv=4.8.6&utmn=243091985&utmhn=shoryuken.com&utmcs=UTF-8&utmsr=1280x800&utmsc=24-bit&utmul=en-us&utmje=0&utmfl=10.1%20r82&utmdt=Shoryuken&utmhid=535733573&utmr=0&utmp=%2Fsearch.php%3Fdo%3Dgetdaily%26contenttype%3DvBForum_Post&utmac=UA-13231566-1&utmcc=__utma%3D45674086.127017720.1286910791.1286918266.1286925275.4%3B%2B__utmz%3D45674086.1286910791.1.1.utmcsr%3D(direct)%7Cutmccn%3D(direct)%7Cutmcmd%3D(none)%3B%2B__utmv%3D45674086.usergroup-1-Unregistered%2520%252F%2520Not%2520Logged%2520In%3B&utmu=qAAQ HTTP/1.1" - - "http://shoryuken.com/search.php?do=getdaily&contenttype=vBForum_Post" "Mozilla/5.0 (Windows; U; Windows NT 5.1; en-US; rv:1.9.2.10) Gecko/20100914 Firefox/3.6.10"
192.168.2.2 - - [12/Oct/2010:16:36:38 -0700] "GET http://shoryuken.com/images/gradients/generic_button.png HTTP/1.1" - - "http://shoryuken.com/clientscript/vbulletin_css/style00075l/main-rollup.css?d=1286922568" "Mozilla/5.0 (Windows; U; Windows NT 5.1; en-US; rv:1.9.2.10) Gecko/20100914 Firefox/3.6.10"
192.168.2.2 - - [12/Oct/2010:16:36:38 -0700] "GET http://pixel.quantserve.com/pixel;r=2058155204;fpan=0;fpa=P0-308003196-1286910793206;ns=0;url=http%3A%2F%2Fshoryuken.com%2Fsearch.php%3Fdo%3Dgetdaily%26contenttype%3DvBForum_Post;ref=http%3A%2F%2Fshoryuken.com%2Ff333%2Fthere-no-shortcut-perfection-dudley-indepth-matchup-discussion-day-9-dhalsim-248881%2F;ce=1;je=0;sr=1280x800x24;enc=n;ogl=;dst=1;et=1286926600461;tzo=420;a=p-e1zpYMVATvolw HTTP/1.1" - - "http://shoryuken.com/search.php?do=getdaily&contenttype=vBForum_Post" "Mozilla/5.0 (Windows; U; Windows NT 5.1; en-US; rv:1.9.2.10) Gecko/20100914 Firefox/3.6.10"
192.168.2.2 - - [12/Oct/2010:16:36:38 -0700] "GET http://adserver.adtechus.com/adiframe/3.0/5290/1524992/0/225/ADTECH;target=_blank;key=key1+key2+key3+key4;grp=[group] HTTP/1.1" - - "http://shoryuken.com/search.php?do=getdaily&contenttype=vBForum_Post" "Mozilla/5.0 (Windows; U; Windows NT 5.1; en-US; rv:1.9.2.10) Gecko/20100914 Firefox/3.6.10"
192.168.2.3 - - [12/Oct/2010:16:36:38 -0700] "GET http://forum.bodybuilding.com/forumdisplay.php?f=19&order=desc&page=2 HTTP/1.1" - - "http://forum.bodybuilding.com/forumdisplay.php?f=19" "Mozilla/5.0 (Windows; U; Windows NT 5.1; en-US; rv:1.9.2.10) Gecko/20100914 Firefox/3.6.10 ( .NET CLR 3.5.30729)"
192.168.2.2 - - [12/Oct/2010:16:36:38 -0700] "GET http://adserver.adtechus.com/addyn/3.0/5290/1524992/0/225/ADTECH;target=_blank;key=key1+key2+key3+key4;grp=[group];adiframe=y HTTP/1.1" - - "http://adserver.adtechus.com/adiframe/3.0/5290/1524992/0/225/ADTECH;target=_blank;key=key1+key2+key3+key4;grp=[group]" "Mozilla/5.0 (Windows; U; Windows NT 5.1; en-US; rv:1.9.2.10) Gecko/20100914 Firefox/3.6.10"
192.168.2.2 - - [12/Oct/2010:16:36:38 -0700] "GET http://googleads.g.doubleclick.net/pagead/ads?client=ca-pub-3649301799187978&output=html&h=90&slotname=9452922555&w=728&ea=0&flash=10.1.82&url=http%3A%2F%2Fshoryuken.com%2Fsearch.php%3Fdo%3Dgetdaily%26contenttype%3DvBForum_Post&dt=1286926600878&shv=r20100929&jsv=r20101011&correlator=1286926600881&frm=1&adk=4116035818&ga_vid=1298478308.1286926601&ga_sid=1286926601&ga_hid=190082565&ga_fc=0&u_tz=-420&u_his=2&u_java=0&u_h=800&u_w=1280&u_ah=770&u_aw=1280&u_cd=24&u_nplug=4&u_nmime=12&biw=-12245933&bih=-12245933&ifk=2043302994&fu=0&ifi=1&dtd=17 HTTP/1.1" - - "http://adserver.adtechus.com/adiframe/3.0/5290/1524992/0/225/ADTECH;target=_blank;key=key1+key2+key3+key4;grp=[group]" "Mozilla/5.0 (Windows; U; Windows NT 5.1; en-US; rv:1.9.2.10) Gecko/20100914 Firefox/3.6.10"
192.168.2.2 - - [12/Oct/2010:16:36:39 -0700] "GET http://googleads.g.doubleclick.net/pagead/imgad?id=COu_rJa43ImqcBDYBRhPMghus9m78-o8KQ HTTP/1.1" - - "http://googleads.g.doubleclick.net/pagead/ads?client=ca-pub-3649301799187978&output=html&h=90&slotname=9452922555&w=728&ea=0&flash=10.1.82&url=http%3A%2F%2Fshoryuken.com%2Fsearch.php%3Fdo%3Dgetdaily%26contenttype%3DvBForum_Post&dt=1286926600878&shv=r20100929&jsv=r20101011&correlator=1286926600881&frm=1&adk=4116035818&ga_vid=1298478308.1286926601&ga_sid=1286926601&ga_hid=190082565&ga_fc=0&u_tz=-420&u_his=2&u_java=0&u_h=800&u_w=1280&u_ah=770&u_aw=1280&u_cd=24&u_nplug=4&u_nmime=12&biw=-12245933&bih=-12245933&ifk=2043302994&fu=0&ifi=1&dtd=17" "Mozilla/5.0 (Windows; U; Windows NT 5.1; en-US; rv:1.9.2.10) Gecko/20100914 Firefox/3.6.10"
192.168.2.3 - - [12/Oct/2010:16:36:39 -0700] "GET http://forum.bodybuilding.com/clientscript/yui/yahoo-dom-event/yahoo-dom-event.js?v=382 HTTP/1.1" - - "http://forum.bodybuilding.com/forumdisplay.php?f=19&order=desc&page=2" "Mozilla/5.0 (Windows; U; Windows NT 5.1; en-US; rv:1.9.2.10) Gecko/20100914 Firefox/3.6.10 ( .NET CLR 3.5.30729)"
192.168.2.3 - - [12/Oct/2010:16:36:39 -0700] "GET http://forum.bodybuilding.com/clientscript/vbulletin_important.css?v=382 HTTP/1.1" - - "http://forum.bodybuilding.com/forumdisplay.php?f=19&order=desc&page=2" "Mozilla/5.0 (Windows; U; Windows NT 5.1; en-US; rv:1.9.2.10) Gecko/20100914 Firefox/3.6.10 ( .NET CLR 3.5.30729)"
192.168.2.3 - - [12/Oct/2010:16:36:39 -0700] "GET http://forum.bodybuilding.com/clientscript/yui/connection/connection-min.js?v=382 HTTP/1.1" - - "http://forum.bodybuilding.com/forumdisplay.php?f=19&order=desc&page=2" "Mozilla/5.0 (Windows; U; Windows NT 5.1; en-US; rv:1.9.2.10) Gecko/20100914 Firefox/3.6.10 ( .NET CLR 3.5.30729)"
192.168.2.3 - - [12/Oct/2010:16:36:39 -0700] "GET http://forum.bodybuilding.com/clientscript/vbulletin_menu.js?v=382 HTTP/1.1" - - "http://forum.bodybuilding.com/forumdisplay.php?f=19&order=desc&page=2" "Mozilla/5.0 (Windows; U; Windows NT 5.1; en-US; rv:1.9.2.10) Gecko/20100914 Firefox/3.6.10 ( .NET CLR 3.5.30729)"
192.168.2.3 - - [12/Oct/2010:16:36:39 -0700] "GET http://ad.bodybuilding.com/www/delivery/avw.php?zoneid=6&n=ad63cc81&ct0={clickurl} HTTP/1.1" - - "http://forum.bodybuilding.com/forumdisplay.php?f=19&order=desc&page=2" "Mozilla/5.0 (Windows; U; Windows NT 5.1; en-US; rv:1.9.2.10) Gecko/20100914 Firefox/3.6.10 ( .NET CLR 3.5.30729)"
192.168.2.3 - - [12/Oct/2010:16:36:39 -0700] "GET http://forum.bodybuilding.com/clientscript/vbulletin_global.js?v=382 HTTP/1.1" - - "http://forum.bodybuilding.com/forumdisplay.php?f=19&order=desc&page=2" "Mozilla/5.0 (Windows; U; Windows NT 5.1; en-US; rv:1.9.2.10) Gecko/20100914 Firefox/3.6.10 ( .NET CLR 3.5.30729)"
192.168.2.3 - - [12/Oct/2010:16:36:39 -0700] "GET http://ad.bodybuilding.com/www/delivery/avw.php?zoneid=5&cb={random}&n=a5579ff4&ct0={clickurl} HTTP/1.1" - - "http://forum.bodybuilding.com/forumdisplay.php?f=19&order=desc&page=2" "Mozilla/5.0 (Windows; U; Windows NT 5.1; en-US; rv:1.9.2.10) Gecko/20100914 Firefox/3.6.10 ( .NET CLR 3.5.30729)"
192.168.2.3 - - [12/Oct/2010:16:36:39 -0700] "GET http://forum.bodybuilding.com/clientscript/vbulletin_read_marker.js?v=382 HTTP/1.1" - - "http://forum.bodybuilding.com/forumdisplay.php?f=19&order=desc&page=2" "Mozilla/5.0 (Windows; U; Windows NT 5.1; en-US; rv:1.9.2.10) Gecko/20100914 Firefox/3.6.10 ( .NET CLR 3.5.30729)"
192.168.2.3 - - [12/Oct/2010:16:36:39 -0700] "GET http://n.bodybuilding.com/b/ss/bbprod/1/H.21/s98458698009076?AQB=1&ndh=1&t=12/9/2010%2016%3A36%3A38%202%20420&ns=bodybuildingcom&pageName=Forum%3A%20Main%20Category%20Page&g=http%3A//forum.bodybuilding.com/forumdisplay.php%3Ff%3D19%26order%3Ddesc%26page%3D2&r=http%3A//forum.bodybuilding.com/forumdisplay.php%3Ff%3D19&cc=USD&ch=forum&server=forum.bodybuilding.com&events=event3&c1=Forum%3A%20Main%20Category%20Page&v1=Forum%3A%20Main%20Category%20Page&c2=Category%20Page&v2=Category%20Page&c3=Repeat&v3=Repeat&c18=16&c20=Forum%3A%20Main%20Category%20Page&c36=More%20General%20Categories&v36=More%20General%20Categories&c37=Misc.&v37=Misc.&c41=BodySpace%20Member&v41=BodySpace%20Member&c42=B-Neva&v42=B-Neva&c43=I%20want%20to%20Transform%20My%20Body.&v43=I%20want%20to%20Transform%20My%20Body.&s=1440x900&c=24&j=1.7&v=Y&k=Y&bw=1440&bh=736&p=Java%20Deployment%20Toolkit%206.0.200.2%3BMozilla%20Default%20Plug-in%3BAdobe%20Acrobat%3BQuickTime%20Plug-in%207.6.8%3BFacebook%20Plugin%3BShockwave%20Flash%3BiTunes%20Application%20Detector%3BDivX%20Web%20Player%3BYahoo%20Application%20State%20Plugin%3BMicrosoft%20Office%202010%3BWindows%20Presentation%20Foundation%3BJava%28TM%29%20Platform%20SE%206%20U20%3BWindows%20Media%20Player%20Plug-in%20Dynamic%20Link%20Library%3BMicrosoft%AE%20DRM%3B&pid=Forum%3A%20Main%20Category%20Page&pidt=1&oid=http%3A//forum.bodybuilding.com/forumdisplay.php%3Ff%3D19%26order%3Ddesc%26page%3D2&ot=A&AQE=1 HTTP/1.1" - - "http://forum.bodybuilding.com/forumdisplay.php?f=19&order=desc&page=2" "Mozilla/5.0 (Windows; U; Windows NT 5.1; en-US; rv:1.9.2.10) Gecko/20100914 Firefox/3.6.10 ( .NET CLR 3.5.30729)"
192.168.2.3 - - [12/Oct/2010:16:36:40 -0700] "GET http://ad.bodybuilding.com/www/images/forum_bsn_noxplode.jpg?35a522b2ff HTTP/1.1" - - "http://forum.bodybuilding.com/forumdisplay.php?f=19&order=desc&page=2" "Mozilla/5.0 (Windows; U; Windows NT 5.1; en-US; rv:1.9.2.10) Gecko/20100914 Firefox/3.6.10 ( .NET CLR 3.5.30729)"
192.168.2.3 - - [12/Oct/2010:16:36:40 -0700] "GET http://ad.bodybuilding.com/www/images/220x60_ohyeah!_tps_v1.jpg?08b11ec7d6 HTTP/1.1" - - "http://forum.bodybuilding.com/forumdisplay.php?f=19&order=desc&page=2" "Mozilla/5.0 (Windows; U; Windows NT 5.1; en-US; rv:1.9.2.10) Gecko/20100914 Firefox/3.6.10 ( .NET CLR 3.5.30729)"
192.168.2.3 - - [12/Oct/2010:16:36:40 -0700] "GET http://ad.bodybuilding.com/www/delivery/avw.php?zoneid=5&cb={random}&n=a5579ff4&ct0={clickurl} HTTP/1.1" - - "http://forum.bodybuilding.com/forumdisplay.php?f=19&order=desc&page=2" "Mozilla/5.0 (Windows; U; Windows NT 5.1; en-US; rv:1.9.2.10) Gecko/20100914 Firefox/3.6.10 ( .NET CLR 3.5.30729)"
192.168.2.3 - - [12/Oct/2010:16:36:40 -0700] "GET http://ad.bodybuilding.com/www/delivery/avw.php?zoneid=6&n=ad63cc81&ct0={clickurl} HTTP/1.1" - - "http://forum.bodybuilding.com/forumdisplay.php?f=19&order=desc&page=2" "Mozilla/5.0 (Windows; U; Windows NT 5.1; en-US; rv:1.9.2.10) Gecko/20100914 Firefox/3.6.10 ( .NET CLR 3.5.30729)"
192.168.2.3 - - [12/Oct/2010:16:36:40 -0700] "GET http://ad.bodybuilding.com/www/images/hydrowhey_protein.jpg?09aa322c15 HTTP/1.1" - - "http://forum.bodybuilding.com/forumdisplay.php?f=19&order=desc&page=2" "Mozilla/5.0 (Windows; U; Windows NT 5.1; en-US; rv:1.9.2.10) Gecko/20100914 Firefox/3.6.10 ( .NET CLR 3.5.30729)"
192.168.2.3 - - [12/Oct/2010:16:36:40 -0700] "GET http://ad.bodybuilding.com/www/images/220-x-60_lipocpbc_static.jpg?ed2eca6669 HTTP/1.1" - - "http://forum.bodybuilding.com/forumdisplay.php?f=19&order=desc&page=2" "Mozilla/5.0 (Windows; U; Windows NT 5.1; en-US; rv:1.9.2.10) Gecko/20100914 Firefox/3.6.10 ( .NET CLR 3.5.30729)"
192.168.2.2 - - [12/Oct/2010:16:36:41 -0700] "GET http://shoryuken.com/favicon.ico HTTP/1.1" - - "-" "Mozilla/5.0 (Windows; U; Windows NT 5.1; en-US; rv:1.9.2.10) Gecko/20100914 Firefox/3.6.10"
192.168.2.3 - - [12/Oct/2010:16:36:56 -0700] "GET http://forum.bodybuilding.com/showthread.php?t=128257811 HTTP/1.1" - - "http://forum.bodybuilding.com/forumdisplay.php?f=19&order=desc&page=2" "Mozilla/5.0 (Windows; U; Windows NT 5.1; en-US; rv:1.9.2.10) Gecko/20100914 Firefox/3.6.10 ( .NET CLR 3.5.30729)"
192.168.2.3 - - [12/Oct/2010:16:36:57 -0700] "GET http://forum.bodybuilding.com/clientscript/vbulletin_important.css?v=382 HTTP/1.1" - - "http://forum.bodybuilding.com/showthread.php?t=128257811" "Mozilla/5.0 (Windows; U; Windows NT 5.1; en-US; rv:1.9.2.10) Gecko/20100914 Firefox/3.6.10 ( .NET CLR 3.5.30729)"
192.168.2.3 - - [12/Oct/2010:16:36:57 -0700] "GET http://forum.bodybuilding.com/clientscript/yui/yahoo-dom-event/yahoo-dom-event.js?v=382 HTTP/1.1" - - "http://forum.bodybuilding.com/showthread.php?t=128257811" "Mozilla/5.0 (Windows; U; Windows NT 5.1; en-US; rv:1.9.2.10) Gecko/20100914 Firefox/3.6.10 ( .NET CLR 3.5.30729)"
192.168.2.3 - - [12/Oct/2010:16:36:57 -0700] "GET http://forum.bodybuilding.com/clientscript/vbulletin_menu.js?v=382 HTTP/1.1" - - "http://forum.bodybuilding.com/showthread.php?t=128257811" "Mozilla/5.0 (Windows; U; Windows NT 5.1; en-US; rv:1.9.2.10) Gecko/20100914 Firefox/3.6.10 ( .NET CLR 3.5.30729)"
192.168.2.3 - - [12/Oct/2010:16:36:57 -0700] "GET http://ad.bodybuilding.com/www/delivery/avw.php?zoneid=6&n=ad63cc81&ct0={clickurl} HTTP/1.1" - - "http://forum.bodybuilding.com/showthread.php?t=128257811" "Mozilla/5.0 (Windows; U; Windows NT 5.1; en-US; rv:1.9.2.10) Gecko/20100914 Firefox/3.6.10 ( .NET CLR 3.5.30729)"
192.168.2.3 - - [12/Oct/2010:16:36:57 -0700] "GET http://forum.bodybuilding.com/clientscript/yui/connection/connection-min.js?v=382 HTTP/1.1" - - "http://forum.bodybuilding.com/showthread.php?t=128257811" "Mozilla/5.0 (Windows; U; Windows NT 5.1; en-US; rv:1.9.2.10) Gecko/20100914 Firefox/3.6.10 ( .NET CLR 3.5.30729)"
192.168.2.3 - - [12/Oct/2010:16:36:57 -0700] "GET http://forum.bodybuilding.com/clientscript/vbulletin_global.js?v=382 HTTP/1.1" - - "http://forum.bodybuilding.com/showthread.php?t=128257811" "Mozilla/5.0 (Windows; U; Windows NT 5.1; en-US; rv:1.9.2.10) Gecko/20100914 Firefox/3.6.10 ( .NET CLR 3.5.30729)"
192.168.2.3 - - [12/Oct/2010:16:36:57 -0700] "GET http://forum.bodybuilding.com/clientscript/vbulletin_post_loader.js?v=382 HTTP/1.1" - - "http://forum.bodybuilding.com/showthread.php?t=128257811" "Mozilla/5.0 (Windows; U; Windows NT 5.1; en-US; rv:1.9.2.10) Gecko/20100914 Firefox/3.6.10 ( .NET CLR 3.5.30729)"
192.168.2.3 - - [12/Oct/2010:16:36:57 -0700] "GET http://ad.bodybuilding.com/www/images/240x60_banner.jpg?e86cbf732a HTTP/1.1" - - "http://forum.bodybuilding.com/showthread.php?t=128257811" "Mozilla/5.0 (Windows; U; Windows NT 5.1; en-US; rv:1.9.2.10) Gecko/20100914 Firefox/3.6.10 ( .NET CLR 3.5.30729)"
192.168.2.3 - - [12/Oct/2010:16:36:57 -0700] "GET http://forum.bodybuilding.com/clientscript/vbulletin_editor.css?v=382 HTTP/1.1" - - "http://forum.bodybuilding.com/showthread.php?t=128257811" "Mozilla/5.0 (Windows; U; Windows NT 5.1; en-US; rv:1.9.2.10) Gecko/20100914 Firefox/3.6.10 ( .NET CLR 3.5.30729)"
192.168.2.3 - - [12/Oct/2010:16:36:57 -0700] "GET http://forum.bodybuilding.com/clientscript/vbulletin_ajax_reputation.js?v=382 HTTP/1.1" - - "http://forum.bodybuilding.com/showthread.php?t=128257811" "Mozilla/5.0 (Windows; U; Windows NT 5.1; en-US; rv:1.9.2.10) Gecko/20100914 Firefox/3.6.10 ( .NET CLR 3.5.30729)"
192.168.2.3 - - [12/Oct/2010:16:36:57 -0700] "GET http://forum.bodybuilding.com/clientscript/vbulletin_lightbox.js?v=382 HTTP/1.1" - - "http://forum.bodybuilding.com/showthread.php?t=128257811" "Mozilla/5.0 (Windows; U; Windows NT 5.1; en-US; rv:1.9.2.10) Gecko/20100914 Firefox/3.6.10 ( .NET CLR 3.5.30729)"
192.168.2.3 - - [12/Oct/2010:16:36:57 -0700] "GET http://forum.bodybuilding.com/clientscript/vbulletin_multi_quote.js?v=382 HTTP/1.1" - - "http://forum.bodybuilding.com/showthread.php?t=128257811" "Mozilla/5.0 (Windows; U; Windows NT 5.1; en-US; rv:1.9.2.10) Gecko/20100914 Firefox/3.6.10 ( .NET CLR 3.5.30729)"
192.168.2.3 - - [12/Oct/2010:16:36:57 -0700] "GET http://forum.bodybuilding.com/clientscript/vbulletin_textedit.js?v=382 HTTP/1.1" - - "http://forum.bodybuilding.com/showthread.php?t=128257811" "Mozilla/5.0 (Windows; U; Windows NT 5.1; en-US; rv:1.9.2.10) Gecko/20100914 Firefox/3.6.10 ( .NET CLR 3.5.30729)"
192.168.2.3 - - [12/Oct/2010:16:36:57 -0700] "GET http://forum.bodybuilding.com/clientscript/vbulletin_quick_edit.js?v=382 HTTP/1.1" - - "http://forum.bodybuilding.com/showthread.php?t=128257811" "Mozilla/5.0 (Windows; U; Windows NT 5.1; en-US; rv:1.9.2.10) Gecko/20100914 Firefox/3.6.10 ( .NET CLR 3.5.30729)"
192.168.2.3 - - [12/Oct/2010:16:36:57 -0700] "GET http://forum.bodybuilding.com/clientscript/vbulletin_quick_reply.js?v=382 HTTP/1.1" - - "http://forum.bodybuilding.com/showthread.php?t=128257811" "Mozilla/5.0 (Windows; U; Windows NT 5.1; en-US; rv:1.9.2.10) Gecko/20100914 Firefox/3.6.10 ( .NET CLR 3.5.30729)"
192.168.2.3 - - [12/Oct/2010:16:36:57 -0700] "GET http://forum.bodybuilding.com/clientscript/vbulletin_ajax_threadrate.js?v=382 HTTP/1.1" - - "http://forum.bodybuilding.com/showthread.php?t=128257811" "Mozilla/5.0 (Windows; U; Windows NT 5.1; en-US; rv:1.9.2.10) Gecko/20100914 Firefox/3.6.10 ( .NET CLR 3.5.30729)"
192.168.2.3 - - [12/Oct/2010:16:36:57 -0700] "GET http://ad.bodybuilding.com/www/delivery/avw.php?zoneid=6&n=ad63cc81&ct0={clickurl} HTTP/1.1" - - "http://forum.bodybuilding.com/showthread.php?t=128257811" "Mozilla/5.0 (Windows; U; Windows NT 5.1; en-US; rv:1.9.2.10) Gecko/20100914 Firefox/3.6.10 ( .NET CLR 3.5.30729)"
192.168.2.3 - - [12/Oct/2010:16:36:57 -0700] "GET http://ad.bodybuilding.com/www/delivery/avw.php?zoneid=5&cb={random}&n=a5579ff4&ct0={clickurl} HTTP/1.1" - - "http://forum.bodybuilding.com/showthread.php?t=128257811" "Mozilla/5.0 (Windows; U; Windows NT 5.1; en-US; rv:1.9.2.10) Gecko/20100914 Firefox/3.6.10 ( .NET CLR 3.5.30729)"
192.168.2.3 - - [12/Oct/2010:16:36:58 -0700] "GET http://ad.bodybuilding.com/www/images/glutahoriz.jpg?ba8a247d69 HTTP/1.1" - - "http://forum.bodybuilding.com/showthread.php?t=128257811" "Mozilla/5.0 (Windows; U; Windows NT 5.1; en-US; rv:1.9.2.10) Gecko/20100914 Firefox/3.6.10 ( .NET CLR 3.5.30729)"
192.168.2.3 - - [12/Oct/2010:16:36:58 -0700] "GET http://ad.bodybuilding.com/www/images/bbcom_decal_forum_bullnox_grape.jpg?5e1cb45073 HTTP/1.1" - - "http://forum.bodybuilding.com/showthread.php?t=128257811" "Mozilla/5.0 (Windows; U; Windows NT 5.1; en-US; rv:1.9.2.10) Gecko/20100914 Firefox/3.6.10 ( .NET CLR 3.5.30729)"
192.168.2.3 - - [12/Oct/2010:16:36:58 -0700] "GET http://n.bodybuilding.com/b/ss/bbprod/1/H.21/s92336745292490?AQB=1&ndh=1&t=12/9/2010%2016%3A36%3A57%202%20420&ns=bodybuildingcom&pageName=Forum%3A%20Thread&g=http%3A//forum.bodybuilding.com/showthread.php%3Ft%3D128257811&r=http%3A//forum.bodybuilding.com/forumdisplay.php%3Ff%3D19%26order%3Ddesc%26page%3D2&cc=USD&ch=forum&server=forum.bodybuilding.com&events=event3&c1=Forum%3A%20Thread&v1=Forum%3A%20Thread&c2=List%20Page&v2=List%20Page&c3=Repeat&v3=Repeat&c18=87&c20=Forum%3A%20Main%20Category%20Page&c36=More%20General%20Categories&v36=More%20General%20Categories&c37=Misc.&v37=Misc.&c39=Miscer%20@%20BCIT%20with%20bb%20shirt/shaker%20cup&v39=Miscer%20@%20BCIT%20with%20bb%20shirt/shaker%20cup&c41=BodySpace%20Member&v41=BodySpace%20Member&c42=B-Neva&v42=B-Neva&c43=I%20want%20to%20Transform%20My%20Body.&v43=I%20want%20to%20Transform%20My%20Body.&s=1440x900&c=24&j=1.7&v=Y&k=Y&bw=1440&bh=736&p=Java%20Deployment%20Toolkit%206.0.200.2%3BMozilla%20Default%20Plug-in%3BAdobe%20Acrobat%3BQuickTime%20Plug-in%207.6.8%3BFacebook%20Plugin%3BShockwave%20Flash%3BiTunes%20Application%20Detector%3BDivX%20Web%20Player%3BYahoo%20Application%20State%20Plugin%3BMicrosoft%20Office%202010%3BWindows%20Presentation%20Foundation%3BJava%28TM%29%20Platform%20SE%206%20U20%3BWindows%20Media%20Player%20Plug-in%20Dynamic%20Link%20Library%3BMicrosoft%AE%20DRM%3B&pid=Forum%3A%20Main%20Category%20Page&pidt=1&oid=http%3A//forum.bodybuilding.com/showthread.php%3Ft%3D128257811&ot=A&AQE=1 HTTP/1.1" - - "http://forum.bodybuilding.com/showthread.php?t=128257811" "Mozilla/5.0 (Windows; U; Windows NT 5.1; en-US; rv:1.9.2.10) Gecko/20100914 Firefox/3.6.10 ( .NET CLR 3.5.30729)"
192.168.2.3 - - [12/Oct/2010:16:36:58 -0700] "GET http://ad.bodybuilding.com/www/delivery/avw.php?zoneid=6&n=ad63cc81&ct0={clickurl} HTTP/1.1" - - "http://forum.bodybuilding.com/showthread.php?t=128257811" "Mozilla/5.0 (Windows; U; Windows NT 5.1; en-US; rv:1.9.2.10) Gecko/20100914 Firefox/3.6.10 ( .NET CLR 3.5.30729)"
192.168.2.3 - - [12/Oct/2010:16:36:58 -0700] "GET http://ad.bodybuilding.com/www/delivery/avw.php?zoneid=5&cb={random}&n=a5579ff4&ct0={clickurl} HTTP/1.1" - - "http://forum.bodybuilding.com/showthread.php?t=128257811" "Mozilla/5.0 (Windows; U; Windows NT 5.1; en-US; rv:1.9.2.10) Gecko/20100914 Firefox/3.6.10 ( .NET CLR 3.5.30729)"
