66.249.67.163 - - [29/Nov/2010:12:50:37 -0800] "GET /phpbb/faq.php?mode=bbcode&sid=e28d8cf0989d6deaf616ddde08ad50be HTTP/1.1" 200 504 "-" "Mozilla/5.0 (compatible; Googlebot/2.1; +http://www.google.com/bot.html)"
66.249.67.163 - - [29/Nov/2010:16:06:48 -0800] "GET /phpbb/faq.php?sid=e28d8cf0989d6deaf616ddde08ad50be HTTP/1.1" 200 504 "-" "Mozilla/5.0 (compatible; Googlebot/2.1; +http://www.google.com/bot.html)"
188.92.76.210 - - [29/Nov/2010:16:09:25 -0800] "GET /phpbb/index.php++++++++++++++++++++++++++++++++++++++++++Result:+%F4%EE%F0%F3%EC+%ED%E5+%ED%E0%E9%E4%E5%ED+/+%ED%E5+%F3%E4%E0%EB%EE%F1%FC+%EE%EF%F0%E5%E4%E5%EB%E8%F2%FC+IP HTTP/1.0" 404 407 "http://virtual-void.org/phpbb/index.php++++++++++++++++++++++++++++++++++++++++++Result:+%F4%EE%F0%F3%EC+%ED%E5+%ED%E0%E9%E4%E5%ED+/+%ED%E5+%F3%E4%E0%EB%EE%F1%FC+%EE%EF%F0%E5%E4%E5%EB%E8%F2%FC+IP" "Mozilla/4.0 (compatible; MSIE 6.0; Windows NT 5.1; .NET CLR 1.1.4322; FDM)"
188.92.76.210 - - [29/Nov/2010:16:09:25 -0800] "GET /phpbb/index.php++++++++++++++++++++++++++++++++++++++++++result:+%F4%EE%F0%F3%EC+%ED%E5+%ED%E0%E9%E4%E5%ED+/+%ED%E5+%F3%E4%E0%EB%EE%F1%FC+%EE%EF%F0%E5%E4%E5%EB%E8%F2%FC+ip HTTP/1.0" 404 407 "http://virtual-void.org/phpbb/index.php++++++++++++++++++++++++++++++++++++++++++result:+%F4%EE%F0%F3%EC+%ED%E5+%ED%E0%E9%E4%E5%ED+/+%ED%E5+%F3%E4%E0%EB%EE%F1%FC+%EE%EF%F0%E5%E4%E5%EB%E8%F2%FC+ip" "Mozilla/4.0 (compatible; MSIE 6.0; Windows NT 5.1; .NET CLR 1.1.4322; FDM)"
188.92.76.210 - - [29/Nov/2010:16:09:26 -0800] "GET / HTTP/1.0" 302 328 "http://forum.virtual-void.org/" "Mozilla/4.0 (compatible; MSIE 6.0; Windows NT 5.1; .NET CLR 1.1.4322; FDM)"
188.92.76.210 - - [29/Nov/2010:16:09:26 -0800] "GET /phpbb/ HTTP/1.0" 200 503 "http://forum.virtual-void.org/phpbb/" "Mozilla/4.0 (compatible; MSIE 6.0; Windows NT 5.1; .NET CLR 1.1.4322; FDM)"
66.249.67.163 - - [29/Nov/2010:16:45:54 -0800] "GET /phpbb/profile.php?mode=viewprofile&u=11&sid=e28d8cf0989d6deaf616ddde08ad50be HTTP/1.1" 200 504 "-" "Mozilla/5.0 (compatible; Googlebot/2.1; +http://www.google.com/bot.html)"
66.249.67.163 - - [29/Nov/2010:17:14:42 -0800] "GET /robots.txt HTTP/1.1" 404 310 "-" "Mozilla/5.0 (compatible; Googlebot/2.1; +http://www.google.com/bot.html)"
66.249.67.163 - - [29/Nov/2010:17:14:42 -0800] "GET /phpbb/profile.php?mode=viewprofile&u=19&sid=e28d8cf0989d6deaf616ddde08ad50be HTTP/1.1" 200 504 "-" "Mozilla/5.0 (compatible; Googlebot/2.1; +http://www.google.com/bot.html)"
66.249.67.163 - - [29/Nov/2010:17:50:44 -0800] "GET /phpbb/profile.php?mode=viewprofile&u=18&sid=e28d8cf0989d6deaf616ddde08ad50be HTTP/1.1" 200 504 "-" "Mozilla/5.0 (compatible; Googlebot/2.1; +http://www.google.com/bot.html)"
195.162.68.185 - - [29/Nov/2010:17:54:59 -0800] "GET /index.php HTTP/1.0" 404 313 "http://www.virtual-void.org/index.php" "Opera/8.01 (Windows NT 5.1)"
195.162.68.185 - - [29/Nov/2010:17:54:59 -0800] "GET / HTTP/1.0" 302 328 "http://forum.virtual-void.org/" "Opera/8.01 (Windows NT 5.1)"
195.162.68.185 - - [29/Nov/2010:17:55:00 -0800] "GET /phpbb/ HTTP/1.0" 200 503 "http://forum.virtual-void.org/phpbb/" "Opera/8.01 (Windows NT 5.1)"
66.249.67.163 - - [29/Nov/2010:18:26:50 -0800] "GET /phpbb/viewtopic.php?p=20&sid=e28d8cf0989d6deaf616ddde08ad50be HTTP/1.1" 200 112 "-" "Mozilla/5.0 (compatible; Googlebot/2.1; +http://www.google.com/bot.html)"
66.249.67.163 - - [29/Nov/2010:19:03:00 -0800] "GET /phpbb/search.php?search_author=Lucitina&sid=e28d8cf0989d6deaf616ddde08ad50be HTTP/1.1" 200 504 "-" "Mozilla/5.0 (compatible; Googlebot/2.1; +http://www.google.com/bot.html)"
120.33.236.170 - - [29/Nov/2010:19:20:21 -0800] "GET /phpbb/ HTTP/1.1" 200 503 "-" "Mozilla/4.0 (compatible; MSIE 6.0; Windows NT 5.1; SV1;)"
66.249.67.163 - - [29/Nov/2010:19:39:07 -0800] "GET /phpbb/profile.php?mode=viewprofile&u=2&sid=e28d8cf0989d6deaf616ddde08ad50be HTTP/1.1" 200 504 "-" "Mozilla/5.0 (compatible; Googlebot/2.1; +http://www.google.com/bot.html)"
91.212.226.80 - - [29/Nov/2010:20:10:22 -0800] "GET /phpbb/index.php HTTP/1.0" 200 503 "http://virtual-void.org/phpbb/index.php" "Opera/7.60 (Windows NT 5.2; U)  [en] (IBM EVV/3.0/EAK01AG9/LE)"
91.212.226.80 - - [29/Nov/2010:20:10:22 -0800] "GET / HTTP/1.0" 302 316 "http://virtual-void.org/" "Opera/7.60 (Windows NT 5.2; U)  [en] (IBM EVV/3.0/EAK01AG9/LE)"
91.212.226.80 - - [29/Nov/2010:20:10:23 -0800] "GET /phpbb/ HTTP/1.0" 200 503 "http://virtual-void.org/phpbb/" "Opera/7.60 (Windows NT 5.2; U)  [en] (IBM EVV/3.0/EAK01AG9/LE)"
91.212.226.80 - - [29/Nov/2010:20:10:24 -0800] "GET /phpbb/ HTTP/1.0" 200 503 "http://forum.virtual-void.org/" "Opera/7.60 (Windows NT 5.2; U)  [en] (IBM EVV/3.0/EAK01AG9/LE)"
66.249.67.163 - - [29/Nov/2010:20:15:19 -0800] "GET /phpbb/memberlist.php?sid=e28d8cf0989d6deaf616ddde08ad50be HTTP/1.1" 200 504 "-" "Mozilla/5.0 (compatible; Googlebot/2.1; +http://www.google.com/bot.html)"
66.249.67.163 - - [29/Nov/2010:20:51:26 -0800] "GET /phpbb/viewtopic.php?p=5&sid=e28d8cf0989d6deaf616ddde08ad50be HTTP/1.1" 200 112 "-" "Mozilla/5.0 (compatible; Googlebot/2.1; +http://www.google.com/bot.html)"
188.112.151.198 - - [29/Nov/2010:21:11:33 -0800] "GET /index.php HTTP/1.0" 404 313 "http://www.virtual-void.org/index.php" "Mozilla/4.0 (compatible; MSIE 6.0; Windows NT 5.1; SV1; InfoPath.1)"
66.249.67.163 - - [29/Nov/2010:21:27:26 -0800] "GET /phpbb/profile.php?mode=viewprofile&u=3&sid=e28d8cf0989d6deaf616ddde08ad50be HTTP/1.1" 200 504 "-" "Mozilla/5.0 (compatible; Googlebot/2.1; +http://www.google.com/bot.html)"
66.249.67.163 - - [29/Nov/2010:22:03:40 -0800] "GET /phpbb/search.php?search_author=Leaf&sid=e28d8cf0989d6deaf616ddde08ad50be HTTP/1.1" 200 504 "-" "Mozilla/5.0 (compatible; Googlebot/2.1; +http://www.google.com/bot.html)"
66.249.67.163 - - [29/Nov/2010:22:39:42 -0800] "GET /phpbb/viewforum.php?f=3&mark=topics&sid=e28d8cf0989d6deaf616ddde08ad50be HTTP/1.1" 200 503 "-" "Mozilla/5.0 (compatible; Googlebot/2.1; +http://www.google.com/bot.html)"
66.249.67.163 - - [29/Nov/2010:23:16:01 -0800] "GET /phpbb/profile.php?mode=viewprofile&u=5&sid=e28d8cf0989d6deaf616ddde08ad50be HTTP/1.1" 200 504 "-" "Mozilla/5.0 (compatible; Googlebot/2.1; +http://www.google.com/bot.html)"
154.20.58.64 - - [29/Nov/2010:23:50:01 -0800] "GET / HTTP/1.1" 302 324 "-" "Mozilla/4.0 (compatible; MSIE 8.0; Windows NT 6.1; WOW64; Trident/4.0; SLCC2; .NET CLR 2.0.50727; .NET CLR 3.5.30729; .NET CLR 3.0.30729; .NET4.0C; .NET4.0E)"
154.20.58.64 - - [29/Nov/2010:23:50:01 -0800] "GET /phpbb/ HTTP/1.1" 200 503 "-" "Mozilla/4.0 (compatible; MSIE 8.0; Windows NT 6.1; WOW64; Trident/4.0; SLCC2; .NET CLR 2.0.50727; .NET CLR 3.5.30729; .NET CLR 3.0.30729; .NET4.0C; .NET4.0E)"
154.20.58.64 - - [29/Nov/2010:23:50:01 -0800] "GET /favicon.ico HTTP/1.1" 404 315 "-" "Mozilla/4.0 (compatible; MSIE 8.0; Windows NT 6.1; WOW64; Trident/4.0; SLCC2; .NET CLR 2.0.50727; .NET CLR 3.5.30729; .NET CLR 3.0.30729; .NET4.0C; .NET4.0E)"
66.249.67.163 - - [29/Nov/2010:23:52:02 -0800] "GET /phpbb/profile.php?mode=viewprofile&u=4&sid=e28d8cf0989d6deaf616ddde08ad50be HTTP/1.1" 200 504 "-" "Mozilla/5.0 (compatible; Googlebot/2.1; +http://www.google.com/bot.html)"
66.249.67.163 - - [30/Nov/2010:00:28:10 -0800] "GET /phpbb/profile.php?mode=viewprofile&u=9&sid=e28d8cf0989d6deaf616ddde08ad50be HTTP/1.1" 200 504 "-" "Mozilla/5.0 (compatible; Googlebot/2.1; +http://www.google.com/bot.html)"
66.249.67.163 - - [30/Nov/2010:01:04:26 -0800] "GET /phpbb/profile.php?mode=viewprofile&u=7&sid=e28d8cf0989d6deaf616ddde08ad50be HTTP/1.1" 200 504 "-" "Mozilla/5.0 (compatible; Googlebot/2.1; +http://www.google.com/bot.html)"
66.249.67.163 - - [30/Nov/2010:01:40:23 -0800] "GET /phpbb/search.php?search_author=Mrbrownpants&sid=e28d8cf0989d6deaf616ddde08ad50be HTTP/1.1" 200 504 "-" "Mozilla/5.0 (compatible; Googlebot/2.1; +http://www.google.com/bot.html)"
66.249.67.163 - - [30/Nov/2010:02:16:35 -0800] "GET /phpbb/search.php?search_author=Linkmeters&sid=e28d8cf0989d6deaf616ddde08ad50be HTTP/1.1" 200 504 "-" "Mozilla/5.0 (compatible; Googlebot/2.1; +http://www.google.com/bot.html)"
66.249.67.163 - - [30/Nov/2010:02:52:40 -0800] "GET /phpbb/search.php?search_author=Agent&sid=e28d8cf0989d6deaf616ddde08ad50be HTTP/1.1" 200 504 "-" "Mozilla/5.0 (compatible; Googlebot/2.1; +http://www.google.com/bot.html)"
66.249.67.163 - - [30/Nov/2010:03:28:50 -0800] "GET /phpbb/profile.php?mode=viewprofile&u=10&sid=e28d8cf0989d6deaf616ddde08ad50be HTTP/1.1" 200 504 "-" "Mozilla/5.0 (compatible; Googlebot/2.1; +http://www.google.com/bot.html)"
188.112.151.198 - - [30/Nov/2010:03:31:36 -0800] "GET /index.php HTTP/1.0" 404 313 "http://www.virtual-void.org/index.php" "Mozilla/4.0 (compatible; MSIE 5.0; Windows NT; DigExt)"
188.112.151.198 - - [30/Nov/2010:03:31:38 -0800] "GET / HTTP/1.0" 302 328 "http://forum.virtual-void.org/" "Mozilla/4.0 (compatible; MSIE 5.0; Windows NT; DigExt)"
188.112.151.198 - - [30/Nov/2010:03:31:38 -0800] "GET /phpbb/ HTTP/1.0" 200 503 "http://forum.virtual-void.org/phpbb/" "Mozilla/4.0 (compatible; MSIE 5.0; Windows NT; DigExt)"
66.249.67.163 - - [30/Nov/2010:04:04:55 -0800] "GET /phpbb/profile.php?mode=viewprofile&u=16&sid=e28d8cf0989d6deaf616ddde08ad50be HTTP/1.1" 200 504 "-" "Mozilla/5.0 (compatible; Googlebot/2.1; +http://www.google.com/bot.html)"
66.249.67.163 - - [30/Nov/2010:04:41:10 -0800] "GET /phpbb/search.php?sid=e28d8cf0989d6deaf616ddde08ad50be HTTP/1.1" 200 504 "-" "Mozilla/5.0 (compatible; Googlebot/2.1; +http://www.google.com/bot.html)"
66.249.67.163 - - [30/Nov/2010:05:17:24 -0800] "GET /robots.txt HTTP/1.1" 404 310 "-" "Mozilla/5.0 (compatible; Googlebot/2.1; +http://www.google.com/bot.html)"
66.249.67.163 - - [30/Nov/2010:05:17:24 -0800] "GET /phpbb/viewtopic.php?t=2&view=previous&sid=e28d8cf0989d6deaf616ddde08ad50be HTTP/1.1" 200 112 "-" "Mozilla/5.0 (compatible; Googlebot/2.1; +http://www.google.com/bot.html)"
66.249.67.163 - - [30/Nov/2010:05:53:17 -0800] "GET /phpbb/search.php?search_author=Brimstone&sid=e28d8cf0989d6deaf616ddde08ad50be HTTP/1.1" 200 504 "-" "Mozilla/5.0 (compatible; Googlebot/2.1; +http://www.google.com/bot.html)"
66.249.67.163 - - [30/Nov/2010:06:29:26 -0800] "GET /phpbb/profile.php?mode=viewprofile&u=12&sid=e28d8cf0989d6deaf616ddde08ad50be HTTP/1.1" 200 504 "-" "Mozilla/5.0 (compatible; Googlebot/2.1; +http://www.google.com/bot.html)"
212.178.24.227 - - [30/Nov/2010:06:43:30 -0800] "GET /phpbb/index.php HTTP/1.0" 200 503 "http://virtual-void.org/phpbb/index.php" "Mozilla/4.0 (compatible; MSIE 6.0; Windows NT 5.1; en) Opera 9.0"
212.178.24.227 - - [30/Nov/2010:06:43:31 -0800] "GET / HTTP/1.0" 302 316 "http://virtual-void.org/" "Mozilla/4.0 (compatible; MSIE 6.0; Windows NT 5.1; en) Opera 9.0"
212.178.24.227 - - [30/Nov/2010:06:43:31 -0800] "GET /phpbb/ HTTP/1.0" 200 503 "http://virtual-void.org/phpbb/" "Mozilla/4.0 (compatible; MSIE 6.0; Windows NT 5.1; en) Opera 9.0"
66.249.67.163 - - [30/Nov/2010:07:05:37 -0800] "GET /phpbb/profile.php?mode=viewprofile&u=13&sid=e28d8cf0989d6deaf616ddde08ad50be HTTP/1.1" 200 504 "-" "Mozilla/5.0 (compatible; Googlebot/2.1; +http://www.google.com/bot.html)"
66.249.67.163 - - [30/Nov/2010:07:41:48 -0800] "GET /phpbb/search.php?search_author=Zurpine&sid=e28d8cf0989d6deaf616ddde08ad50be HTTP/1.1" 200 504 "-" "Mozilla/5.0 (compatible; Googlebot/2.1; +http://www.google.com/bot.html)"
195.162.68.185 - - [30/Nov/2010:07:42:02 -0800] "GET /index.php HTTP/1.0" 404 313 "http://www.virtual-void.org/index.php" "Mozilla/4.0 (compatible; MSIE 7.0b; Windows NT 6.0)"
195.162.68.185 - - [30/Nov/2010:07:42:03 -0800] "GET / HTTP/1.0" 302 328 "http://forum.virtual-void.org/" "Mozilla/4.0 (compatible; MSIE 7.0b; Windows NT 6.0)"
195.162.68.185 - - [30/Nov/2010:07:42:03 -0800] "GET /phpbb/ HTTP/1.0" 200 503 "http://forum.virtual-void.org/phpbb/" "Mozilla/4.0 (compatible; MSIE 7.0b; Windows NT 6.0)"
66.249.67.163 - - [30/Nov/2010:08:17:58 -0800] "GET /phpbb/profile.php?mode=viewprofile&u=14&sid=e28d8cf0989d6deaf616ddde08ad50be HTTP/1.1" 200 504 "-" "Mozilla/5.0 (compatible; Googlebot/2.1; +http://www.google.com/bot.html)"
66.249.67.163 - - [30/Nov/2010:08:54:02 -0800] "GET /phpbb/profile.php?mode=viewprofile&u=21&sid=e28d8cf0989d6deaf616ddde08ad50be HTTP/1.1" 200 504 "-" "Mozilla/5.0 (compatible; Googlebot/2.1; +http://www.google.com/bot.html)"
188.112.151.198 - - [30/Nov/2010:09:01:50 -0800] "GET /phpbb/index.php HTTP/1.0" 200 503 "http://www.virtual-void.org/phpbb/index.php" "Opera/7.54 (Windows NT 5.1; U)  [pl]"
188.112.151.198 - - [30/Nov/2010:09:01:50 -0800] "GET / HTTP/1.0" 302 324 "http://www.virtual-void.org/" "Opera/7.54 (Windows NT 5.1; U)  [pl]"
188.112.151.198 - - [30/Nov/2010:09:01:50 -0800] "GET /phpbb/ HTTP/1.0" 200 503 "http://www.virtual-void.org/phpbb/" "Opera/7.54 (Windows NT 5.1; U)  [pl]"
188.112.151.198 - - [30/Nov/2010:09:01:51 -0800] "GET /phpbb/ HTTP/1.0" 200 503 "http://forum.virtual-void.org/" "Opera/7.54 (Windows NT 5.1; U)  [pl]"
66.249.67.163 - - [30/Nov/2010:09:30:24 -0800] "GET /phpbb/search.php?search_id=unanswered&sid=e28d8cf0989d6deaf616ddde08ad50be HTTP/1.1" 200 504 "-" "Mozilla/5.0 (compatible; Googlebot/2.1; +http://www.google.com/bot.html)"
188.112.151.198 - - [30/Nov/2010:10:38:11 -0800] "GET /phpbb/index.php HTTP/1.0" 200 503 "http://www.virtual-void.org/phpbb/index.php" "Mozilla/4.0 (compatible; MSIE 6.0; Windows NT 5.1; SV1; .NET CLR 1.1.4322) NS8/0.9.6"
188.112.151.198 - - [30/Nov/2010:10:38:12 -0800] "GET / HTTP/1.0" 302 324 "http://www.virtual-void.org/" "Mozilla/4.0 (compatible; MSIE 6.0; Windows NT 5.1; SV1; .NET CLR 1.1.4322) NS8/0.9.6"
188.112.151.198 - - [30/Nov/2010:10:38:12 -0800] "GET /phpbb/ HTTP/1.0" 200 503 "http://www.virtual-void.org/phpbb/" "Mozilla/4.0 (compatible; MSIE 6.0; Windows NT 5.1; SV1; .NET CLR 1.1.4322) NS8/0.9.6"
188.112.151.198 - - [30/Nov/2010:10:38:16 -0800] "GET /phpbb/ HTTP/1.0" 200 503 "http://forum.virtual-void.org/" "Mozilla/4.0 (compatible; MSIE 6.0; Windows NT 5.1; SV1; .NET CLR 1.1.4322) NS8/0.9.6"
142.232.8.200 - - [30/Nov/2010:11:47:41 -0800] "GET / HTTP/1.1" 302 316 "-" "Mozilla/5.0 (Windows; U; Windows NT 5.1; en-US; rv:1.9.2.12) Gecko/20101026 Firefox/3.6.12 ( .NET CLR 3.5.30729)"
142.232.8.200 - - [30/Nov/2010:11:47:41 -0800] "GET /phpbb/ HTTP/1.1" 200 549 "-" "Mozilla/5.0 (Windows; U; Windows NT 5.1; en-US; rv:1.9.2.12) Gecko/20101026 Firefox/3.6.12 ( .NET CLR 3.5.30729)"
142.232.8.200 - - [30/Nov/2010:11:47:41 -0800] "GET /favicon.ico HTTP/1.1" 404 311 "-" "Mozilla/5.0 (Windows; U; Windows NT 5.1; en-US; rv:1.9.2.12) Gecko/20101026 Firefox/3.6.12 ( .NET CLR 3.5.30729)"
142.232.8.200 - - [30/Nov/2010:11:47:44 -0800] "GET /favicon.ico HTTP/1.1" 404 311 "-" "Mozilla/5.0 (Windows; U; Windows NT 5.1; en-US; rv:1.9.2.12) Gecko/20101026 Firefox/3.6.12 ( .NET CLR 3.5.30729)"
66.249.67.163 - - [30/Nov/2010:12:06:39 -0800] "GET /phpbb/viewtopic.php?p=9&sid=e28d8cf0989d6deaf616ddde08ad50be HTTP/1.1" 200 488 "-" "Mozilla/5.0 (compatible; Googlebot/2.1; +http://www.google.com/bot.html)"
66.249.67.163 - - [30/Nov/2010:12:17:28 -0800] "GET /phpbb/profile.php?mode=viewprofile&u=6&sid=e28d8cf0989d6deaf616ddde08ad50be HTTP/1.1" 200 488 "-" "Mozilla/5.0 (compatible; Googlebot/2.1; +http://www.google.com/bot.html)"
66.249.67.163 - - [30/Nov/2010:12:56:06 -0800] "GET /phpbb/profile.php?mode=viewprofile&u=20&sid=e28d8cf0989d6deaf616ddde08ad50be HTTP/1.1" 200 474 "-" "Mozilla/5.0 (compatible; Googlebot/2.1; +http://www.google.com/bot.html)"
188.112.151.198 - - [30/Nov/2010:13:08:45 -0800] "GET /phpbb/index.php HTTP/1.0" 200 535 "http://www.virtual-void.org/phpbb/index.php" "Mozilla/4.0 (compatible; MSIE 6.0; Windows NT 5.1; Crazy Browser 1.0.5)"
188.112.151.198 - - [30/Nov/2010:13:08:45 -0800] "GET / HTTP/1.0" 302 324 "http://www.virtual-void.org/" "Mozilla/4.0 (compatible; MSIE 6.0; Windows NT 5.1; Crazy Browser 1.0.5)"
188.112.151.198 - - [30/Nov/2010:13:08:45 -0800] "GET /phpbb/ HTTP/1.0" 200 535 "http://www.virtual-void.org/phpbb/" "Mozilla/4.0 (compatible; MSIE 6.0; Windows NT 5.1; Crazy Browser 1.0.5)"
66.249.67.163 - - [30/Nov/2010:13:18:20 -0800] "GET /phpbb/profile.php?mode=viewprofile&u=22&sid=e28d8cf0989d6deaf616ddde08ad50be HTTP/1.1" 200 474 "-" "Mozilla/5.0 (compatible; Googlebot/2.1; +http://www.google.com/bot.html)"
66.249.67.163 - - [30/Nov/2010:13:40:54 -0800] "GET /phpbb/viewonline.php?sid=e28d8cf0989d6deaf616ddde08ad50be HTTP/1.1" 200 474 "-" "Mozilla/5.0 (compatible; Googlebot/2.1; +http://www.google.com/bot.html)"
66.249.67.163 - - [30/Nov/2010:14:02:42 -0800] "GET /phpbb/profile.php?mode=register&agreed=true&sid=e28d8cf0989d6deaf616ddde08ad50be HTTP/1.1" 200 474 "-" "Mozilla/5.0 (compatible; Googlebot/2.1; +http://www.google.com/bot.html)"
66.249.67.163 - - [30/Nov/2010:14:25:07 -0800] "GET /phpbb/groupcp.php?sid=e28d8cf0989d6deaf616ddde08ad50be HTTP/1.1" 200 474 "-" "Mozilla/5.0 (compatible; Googlebot/2.1; +http://www.google.com/bot.html)"
66.249.67.163 - - [30/Nov/2010:14:47:30 -0800] "GET /phpbb/index.php?sid=e28d8cf0989d6deaf616ddde08ad50be HTTP/1.1" 200 474 "-" "Mozilla/5.0 (compatible; Googlebot/2.1; +http://www.google.com/bot.html)"
66.249.67.163 - - [30/Nov/2010:15:10:06 -0800] "GET /phpbb/profile.php?mode=register&agreed=true&coppa=true&sid=e28d8cf0989d6deaf616ddde08ad50be HTTP/1.1" 200 474 "-" "Mozilla/5.0 (compatible; Googlebot/2.1; +http://www.google.com/bot.html)"
66.249.67.163 - - [30/Nov/2010:16:10:21 -0800] "GET /phpbb/index.php?c=2&sid=e28d8cf0989d6deaf616ddde08ad50be HTTP/1.1" 200 474 "-" "Mozilla/5.0 (compatible; Googlebot/2.1; +http://www.google.com/bot.html)"
195.162.68.185 - - [30/Nov/2010:17:19:36 -0800] "GET /index.php HTTP/1.0" 404 313 "http://www.virtual-void.org/index.php" "Mozilla/4.0 (compatible; MSIE 6.0; Windows NT 5.1; ru) Opera 8.01"
195.162.68.185 - - [30/Nov/2010:17:19:36 -0800] "GET / HTTP/1.0" 302 328 "http://forum.virtual-void.org/" "Mozilla/4.0 (compatible; MSIE 6.0; Windows NT 5.1; ru) Opera 8.01"
195.162.68.185 - - [30/Nov/2010:17:19:37 -0800] "GET /phpbb/ HTTP/1.0" 200 535 "http://forum.virtual-void.org/phpbb/" "Mozilla/4.0 (compatible; MSIE 6.0; Windows NT 5.1; ru) Opera 8.01"
66.249.67.163 - - [30/Nov/2010:19:54:27 -0800] "GET /robots.txt HTTP/1.1" 404 310 "-" "Mozilla/5.0 (compatible; Googlebot/2.1; +http://www.google.com/bot.html)"
66.249.67.163 - - [30/Nov/2010:19:54:27 -0800] "GET /phpbb/login.php?sid=e28d8cf0989d6deaf616ddde08ad50be HTTP/1.1" 200 474 "-" "Mozilla/5.0 (compatible; Googlebot/2.1; +http://www.google.com/bot.html)"
188.112.151.198 - - [30/Nov/2010:22:53:14 -0800] "GET /index.php HTTP/1.0" 404 313 "http://www.virtual-void.org/index.php" "Mozilla/4.0 (compatible; MSIE 6.0; Windows NT 5.1; SV1; .NET CLR 1.0.3705; .NET CLR 1.1.4322; .NET CLR 2.0.40607)"
188.112.151.198 - - [30/Nov/2010:22:53:16 -0800] "GET / HTTP/1.0" 302 328 "http://forum.virtual-void.org/" "Mozilla/4.0 (compatible; MSIE 6.0; Windows NT 5.1; SV1; .NET CLR 1.0.3705; .NET CLR 1.1.4322; .NET CLR 2.0.40607)"
188.112.151.198 - - [30/Nov/2010:22:53:16 -0800] "GET /phpbb/ HTTP/1.0" 200 535 "http://forum.virtual-void.org/phpbb/" "Mozilla/4.0 (compatible; MSIE 6.0; Windows NT 5.1; SV1; .NET CLR 1.0.3705; .NET CLR 1.1.4322; .NET CLR 2.0.40607)"
178.239.56.150 - - [30/Nov/2010:23:14:06 -0800] "GET /phpbb/index.php HTTP/1.0" 200 535 "http://virtual-void.org/phpbb/index.php" "Mozilla/4.0 (compatible; MSIE 6.0; Windows NT 5.1; FREE; .NET CLR 1.1.4322)"
178.239.56.150 - - [30/Nov/2010:23:14:07 -0800] "GET / HTTP/1.0" 302 316 "http://virtual-void.org/" "Mozilla/4.0 (compatible; MSIE 6.0; Windows NT 5.1; FREE; .NET CLR 1.1.4322)"
178.239.56.150 - - [30/Nov/2010:23:14:07 -0800] "GET /phpbb/ HTTP/1.0" 200 535 "http://virtual-void.org/phpbb/" "Mozilla/4.0 (compatible; MSIE 6.0; Windows NT 5.1; FREE; .NET CLR 1.1.4322)"
178.239.56.150 - - [30/Nov/2010:23:14:09 -0800] "GET /phpbb/ HTTP/1.0" 200 535 "http://forum.virtual-void.org/" "Mozilla/4.0 (compatible; MSIE 6.0; Windows NT 5.1; FREE; .NET CLR 1.1.4322)"
24.85.33.150 - - [30/Nov/2010:23:34:35 -0800] "GET / HTTP/1.1" 302 306 "-" "Mozilla/5.0 (Windows; U; Windows NT 6.1; en-US; rv:1.9.2.12) Gecko/20101026 Firefox/3.6.12"
24.85.33.150 - - [30/Nov/2010:23:34:35 -0800] "GET /phpbb/ HTTP/1.1" 200 535 "-" "Mozilla/5.0 (Windows; U; Windows NT 6.1; en-US; rv:1.9.2.12) Gecko/20101026 Firefox/3.6.12"
24.85.33.150 - - [30/Nov/2010:23:34:35 -0800] "GET /favicon.ico HTTP/1.1" 404 306 "-" "Mozilla/5.0 (Windows; U; Windows NT 6.1; en-US; rv:1.9.2.12) Gecko/20101026 Firefox/3.6.12"
24.85.33.150 - - [30/Nov/2010:23:34:35 -0800] "GET /favicon.ico HTTP/1.1" 404 306 "-" "Mozilla/5.0 (Windows; U; Windows NT 6.1; en-US; rv:1.9.2.12) Gecko/20101026 Firefox/3.6.12"
24.85.33.150 - - [30/Nov/2010:23:34:38 -0800] "GET /favicon.ico HTTP/1.1" 404 306 "-" "Mozilla/5.0 (Windows; U; Windows NT 6.1; en-US; rv:1.9.2.12) Gecko/20101026 Firefox/3.6.12"
66.249.67.163 - - [30/Nov/2010:23:45:10 -0800] "GET /phpbb/profile.php?mode=register&sid=e28d8cf0989d6deaf616ddde08ad50be HTTP/1.1" 200 474 "-" "Mozilla/5.0 (compatible; Googlebot/2.1; +http://www.google.com/bot.html)"
95.68.79.112 - - [01/Dec/2010:00:28:15 -0800] "GET /phpbb/index.php HTTP/1.0" 200 535 "http://virtual-void.org/phpbb/index.php" "Opera/9.0 (Windows NT 5.1; U; en)"
95.68.79.112 - - [01/Dec/2010:00:28:15 -0800] "GET / HTTP/1.0" 302 316 "http://virtual-void.org/" "Opera/9.0 (Windows NT 5.1; U; en)"
95.68.79.112 - - [01/Dec/2010:00:28:16 -0800] "GET /phpbb/ HTTP/1.0" 200 535 "http://virtual-void.org/phpbb/" "Opera/9.0 (Windows NT 5.1; U; en)"
95.68.79.112 - - [01/Dec/2010:00:28:17 -0800] "GET /phpbb/ HTTP/1.0" 200 535 "http://forum.virtual-void.org/" "Opera/9.0 (Windows NT 5.1; U; en)"
24.85.33.150 - - [01/Dec/2010:00:40:08 -0800] "GET /phpbb/ HTTP/1.1" 200 535 "-" "Mozilla/5.0 (Windows; U; Windows NT 6.1; en-US; rv:1.9.2.12) Gecko/20101026 Firefox/3.6.12"
24.85.33.150 - - [01/Dec/2010:00:40:08 -0800] "GET /favicon.ico HTTP/1.1" 404 315 "-" "Mozilla/5.0 (Windows; U; Windows NT 6.1; en-US; rv:1.9.2.12) Gecko/20101026 Firefox/3.6.12"
24.85.33.150 - - [01/Dec/2010:00:40:08 -0800] "GET /favicon.ico HTTP/1.1" 404 315 "-" "Mozilla/5.0 (Windows; U; Windows NT 6.1; en-US; rv:1.9.2.12) Gecko/20101026 Firefox/3.6.12"
24.85.33.150 - - [01/Dec/2010:00:40:10 -0800] "GET /asdf%5C HTTP/1.1" 404 309 "-" "Mozilla/5.0 (Windows; U; Windows NT 6.1; en-US; rv:1.9.2.12) Gecko/20101026 Firefox/3.6.12"
24.85.33.150 - - [01/Dec/2010:00:40:11 -0800] "GET /favicon.ico HTTP/1.1" 404 315 "-" "Mozilla/5.0 (Windows; U; Windows NT 6.1; en-US; rv:1.9.2.12) Gecko/20101026 Firefox/3.6.12"
24.85.33.150 - - [01/Dec/2010:00:40:11 -0800] "GET /favicon.ico HTTP/1.1" 404 315 "-" "Mozilla/5.0 (Windows; U; Windows NT 6.1; en-US; rv:1.9.2.12) Gecko/20101026 Firefox/3.6.12"
24.85.33.150 - - [01/Dec/2010:00:40:25 -0800] "GET /phpbb/4t423g HTTP/1.1" 404 316 "-" "Mozilla/5.0 (Windows; U; Windows NT 6.1; en-US; rv:1.9.2.12) Gecko/20101026 Firefox/3.6.12"
74.3.168.104 - - [01/Dec/2010:01:44:45 -0800] "GET /phpbb/ HTTP/1.1" 200 535 "-" "Mozilla/4.0 (compatible; MSIE 6.0; Windows NT 5.1; SV1;)"
94.76.236.137 - - [01/Dec/2010:02:00:14 -0800] "GET /phpbb/ HTTP/1.1" 200 535 "-" "Mozilla/4.0 (compatible; MSIE 6.0; Windows NT 5.1; SV1;)"
66.249.67.163 - - [01/Dec/2010:03:37:03 -0800] "GET /phpbb/profile.php?mode=sendpassword&sid=e28d8cf0989d6deaf616ddde08ad50be HTTP/1.1" 200 474 "-" "Mozilla/5.0 (compatible; Googlebot/2.1; +http://www.google.com/bot.html)"
188.112.151.198 - - [01/Dec/2010:05:42:25 -0800] "GET /index.php HTTP/1.0" 404 313 "http://www.virtual-void.org/index.php" "Mozilla/4.0 (compatible; MSIE 6.0; Windows NT 5.1; SV1; Media Center PC"
66.249.67.163 - - [01/Dec/2010:07:27:27 -0800] "GET / HTTP/1.1" 302 316 "-" "Mozilla/5.0 (compatible; Googlebot/2.1; +http://www.google.com/bot.html)"
66.249.67.163 - - [01/Dec/2010:07:27:28 -0800] "GET /phpbb/ HTTP/1.1" 200 535 "-" "Mozilla/5.0 (compatible; Googlebot/2.1; +http://www.google.com/bot.html)"
193.105.210.44 - - [01/Dec/2010:09:55:53 -0800] "GET /phpbb/index.php HTTP/1.0" 200 535 "http://virtual-void.org/phpbb/index.php" "Mozilla/4.0 (compatible; MSIE 6.0; Windows NT 5.0; .NET CLR 1.0.3705; .NET CLR 1.1.4322)"
193.105.210.44 - - [01/Dec/2010:09:55:53 -0800] "GET / HTTP/1.0" 302 316 "http://virtual-void.org/" "Mozilla/4.0 (compatible; MSIE 6.0; Windows NT 5.0; .NET CLR 1.0.3705; .NET CLR 1.1.4322)"
193.105.210.44 - - [01/Dec/2010:09:55:54 -0800] "GET /phpbb/ HTTP/1.0" 200 535 "http://virtual-void.org/phpbb/" "Mozilla/4.0 (compatible; MSIE 6.0; Windows NT 5.0; .NET CLR 1.0.3705; .NET CLR 1.1.4322)"
95.24.166.2 - - [01/Dec/2010:10:32:48 -0800] "GET /phpbb/index.php HTTP/1.0" 200 535 "http://virtual-void.org/phpbb/index.php" "Mozilla/3.0 (compatible; WebCapture 2.0; Auto; Windows)"
95.24.166.2 - - [01/Dec/2010:10:32:48 -0800] "GET / HTTP/1.0" 302 316 "http://virtual-void.org/" "Mozilla/3.0 (compatible; WebCapture 2.0; Auto; Windows)"
95.24.166.2 - - [01/Dec/2010:10:32:49 -0800] "GET /phpbb/ HTTP/1.0" 200 535 "http://virtual-void.org/phpbb/" "Mozilla/3.0 (compatible; WebCapture 2.0; Auto; Windows)"
95.24.166.2 - - [01/Dec/2010:10:32:51 -0800] "GET /phpbb/ HTTP/1.0" 200 535 "http://forum.virtual-void.org/" "Mozilla/3.0 (compatible; WebCapture 2.0; Auto; Windows)"
66.249.67.163 - - [01/Dec/2010:11:20:47 -0800] "GET /robots.txt HTTP/1.1" 404 310 "-" "Mozilla/5.0 (compatible; Googlebot/2.1; +http://www.google.com/bot.html)"
66.249.67.163 - - [01/Dec/2010:11:20:47 -0800] "GET /phpbb/search.php?search_author=Gulroon&sid=e28d8cf0989d6deaf616ddde08ad50be HTTP/1.1" 200 474 "-" "Mozilla/5.0 (compatible; Googlebot/2.1; +http://www.google.com/bot.html)"
195.162.68.185 - - [01/Dec/2010:12:47:12 -0800] "GET /index.php HTTP/1.0" 404 313 "http://www.virtual-void.org/index.php" "Mozilla/4.0 (compatible; MSIE 6.0; Windows NT 5.1; MRA 4.3 (build 01218); .NET CLR 1.1.4322)"
195.162.68.185 - - [01/Dec/2010:12:47:13 -0800] "GET / HTTP/1.0" 302 328 "http://forum.virtual-void.org/" "Mozilla/4.0 (compatible; MSIE 6.0; Windows NT 5.1; MRA 4.3 (build 01218); .NET CLR 1.1.4322)"
195.162.68.185 - - [01/Dec/2010:12:47:13 -0800] "GET /phpbb/ HTTP/1.0" 200 535 "http://forum.virtual-void.org/phpbb/" "Mozilla/4.0 (compatible; MSIE 6.0; Windows NT 5.1; MRA 4.3 (build 01218); .NET CLR 1.1.4322)"
66.249.67.163 - - [01/Dec/2010:15:29:43 -0800] "GET /phpbb/profile.php?mode=viewprofile&u=13&sid=e28d8cf0989d6deaf616ddde08ad50be HTTP/1.1" 200 474 "-" "Mozilla/5.0 (compatible; Googlebot/2.1; +http://www.google.com/bot.html)"
24.85.33.150 - - [01/Dec/2010:16:02:27 -0800] "GET /phpbb/ HTTP/1.1" 200 535 "-" "Mozilla/5.0 (Windows; U; Windows NT 6.1; en-US; rv:1.9.2.12) Gecko/20101026 Firefox/3.6.12"
24.85.33.150 - - [01/Dec/2010:16:02:27 -0800] "GET /favicon.ico HTTP/1.1" 404 315 "-" "Mozilla/5.0 (Windows; U; Windows NT 6.1; en-US; rv:1.9.2.12) Gecko/20101026 Firefox/3.6.12"
24.85.33.150 - - [01/Dec/2010:16:02:27 -0800] "GET /favicon.ico HTTP/1.1" 404 315 "-" "Mozilla/5.0 (Windows; U; Windows NT 6.1; en-US; rv:1.9.2.12) Gecko/20101026 Firefox/3.6.12"
24.85.33.150 - - [01/Dec/2010:16:02:30 -0800] "GET /favicon.ico HTTP/1.1" 404 315 "-" "Mozilla/5.0 (Windows; U; Windows NT 6.1; en-US; rv:1.9.2.12) Gecko/20101026 Firefox/3.6.12"
24.85.33.150 - - [01/Dec/2010:16:02:39 -0800] "GET /phpbb/asdf HTTP/1.1" 404 314 "-" "Mozilla/5.0 (Windows; U; Windows NT 6.1; en-US; rv:1.9.2.12) Gecko/20101026 Firefox/3.6.12"
24.85.33.150 - - [01/Dec/2010:17:18:28 -0800] "GET /phpbb/ HTTP/1.1" 200 535 "-" "Mozilla/5.0 (Windows; U; Windows NT 6.1; en-US; rv:1.9.2.12) Gecko/20101026 Firefox/3.6.12"
24.85.33.150 - - [01/Dec/2010:17:18:31 -0800] "GET /phpbb/index.php HTTP/1.1" 200 535 "-" "Mozilla/5.0 (Windows; U; Windows NT 6.1; en-US; rv:1.9.2.12) Gecko/20101026 Firefox/3.6.12"
24.85.33.150 - - [01/Dec/2010:17:18:33 -0800] "GET /phpbb/index.php HTTP/1.1" 200 535 "-" "Mozilla/5.0 (Windows; U; Windows NT 6.1; en-US; rv:1.9.2.12) Gecko/20101026 Firefox/3.6.12"
24.85.33.150 - - [01/Dec/2010:17:18:35 -0800] "GET /phpbb/index.php HTTP/1.1" 200 535 "-" "Mozilla/5.0 (Windows; U; Windows NT 6.1; en-US; rv:1.9.2.12) Gecko/20101026 Firefox/3.6.12"
24.85.33.150 - - [01/Dec/2010:17:18:36 -0800] "GET /phpbb/index.php HTTP/1.1" 200 535 "-" "Mozilla/5.0 (Windows; U; Windows NT 6.1; en-US; rv:1.9.2.12) Gecko/20101026 Firefox/3.6.12"
24.85.33.150 - - [01/Dec/2010:17:18:36 -0800] "GET /phpbb/index.php HTTP/1.1" 200 535 "-" "Mozilla/5.0 (Windows; U; Windows NT 6.1; en-US; rv:1.9.2.12) Gecko/20101026 Firefox/3.6.12"
24.85.33.150 - - [01/Dec/2010:17:18:37 -0800] "GET /phpbb/index.php HTTP/1.1" 200 535 "-" "Mozilla/5.0 (Windows; U; Windows NT 6.1; en-US; rv:1.9.2.12) Gecko/20101026 Firefox/3.6.12"
24.85.33.150 - - [01/Dec/2010:17:18:39 -0800] "GET /phpbb/index.php HTTP/1.1" 200 535 "-" "Mozilla/5.0 (Windows; U; Windows NT 6.1; en-US; rv:1.9.2.12) Gecko/20101026 Firefox/3.6.12"
24.85.33.150 - - [01/Dec/2010:17:18:41 -0800] "GET /phpbb/index.php HTTP/1.1" 200 535 "-" "Mozilla/5.0 (Windows; U; Windows NT 6.1; en-US; rv:1.9.2.12) Gecko/20101026 Firefox/3.6.12"
24.85.33.150 - - [01/Dec/2010:17:18:45 -0800] "GET /phpbb/index.php HTTP/1.1" 200 535 "-" "Mozilla/5.0 (Windows; U; Windows NT 6.1; en-US; rv:1.9.2.12) Gecko/20101026 Firefox/3.6.12"
24.85.33.150 - - [01/Dec/2010:17:18:52 -0800] "GET /phpbb/indfffex.php HTTP/1.1" 404 322 "-" "Mozilla/5.0 (Windows; U; Windows NT 6.1; en-US; rv:1.9.2.12) Gecko/20101026 Firefox/3.6.12"
24.85.33.150 - - [01/Dec/2010:17:19:02 -0800] "GET /index.php HTTP/1.1" 404 313 "-" "Mozilla/5.0 (Windows; U; Windows NT 6.1; en-US; rv:1.9.2.12) Gecko/20101026 Firefox/3.6.12"
24.85.33.150 - - [01/Dec/2010:17:20:36 -0800] "GET /posting.php HTTP/1.1" 404 315 "-" "Mozilla/5.0 (Windows; U; Windows NT 6.1; en-US; rv:1.9.2.12) Gecko/20101026 Firefox/3.6.12"
24.85.33.150 - - [01/Dec/2010:17:20:40 -0800] "GET /phpbb/posting.php HTTP/1.1" 200 536 "-" "Mozilla/5.0 (Windows; U; Windows NT 6.1; en-US; rv:1.9.2.12) Gecko/20101026 Firefox/3.6.12"
95.68.91.34 - - [01/Dec/2010:17:20:57 -0800] "GET /index.php HTTP/1.0" 404 313 "http://www.virtual-void.org/index.php" "Mozilla/4.0 (compatible; MSIE 6.0; Windows NT 5.0; Avant Browser [avantbrowser.com]; Hotbar 4.4.5.0)"
24.85.33.150 - - [01/Dec/2010:17:21:56 -0800] "GET /phpbb/posting.php?mode=newtopic HTTP/1.1" 200 536 "-" "Mozilla/5.0 (Windows; U; Windows NT 6.1; en-US; rv:1.9.2.12) Gecko/20101026 Firefox/3.6.12"
24.85.33.150 - - [01/Dec/2010:17:21:59 -0800] "GET /phpbb/posting.php?mode=newtopicfsdagasdg HTTP/1.1" 200 536 "-" "Mozilla/5.0 (Windows; U; Windows NT 6.1; en-US; rv:1.9.2.12) Gecko/20101026 Firefox/3.6.12"
24.85.33.150 - - [01/Dec/2010:17:34:48 -0800] "GET / HTTP/1.1" 302 328 "-" "Mozilla/5.0 (Windows; U; Windows NT 6.1; en-US; rv:1.9.2.12) Gecko/20101026 Firefox/3.6.12"
24.85.33.150 - - [01/Dec/2010:17:34:48 -0800] "GET /phpbb/ HTTP/1.1" 200 535 "-" "Mozilla/5.0 (Windows; U; Windows NT 6.1; en-US; rv:1.9.2.12) Gecko/20101026 Firefox/3.6.12"
24.85.33.150 - - [01/Dec/2010:17:34:48 -0800] "GET /favicon.ico HTTP/1.1" 404 317 "-" "Mozilla/5.0 (Windows; U; Windows NT 6.1; en-US; rv:1.9.2.12) Gecko/20101026 Firefox/3.6.12"
24.85.33.150 - - [01/Dec/2010:17:34:48 -0800] "GET /favicon.ico HTTP/1.1" 404 317 "-" "Mozilla/5.0 (Windows; U; Windows NT 6.1; en-US; rv:1.9.2.12) Gecko/20101026 Firefox/3.6.12"
24.85.33.150 - - [01/Dec/2010:17:34:51 -0800] "GET /favicon.ico HTTP/1.1" 404 317 "-" "Mozilla/5.0 (Windows; U; Windows NT 6.1; en-US; rv:1.9.2.12) Gecko/20101026 Firefox/3.6.12"
24.85.33.150 - - [01/Dec/2010:17:34:53 -0800] "GET / HTTP/1.1" 302 328 "-" "Mozilla/5.0 (Windows; U; Windows NT 6.1; en-US; rv:1.9.2.12) Gecko/20101026 Firefox/3.6.12"
24.85.33.150 - - [01/Dec/2010:17:34:53 -0800] "GET /phpbb/ HTTP/1.1" 200 535 "-" "Mozilla/5.0 (Windows; U; Windows NT 6.1; en-US; rv:1.9.2.12) Gecko/20101026 Firefox/3.6.12"
24.85.33.150 - - [01/Dec/2010:17:35:01 -0800] "GET /phpbb/ HTTP/1.1" 200 535 "-" "Mozilla/5.0 (Windows; U; Windows NT 6.1; en-US; rv:1.9.2.12) Gecko/20101026 Firefox/3.6.12"
24.85.33.150 - - [01/Dec/2010:17:35:01 -0800] "GET /favicon.ico HTTP/1.1" 404 311 "-" "Mozilla/5.0 (Windows; U; Windows NT 6.1; en-US; rv:1.9.2.12) Gecko/20101026 Firefox/3.6.12"
24.85.33.150 - - [01/Dec/2010:17:35:01 -0800] "GET /favicon.ico HTTP/1.1" 404 311 "-" "Mozilla/5.0 (Windows; U; Windows NT 6.1; en-US; rv:1.9.2.12) Gecko/20101026 Firefox/3.6.12"
24.85.33.150 - - [01/Dec/2010:17:35:04 -0800] "GET /favicon.ico HTTP/1.1" 404 311 "-" "Mozilla/5.0 (Windows; U; Windows NT 6.1; en-US; rv:1.9.2.12) Gecko/20101026 Firefox/3.6.12"
24.85.33.150 - - [01/Dec/2010:17:35:18 -0800] "GET / HTTP/1.1" 302 316 "-" "Mozilla/5.0 (Windows; U; Windows NT 6.1; en-US; rv:1.9.2.12) Gecko/20101026 Firefox/3.6.12"
24.85.33.150 - - [01/Dec/2010:17:35:18 -0800] "GET /phpbb/ HTTP/1.1" 200 535 "-" "Mozilla/5.0 (Windows; U; Windows NT 6.1; en-US; rv:1.9.2.12) Gecko/20101026 Firefox/3.6.12"
24.85.33.150 - - [01/Dec/2010:17:35:23 -0800] "GET / HTTP/1.1" 302 328 "-" "Mozilla/5.0 (Windows; U; Windows NT 6.1; en-US; rv:1.9.2.12) Gecko/20101026 Firefox/3.6.12"
24.85.33.150 - - [01/Dec/2010:17:35:23 -0800] "GET /phpbb/ HTTP/1.1" 200 535 "-" "Mozilla/5.0 (Windows; U; Windows NT 6.1; en-US; rv:1.9.2.12) Gecko/20101026 Firefox/3.6.12"
24.85.33.150 - - [01/Dec/2010:17:35:30 -0800] "GET /viewforum.php HTTP/1.1" 404 319 "-" "Mozilla/5.0 (Windows; U; Windows NT 6.1; en-US; rv:1.9.2.12) Gecko/20101026 Firefox/3.6.12"
24.85.33.150 - - [01/Dec/2010:17:35:36 -0800] "GET /phpbb/viewdasf.php HTTP/1.1" 404 324 "-" "Mozilla/5.0 (Windows; U; Windows NT 6.1; en-US; rv:1.9.2.12) Gecko/20101026 Firefox/3.6.12"
24.85.33.150 - - [01/Dec/2010:17:35:40 -0800] "GET /phpbb/viewforum.php HTTP/1.1" 200 112 "-" "Mozilla/5.0 (Windows; U; Windows NT 6.1; en-US; rv:1.9.2.12) Gecko/20101026 Firefox/3.6.12"
24.85.33.150 - - [01/Dec/2010:17:35:46 -0800] "GET /phpbb/viewforum.php HTTP/1.1" 200 112 "-" "Mozilla/5.0 (Windows; U; Windows NT 6.1; en-US; rv:1.9.2.12) Gecko/20101026 Firefox/3.6.12"
24.85.33.150 - - [01/Dec/2010:17:35:48 -0800] "GET /phpbb/viewforum.php HTTP/1.1" 200 112 "-" "Mozilla/5.0 (Windows; U; Windows NT 6.1; en-US; rv:1.9.2.12) Gecko/20101026 Firefox/3.6.12"
24.85.33.150 - - [01/Dec/2010:17:35:52 -0800] "GET /phpbb/viewdasf.php HTTP/1.1" 404 324 "-" "Mozilla/5.0 (Windows; U; Windows NT 6.1; en-US; rv:1.9.2.12) Gecko/20101026 Firefox/3.6.12"
24.85.33.150 - - [01/Dec/2010:17:35:57 -0800] "GET /phpbb/posting.php HTTP/1.1" 200 536 "-" "Mozilla/5.0 (Windows; U; Windows NT 6.1; en-US; rv:1.9.2.12) Gecko/20101026 Firefox/3.6.12"
24.85.33.150 - - [01/Dec/2010:17:36:01 -0800] "GET /phpbb/viewforum.php HTTP/1.1" 200 112 "-" "Mozilla/5.0 (Windows; U; Windows NT 6.1; en-US; rv:1.9.2.12) Gecko/20101026 Firefox/3.6.12"
24.85.33.150 - - [01/Dec/2010:17:46:15 -0800] "GET /login.php HTTP/1.1" 404 315 "-" "Mozilla/5.0 (Windows; U; Windows NT 6.1; en-US; rv:1.9.2.12) Gecko/20101026 Firefox/3.6.12"
195.162.68.185 - - [01/Dec/2010:19:33:44 -0800] "GET /index.php HTTP/1.0" 404 313 "http://www.virtual-void.org/index.php" "Mozilla/4.0 (compatible; MSIE 6.0; Windows NT 5.1; ru) Opera 8.01"
195.162.68.185 - - [01/Dec/2010:19:33:45 -0800] "GET / HTTP/1.0" 302 328 "http://forum.virtual-void.org/" "Mozilla/4.0 (compatible; MSIE 6.0; Windows NT 5.1; ru) Opera 8.01"
195.162.68.185 - - [01/Dec/2010:19:33:46 -0800] "GET /phpbb/ HTTP/1.0" 200 535 "http://forum.virtual-void.org/phpbb/" "Mozilla/4.0 (compatible; MSIE 6.0; Windows NT 5.1; ru) Opera 8.01"
66.249.67.163 - - [01/Dec/2010:20:13:47 -0800] "GET /phpbb/profile.php?mode=viewprofile&u=2&sid=e28d8cf0989d6deaf616ddde08ad50be HTTP/1.1" 200 474 "-" "Mozilla/5.0 (compatible; Googlebot/2.1; +http://www.google.com/bot.html)"
46.109.31.23 - - [01/Dec/2010:20:25:23 -0800] "GET /index.php HTTP/1.0" 404 313 "http://www.virtual-void.org/index.php" "Mozilla/4.0 (compatible; MSIE 6.0; Windows NT 5.1)"
46.109.31.23 - - [01/Dec/2010:20:25:29 -0800] "GET / HTTP/1.0" 302 328 "http://forum.virtual-void.org/" "Mozilla/4.0 (compatible; MSIE 6.0; Windows NT 5.1)"
46.109.31.23 - - [01/Dec/2010:20:25:30 -0800] "GET /phpbb/ HTTP/1.0" 200 535 "http://forum.virtual-void.org/phpbb/" "Mozilla/4.0 (compatible; MSIE 6.0; Windows NT 5.1)"
66.249.67.163 - - [01/Dec/2010:20:37:09 -0800] "GET /phpbb/profile.php?mode=viewprofile&u=14&sid=e28d8cf0989d6deaf616ddde08ad50be HTTP/1.1" 200 474 "-" "Mozilla/5.0 (compatible; Googlebot/2.1; +http://www.google.com/bot.html)"
66.249.67.163 - - [01/Dec/2010:22:33:11 -0800] "GET /phpbb/memberlist.php?sid=e28d8cf0989d6deaf616ddde08ad50be HTTP/1.1" 200 474 "-" "Mozilla/5.0 (compatible; Googlebot/2.1; +http://www.google.com/bot.html)"
95.68.91.34 - - [01/Dec/2010:22:39:09 -0800] "GET /index.php HTTP/1.0" 404 313 "http://www.virtual-void.org/index.php" "Mozilla/4.0 (compatible; MSIE 5.5; Windows 98)"
95.68.91.34 - - [01/Dec/2010:22:39:11 -0800] "GET / HTTP/1.0" 302 328 "http://forum.virtual-void.org/" "Mozilla/4.0 (compatible; MSIE 5.5; Windows 98)"
95.68.91.34 - - [01/Dec/2010:22:39:11 -0800] "GET /phpbb/ HTTP/1.0" 200 535 "http://forum.virtual-void.org/phpbb/" "Mozilla/4.0 (compatible; MSIE 5.5; Windows 98)"
46.109.31.23 - - [01/Dec/2010:23:52:18 -0800] "GET /index.php HTTP/1.0" 404 313 "http://www.virtual-void.org/index.php" "Mozilla/4.0 (compatible; MSIE 5.0; Windows 3.1)"
46.109.31.23 - - [01/Dec/2010:23:52:23 -0800] "GET / HTTP/1.0" 302 328 "http://forum.virtual-void.org/" "Mozilla/4.0 (compatible; MSIE 5.0; Windows 3.1)"
46.109.31.23 - - [01/Dec/2010:23:52:24 -0800] "GET /phpbb/ HTTP/1.0" 200 535 "http://forum.virtual-void.org/phpbb/" "Mozilla/4.0 (compatible; MSIE 5.0; Windows 3.1)"
96.53.91.26 - - [02/Dec/2010:08:02:19 -0800] "GET / HTTP/1.1" 302 324 "-" "Mozilla/5.0 (Macintosh; U; Intel Mac OS X 10_6_5; en-ca) AppleWebKit/534.13+ (KHTML, like Gecko) Version/5.0.3 Safari/533.19.4"
96.53.91.26 - - [02/Dec/2010:08:02:19 -0800] "GET /phpbb/ HTTP/1.1" 200 535 "-" "Mozilla/5.0 (Macintosh; U; Intel Mac OS X 10_6_5; en-ca) AppleWebKit/534.13+ (KHTML, like Gecko) Version/5.0.3 Safari/533.19.4"
96.53.91.26 - - [02/Dec/2010:08:12:11 -0800] "GET / HTTP/1.1" 302 324 "-" "Mozilla/5.0 (Macintosh; U; Intel Mac OS X 10_6_5; en-ca) AppleWebKit/534.13+ (KHTML, like Gecko) Version/5.0.3 Safari/533.19.4"
96.53.91.26 - - [02/Dec/2010:08:12:11 -0800] "GET /phpbb/ HTTP/1.1" 200 535 "-" "Mozilla/5.0 (Macintosh; U; Intel Mac OS X 10_6_5; en-ca) AppleWebKit/534.13+ (KHTML, like Gecko) Version/5.0.3 Safari/533.19.4"
96.53.91.26 - - [02/Dec/2010:08:12:35 -0800] "GET /phpbb/ HTTP/1.1" 200 535 "-" "Mozilla/5.0 (Macintosh; U; Intel Mac OS X 10_6_5; en-ca) AppleWebKit/534.13+ (KHTML, like Gecko) Version/5.0.3 Safari/533.19.4"
96.53.91.26 - - [02/Dec/2010:08:12:35 -0800] "GET /favicon.ico HTTP/1.1" 404 315 "http://www.virtual-void.org/phpbb/" "Mozilla/5.0 (Macintosh; U; Intel Mac OS X 10_6_5; en-ca) AppleWebKit/534.13+ (KHTML, like Gecko) Version/5.0.3 Safari/533.19.4"
96.53.91.26 - - [02/Dec/2010:08:12:37 -0800] "GET /phpbb/ HTTP/1.1" 200 535 "-" "Mozilla/5.0 (Macintosh; U; Intel Mac OS X 10_6_5; en-ca) AppleWebKit/534.13+ (KHTML, like Gecko) Version/5.0.3 Safari/533.19.4"
96.53.91.26 - - [02/Dec/2010:08:12:37 -0800] "GET /favicon.ico HTTP/1.1" 404 315 "http://www.virtual-void.org/phpbb/" "Mozilla/5.0 (Macintosh; U; Intel Mac OS X 10_6_5; en-ca) AppleWebKit/534.13+ (KHTML, like Gecko) Version/5.0.3 Safari/533.19.4"
66.249.67.163 - - [02/Dec/2010:15:16:31 -0800] "GET /robots.txt HTTP/1.1" 404 310 "-" "Mozilla/5.0 (compatible; Googlebot/2.1; +http://www.google.com/bot.html)"
66.249.67.163 - - [02/Dec/2010:15:16:31 -0800] "GET /phpbb/profile.php?mode=viewprofile&u=11&sid=e28d8cf0989d6deaf616ddde08ad50be HTTP/1.1" 200 474 "-" "Mozilla/5.0 (compatible; Googlebot/2.1; +http://www.google.com/bot.html)"
66.249.67.163 - - [02/Dec/2010:15:16:31 -0800] "GET /phpbb/profile.php?mode=viewprofile&u=16&sid=e28d8cf0989d6deaf616ddde08ad50be HTTP/1.1" 200 474 "-" "Mozilla/5.0 (compatible; Googlebot/2.1; +http://www.google.com/bot.html)"
66.249.67.163 - - [02/Dec/2010:15:45:28 -0800] "GET /phpbb/search.php?search_author=Owlface&sid=e28d8cf0989d6deaf616ddde08ad50be HTTP/1.1" 200 474 "-" "Mozilla/5.0 (compatible; Googlebot/2.1; +http://www.google.com/bot.html)"
66.249.67.163 - - [02/Dec/2010:15:45:29 -0800] "GET /phpbb/search.php?search_author=Lucitina&sid=e28d8cf0989d6deaf616ddde08ad50be HTTP/1.1" 200 474 "-" "Mozilla/5.0 (compatible; Googlebot/2.1; +http://www.google.com/bot.html)"
66.249.67.163 - - [02/Dec/2010:15:45:29 -0800] "GET /phpbb/viewtopic.php?p=20&sid=e28d8cf0989d6deaf616ddde08ad50be HTTP/1.1" 200 474 "-" "Mozilla/5.0 (compatible; Googlebot/2.1; +http://www.google.com/bot.html)"
66.249.67.163 - - [02/Dec/2010:16:08:11 -0800] "GET /phpbb/profile.php?mode=viewprofile&u=4&sid=e28d8cf0989d6deaf616ddde08ad50be HTTP/1.1" 200 474 "-" "Mozilla/5.0 (compatible; Googlebot/2.1; +http://www.google.com/bot.html)"
66.249.67.163 - - [02/Dec/2010:16:51:47 -0800] "GET /phpbb/profile.php?mode=viewprofile&u=23&sid=e28d8cf0989d6deaf616ddde08ad50be HTTP/1.1" 200 474 "-" "Mozilla/5.0 (compatible; Googlebot/2.1; +http://www.google.com/bot.html)"
66.249.67.163 - - [02/Dec/2010:17:15:51 -0800] "GET /phpbb/profile.php?mode=viewprofile&u=19&sid=e28d8cf0989d6deaf616ddde08ad50be HTTP/1.1" 200 474 "-" "Mozilla/5.0 (compatible; Googlebot/2.1; +http://www.google.com/bot.html)"
66.249.67.163 - - [02/Dec/2010:17:38:02 -0800] "GET /phpbb/viewtopic.php?p=5&sid=e28d8cf0989d6deaf616ddde08ad50be HTTP/1.1" 200 112 "-" "Mozilla/5.0 (compatible; Googlebot/2.1; +http://www.google.com/bot.html)"
195.162.68.185 - - [02/Dec/2010:17:45:35 -0800] "GET /index.php HTTP/1.0" 404 313 "http://www.virtual-void.org/index.php" "Mozilla/4.0 (compatible; MSIE 5.5; Windows NT 5.0)"
195.162.68.185 - - [02/Dec/2010:17:45:36 -0800] "GET / HTTP/1.0" 302 328 "http://forum.virtual-void.org/" "Mozilla/4.0 (compatible; MSIE 5.5; Windows NT 5.0)"
195.162.68.185 - - [02/Dec/2010:17:45:36 -0800] "GET /phpbb/ HTTP/1.0" 200 535 "http://forum.virtual-void.org/phpbb/" "Mozilla/4.0 (compatible; MSIE 5.5; Windows NT 5.0)"
66.249.67.163 - - [02/Dec/2010:18:23:36 -0800] "GET /phpbb/profile.php?mode=viewprofile&u=12&sid=e28d8cf0989d6deaf616ddde08ad50be HTTP/1.1" 200 474 "-" "Mozilla/5.0 (compatible; Googlebot/2.1; +http://www.google.com/bot.html)"
66.249.67.163 - - [02/Dec/2010:18:34:35 -0800] "GET /phpbb/profile.php?mode=viewprofile&u=5&sid=e28d8cf0989d6deaf616ddde08ad50be HTTP/1.1" 200 474 "-" "Mozilla/5.0 (compatible; Googlebot/2.1; +http://www.google.com/bot.html)"
66.249.67.163 - - [02/Dec/2010:19:30:56 -0800] "GET /phpbb/profile.php?mode=viewprofile&u=9&sid=e28d8cf0989d6deaf616ddde08ad50be HTTP/1.1" 200 474 "-" "Mozilla/5.0 (compatible; Googlebot/2.1; +http://www.google.com/bot.html)"
59.54.29.180 - - [02/Dec/2010:20:26:42 -0800] "GET /phpbb/ HTTP/1.1" 200 535 "-" "Mozilla/4.0 (compatible; MSIE 6.0; Windows NT 5.1; SV1;)"
66.249.67.163 - - [02/Dec/2010:20:27:32 -0800] "GET /phpbb/search.php?search_author=Mrbrownpants&sid=e28d8cf0989d6deaf616ddde08ad50be HTTP/1.1" 200 474 "-" "Mozilla/5.0 (compatible; Googlebot/2.1; +http://www.google.com/bot.html)"
46.109.24.98 - - [02/Dec/2010:20:37:11 -0800] "GET /index.php HTTP/1.0" 404 313 "http://www.virtual-void.org/index.php" "Mozilla/1.22 (compatible; MSIE 2.0d; Windows NT)"
46.109.24.98 - - [02/Dec/2010:20:37:16 -0800] "GET / HTTP/1.0" 302 328 "http://forum.virtual-void.org/" "Mozilla/1.22 (compatible; MSIE 2.0d; Windows NT)"
46.109.24.98 - - [02/Dec/2010:20:37:17 -0800] "GET /phpbb/ HTTP/1.0" 200 535 "http://forum.virtual-void.org/phpbb/" "Mozilla/1.22 (compatible; MSIE 2.0d; Windows NT)"
95.68.91.34 - - [02/Dec/2010:21:11:47 -0800] "GET /index.php HTTP/1.0" 404 313 "http://www.virtual-void.org/index.php" "Mozilla/1.22 (compatible; MSIE 2.0; Windows 95)"
95.68.91.34 - - [02/Dec/2010:21:11:49 -0800] "GET / HTTP/1.0" 302 328 "http://forum.virtual-void.org/" "Mozilla/1.22 (compatible; MSIE 2.0; Windows 95)"
95.68.91.34 - - [02/Dec/2010:21:11:50 -0800] "GET /phpbb/ HTTP/1.0" 200 535 "http://forum.virtual-void.org/phpbb/" "Mozilla/1.22 (compatible; MSIE 2.0; Windows 95)"
66.249.67.163 - - [02/Dec/2010:21:23:59 -0800] "GET /phpbb/profile.php?mode=viewprofile&u=7&sid=e28d8cf0989d6deaf616ddde08ad50be HTTP/1.1" 200 474 "-" "Mozilla/5.0 (compatible; Googlebot/2.1; +http://www.google.com/bot.html)"
67.195.115.224 - - [02/Dec/2010:21:36:23 -0800] "GET /robots.txt HTTP/1.0" 404 314 "-" "Mozilla/5.0 (compatible; Yahoo! Slurp; http://help.yahoo.com/help/us/ysearch/slurp)"
67.195.115.224 - - [02/Dec/2010:21:36:23 -0800] "GET / HTTP/1.0" 302 324 "-" "Mozilla/5.0 (compatible; Yahoo! Slurp; http://help.yahoo.com/help/us/ysearch/slurp)"
67.195.115.224 - - [02/Dec/2010:21:36:23 -0800] "GET /phpbb/ HTTP/1.0" 200 535 "-" "Mozilla/5.0 (compatible; Yahoo! Slurp; http://help.yahoo.com/help/us/ysearch/slurp)"
66.249.67.163 - - [02/Dec/2010:21:41:42 -0800] "GET /phpbb/viewforum.php?f=3&sid=e28d8cf0989d6deaf616ddde08ad50be HTTP/1.1" 200 474 "-" "Mozilla/5.0 (compatible; Googlebot/2.1; +http://www.google.com/bot.html)"
66.249.67.163 - - [02/Dec/2010:22:20:27 -0800] "GET /phpbb/search.php?search_author=Linkmeters&sid=e28d8cf0989d6deaf616ddde08ad50be HTTP/1.1" 200 474 "-" "Mozilla/5.0 (compatible; Googlebot/2.1; +http://www.google.com/bot.html)"
66.249.67.163 - - [02/Dec/2010:23:16:54 -0800] "GET /phpbb/faq.php?sid=e28d8cf0989d6deaf616ddde08ad50be HTTP/1.1" 200 474 "-" "Mozilla/5.0 (compatible; Googlebot/2.1; +http://www.google.com/bot.html)"
66.249.67.163 - - [03/Dec/2010:00:13:19 -0800] "GET /phpbb/search.php?search_author=Agent&sid=e28d8cf0989d6deaf616ddde08ad50be HTTP/1.1" 200 474 "-" "Mozilla/5.0 (compatible; Googlebot/2.1; +http://www.google.com/bot.html)"
46.109.24.98 - - [03/Dec/2010:00:13:40 -0800] "GET /index.php HTTP/1.0" 404 313 "http://www.virtual-void.org/index.php" "Mozilla/4.0 (compatible; MSIE 6.0; Windows NT 5.1; SV1; .NET CLR 1.1.4322; .NET CLR 2.0.50727)"
46.109.24.98 - - [03/Dec/2010:00:13:46 -0800] "GET / HTTP/1.0" 302 328 "http://forum.virtual-void.org/" "Mozilla/4.0 (compatible; MSIE 6.0; Windows NT 5.1; SV1; .NET CLR 1.1.4322; .NET CLR 2.0.50727)"
46.109.24.98 - - [03/Dec/2010:00:13:46 -0800] "GET /phpbb/ HTTP/1.0" 200 535 "http://forum.virtual-void.org/phpbb/" "Mozilla/4.0 (compatible; MSIE 6.0; Windows NT 5.1; SV1; .NET CLR 1.1.4322; .NET CLR 2.0.50727)"
59.58.157.157 - - [03/Dec/2010:00:56:33 -0800] "GET /phpbb/ HTTP/1.1" 200 535 "-" "Mozilla/4.0 (compatible; MSIE 6.0; Windows NT 5.1; SV1;)"
66.249.67.163 - - [03/Dec/2010:01:09:45 -0800] "GET /phpbb/search.php?search_author=Elffy&sid=e28d8cf0989d6deaf616ddde08ad50be HTTP/1.1" 200 474 "-" "Mozilla/5.0 (compatible; Googlebot/2.1; +http://www.google.com/bot.html)"
66.249.67.163 - - [03/Dec/2010:02:06:14 -0800] "GET /phpbb/search.php?search_author=Zurpine&sid=e28d8cf0989d6deaf616ddde08ad50be HTTP/1.1" 200 474 "-" "Mozilla/5.0 (compatible; Googlebot/2.1; +http://www.google.com/bot.html)"
95.68.91.34 - - [03/Dec/2010:02:24:28 -0800] "GET /phpbb/index.php HTTP/1.0" 200 535 "http://www.virtual-void.org/phpbb/index.php" "Mozilla/4.0 (compatible; MSIE 6.0; Windows NT 5.1; SV1; InfoPath.1)"
95.68.91.34 - - [03/Dec/2010:02:24:29 -0800] "GET / HTTP/1.0" 302 324 "http://www.virtual-void.org/" "Mozilla/4.0 (compatible; MSIE 6.0; Windows NT 5.1; SV1; InfoPath.1)"
95.68.91.34 - - [03/Dec/2010:02:24:29 -0800] "GET /phpbb/ HTTP/1.0" 200 535 "http://www.virtual-void.org/phpbb/" "Mozilla/4.0 (compatible; MSIE 6.0; Windows NT 5.1; SV1; InfoPath.1)"
95.68.91.34 - - [03/Dec/2010:02:24:32 -0800] "GET /phpbb/ HTTP/1.0" 200 535 "http://forum.virtual-void.org/" "Mozilla/4.0 (compatible; MSIE 6.0; Windows NT 5.1; SV1; InfoPath.1)"
66.249.67.163 - - [03/Dec/2010:03:02:34 -0800] "GET /phpbb/search.php?search_id=unanswered&sid=e28d8cf0989d6deaf616ddde08ad50be HTTP/1.1" 200 474 "-" "Mozilla/5.0 (compatible; Googlebot/2.1; +http://www.google.com/bot.html)"
66.249.67.163 - - [03/Dec/2010:03:27:43 -0800] "GET /robots.txt HTTP/1.1" 404 310 "-" "Mozilla/5.0 (compatible; Googlebot/2.1; +http://www.google.com/bot.html)"
66.249.67.163 - - [03/Dec/2010:03:27:43 -0800] "GET /phpbb/viewforum.php?f=1&sid=e28d8cf0989d6deaf616ddde08ad50be HTTP/1.1" 200 474 "-" "Mozilla/5.0 (compatible; Googlebot/2.1; +http://www.google.com/bot.html)"
46.109.24.98 - - [03/Dec/2010:03:49:23 -0800] "GET /index.php HTTP/1.0" 404 313 "http://www.virtual-void.org/index.php" "Mozilla/4.0 (compatible; MSIE 6.0; Windows NT 5.1; SV1; .NET CLR 1.1.4322; .NET CLR 2.0.50727)"
46.109.24.98 - - [03/Dec/2010:03:49:28 -0800] "GET / HTTP/1.0" 302 328 "http://forum.virtual-void.org/" "Mozilla/4.0 (compatible; MSIE 6.0; Windows NT 5.1; SV1; .NET CLR 1.1.4322; .NET CLR 2.0.50727)"
46.109.24.98 - - [03/Dec/2010:03:49:29 -0800] "GET /phpbb/ HTTP/1.0" 200 535 "http://forum.virtual-void.org/phpbb/" "Mozilla/4.0 (compatible; MSIE 6.0; Windows NT 5.1; SV1; .NET CLR 1.1.4322; .NET CLR 2.0.50727)"
66.249.67.163 - - [03/Dec/2010:03:59:07 -0800] "GET /phpbb/search.php?search_author=Brimstone&sid=e28d8cf0989d6deaf616ddde08ad50be HTTP/1.1" 200 474 "-" "Mozilla/5.0 (compatible; Googlebot/2.1; +http://www.google.com/bot.html)"
66.249.67.163 - - [03/Dec/2010:04:55:43 -0800] "GET /phpbb/viewtopic.php?t=2&view=previous&sid=e28d8cf0989d6deaf616ddde08ad50be HTTP/1.1" 200 112 "-" "Mozilla/5.0 (compatible; Googlebot/2.1; +http://www.google.com/bot.html)"
66.249.67.163 - - [03/Dec/2010:05:52:10 -0800] "GET /phpbb/search.php?sid=e28d8cf0989d6deaf616ddde08ad50be HTTP/1.1" 200 474 "-" "Mozilla/5.0 (compatible; Googlebot/2.1; +http://www.google.com/bot.html)"
66.249.67.163 - - [03/Dec/2010:06:48:23 -0800] "GET /phpbb/profile.php?mode=viewprofile&u=6&sid=e28d8cf0989d6deaf616ddde08ad50be HTTP/1.1" 200 474 "-" "Mozilla/5.0 (compatible; Googlebot/2.1; +http://www.google.com/bot.html)"
95.211.0.70 - - [03/Dec/2010:07:10:12 -0800] "GET /phpbb/index.php HTTP/1.0" 200 535 "http://virtual-void.org/phpbb/index.php" "Mozilla/4.0 (compatible; MSIE 6.0; Windows NT) ::ELNSB50::000061100320025802a00111000000000507000900000000"
95.211.0.70 - - [03/Dec/2010:07:10:12 -0800] "GET / HTTP/1.0" 302 316 "http://virtual-void.org/" "Mozilla/4.0 (compatible; MSIE 6.0; Windows NT) ::ELNSB50::000061100320025802a00111000000000507000900000000"
